# MMS Adapter Fine-tuning Run Log
run_start=2026-02-21T00:46:03.993652
run_end=2026-02-21T01:55:48.048099
model=facebook/mms-1b-all
language=ukv
split=all
language_name=Kuku
output_dir=/mmfs1/gscratch/scrubbed/vitthal1/low-resource-asr/models/mms/ukv/all
num_train_samples=1505
num_validation_samples=142
num_epochs=10
batch_size=4
gradient_accumulation_steps=4
effective_batch_size=16
learning_rate=0.0005
validation_wer=0.976575
validation_cer=0.922444
test_wer=0.976395
test_cer=0.924357
best_validation_wer=0.976037
