# MMS Adapter Fine-tuning Run Log
run_start=2026-02-19T01:28:00.170631
run_end=2026-02-19T02:00:38.923793
model=facebook/mms-1b-all
language=pne
split=all
language_name=Western Penan
output_dir=/mmfs1/gscratch/scrubbed/vitthal1/low-resource-asr/models/mms/pne/all
num_train_samples=1811
num_validation_samples=310
num_epochs=5
batch_size=4
gradient_accumulation_steps=4
effective_batch_size=16
learning_rate=0.001
validation_wer=0.375354
validation_cer=0.132917
test_wer=0.399116
test_cer=0.140654
best_validation_wer=0.360209
