# MMS Adapter Fine-tuning Run Log
run_start=2026-03-06T16:46:38.938227
run_end=2026-03-06T17:13:15.227722
model=facebook/mms-1b-all
language=kcn
split=mid
language_name=Nubi
output_dir=/mmfs1/gscratch/scrubbed/anonymous_user/low-resource-asr/models/mms/kcn/mid
num_train_samples=866
num_validation_samples=152
num_epochs=5
batch_size=2
gradient_accumulation_steps=8
effective_batch_size=16
learning_rate=0.001
validation_wer=0.591191
validation_cer=0.182929
test_wer=0.748357
test_cer=0.321814
use_lm=True
validation_lm_wer=0.570544
validation_lm_cer=0.177814
test_lm_wer=0.743098
test_lm_cer=0.319788
best_validation_wer=0.591191
