# MMS Adapter Fine-tuning Run Log
run_start=2026-02-19T00:05:08.084678
run_end=2026-02-19T00:45:56.953651
model=facebook/mms-1b-all
language=meh
split=all
language_name=Southwestern Tlaxiaco Mixtec
output_dir=/mmfs1/gscratch/scrubbed/anonymous_user/low-resource-asr/models/mms/meh/all
num_train_samples=666
num_validation_samples=93
num_epochs=5
batch_size=4
gradient_accumulation_steps=4
effective_batch_size=16
learning_rate=0.001
validation_wer=0.997938
validation_cer=0.922091
test_wer=0.990060
test_cer=0.939115
best_validation_wer=0.971268
