# MMS Adapter Fine-tuning Run Log
run_start=2026-03-01T13:50:37.922083
run_end=2026-03-01T14:44:17.219315
model=facebook/mms-1b-all
language=tob
split=all
language_name=Toba Qom
output_dir=/mmfs1/gscratch/scrubbed/anonymous_user/low-resource-asr/models/mms/tob/all
num_train_samples=836
num_validation_samples=306
num_epochs=15
batch_size=2
gradient_accumulation_steps=8
effective_batch_size=16
learning_rate=0.0001
validation_wer=0.590234
validation_cer=0.172627
test_wer=0.578343
test_cer=0.170664
use_lm=True
validation_lm_wer=0.588764
validation_lm_cer=0.171671
test_lm_wer=0.584495
test_lm_cer=0.169846
best_validation_wer=0.590397
