# MMS Adapter Fine-tuning Run Log
run_start=2026-05-20T23:55:19.179326
run_end=2026-05-21T00:32:07.306027
model=facebook/mms-1b-all
language=bew
split=2h
language_name=Betawi
output_dir=/mmfs1/gscratch/scrubbed/vitthal1/low-resource-asr/models/mms/bew/2h
num_train_samples=313
num_validation_samples=240
num_epochs=15
batch_size=2
gradient_accumulation_steps=8
effective_batch_size=16
learning_rate=0.001
validation_wer=0.536348
validation_cer=0.182183
test_wer=0.528495
test_cer=0.179855
use_lm=False
lm_order=3
lm_beam_width=100
lm_alpha=0.5
lm_beta=1.0
lm_decoder=disabled
validation_lm_wer=nan
validation_lm_cer=nan
test_lm_wer=nan
test_lm_cer=nan
best_validation_wer=0.536957
