# MMS Adapter Fine-tuning Run Log
run_start=2026-05-20T23:51:37.524522
run_end=2026-05-21T00:22:53.193168
model=facebook/mms-1b-all
language=aln
split=curated-3h
language_name=Gheg Albanian
output_dir=/mmfs1/gscratch/scrubbed/vitthal1/low-resource-asr/models/mms/aln/curated-3h
num_train_samples=438
num_validation_samples=150
num_epochs=15
batch_size=2
gradient_accumulation_steps=8
effective_batch_size=16
learning_rate=0.001
validation_wer=0.965017
validation_cer=0.842796
test_wer=1.051287
test_cer=0.830056
use_lm=False
lm_order=3
lm_beam_width=100
lm_alpha=0.5
lm_beta=1.0
lm_decoder=disabled
validation_lm_wer=nan
validation_lm_cer=nan
test_lm_wer=nan
test_lm_cer=nan
best_validation_wer=0.965255
