# MMS Adapter Fine-tuning Run Log
run_start=2026-05-20T22:49:37.579560
run_end=2026-05-20T23:23:24.413558
model=facebook/mms-1b-all
language=sco
split=curated-2h
language_name=Scots
output_dir=/mmfs1/gscratch/scrubbed/vitthal1/low-resource-asr/models/mms/sco/curated-2h
num_train_samples=151
num_validation_samples=37
num_epochs=15
batch_size=2
gradient_accumulation_steps=8
effective_batch_size=16
learning_rate=0.001
validation_wer=0.409098
validation_cer=0.162343
test_wer=0.392396
test_cer=0.148935
use_lm=False
lm_order=3
lm_beam_width=100
lm_alpha=0.5
lm_beta=1.0
lm_decoder=disabled
validation_lm_wer=nan
validation_lm_cer=nan
test_lm_wer=nan
test_lm_cer=nan
best_validation_wer=0.408932
