# MMS Adapter Fine-tuning Run Log
run_start=2026-05-21T00:04:40.712359
run_end=2026-05-21T01:08:39.051908
model=facebook/mms-1b-all
language=bew
split=full
language_name=Betawi
output_dir=/mmfs1/gscratch/scrubbed/vitthal1/low-resource-asr/models/mms/bew/full
num_train_samples=814
num_validation_samples=240
num_epochs=15
batch_size=2
gradient_accumulation_steps=8
effective_batch_size=16
learning_rate=0.001
validation_wer=0.482435
validation_cer=0.167185
test_wer=0.490928
test_cer=0.168250
use_lm=False
lm_order=3
lm_beam_width=100
lm_alpha=0.5
lm_beta=1.0
lm_decoder=disabled
validation_lm_wer=nan
validation_lm_cer=nan
test_lm_wer=nan
test_lm_cer=nan
best_validation_wer=0.481130
