# MMS Adapter Fine-tuning Run Log
run_start=2026-02-20T23:55:33.157740
run_end=2026-02-21T00:44:14.456566
model=facebook/mms-1b-all
language=ukv
split=mid
language_name=Kuku
output_dir=/mmfs1/gscratch/scrubbed/vitthal1/low-resource-asr/models/mms/ukv/mid
num_train_samples=922
num_validation_samples=142
num_epochs=10
batch_size=4
gradient_accumulation_steps=4
effective_batch_size=16
learning_rate=0.0005
validation_wer=0.475498
validation_cer=0.153596
test_wer=0.442918
test_cer=0.135714
best_validation_wer=0.476306
