# MMS Adapter Fine-tuning Run Log
run_start=2026-03-01T09:37:32.462954
run_end=2026-03-01T10:56:31.808946
model=facebook/mms-1b-all
language=cgg
split=all
language_name=Chiga
output_dir=/mmfs1/gscratch/scrubbed/anonymous_user/low-resource-asr/models/mms/cgg/all
num_train_samples=1769
num_validation_samples=308
num_epochs=15
batch_size=2
gradient_accumulation_steps=8
effective_batch_size=16
learning_rate=0.0001
validation_wer=0.483024
validation_cer=0.104871
test_wer=0.525562
test_cer=0.131323
use_lm=True
validation_lm_wer=0.470110
validation_lm_cer=0.102690
test_lm_wer=0.522631
test_lm_cer=0.130452
best_validation_wer=0.482608
