# MMS Adapter Fine-tuning Run Log
run_start=2026-05-20T23:48:23.643466
run_end=2026-05-21T00:03:21.769967
model=facebook/mms-1b-all
language=aln
split=curated-1h
language_name=Gheg Albanian
output_dir=/mmfs1/gscratch/scrubbed/vitthal1/low-resource-asr/models/mms/aln/curated-1h
num_train_samples=161
num_validation_samples=150
num_epochs=15
batch_size=2
gradient_accumulation_steps=8
effective_batch_size=16
learning_rate=0.001
validation_wer=0.543432
validation_cer=0.188449
test_wer=0.719027
test_cer=0.327253
use_lm=False
lm_order=3
lm_beam_width=100
lm_alpha=0.5
lm_beta=1.0
lm_decoder=disabled
validation_lm_wer=nan
validation_lm_cer=nan
test_lm_wer=nan
test_lm_cer=nan
best_validation_wer=0.542837
