# MMS Adapter Fine-tuning Run Log
run_start=2026-03-05T01:35:47.286850
run_end=2026-03-05T03:13:16.544486
model=facebook/mms-1b-all
language=tob
split=all
language_name=Toba Qom
output_dir=/mmfs1/gscratch/scrubbed/vitthal1/low-resource-asr/models/mms/tob/all
num_train_samples=836
num_validation_samples=306
num_epochs=15
batch_size=2
gradient_accumulation_steps=8
effective_batch_size=16
learning_rate=0.001
validation_wer=0.593663
validation_cer=0.191389
test_wer=0.595160
test_cer=0.193516
use_lm=True
validation_lm_wer=0.595786
validation_lm_cer=0.238368
test_lm_wer=0.594750
test_lm_cer=0.412590
best_validation_wer=0.593663
