# MMS Adapter Fine-tuning Run Log
run_start=2026-03-01T11:05:21.537630
run_end=2026-03-01T12:05:40.916326
model=facebook/mms-1b-all
language=lth
split=all
language_name=Thur
output_dir=/mmfs1/gscratch/scrubbed/vitthal1/low-resource-asr/models/mms/lth/all
num_train_samples=1434
num_validation_samples=52
num_epochs=15
batch_size=2
gradient_accumulation_steps=8
effective_batch_size=16
learning_rate=0.0001
validation_wer=0.516035
validation_cer=0.198555
test_wer=0.464067
test_cer=0.173577
use_lm=True
validation_lm_wer=0.517701
validation_lm_cer=0.196624
test_lm_wer=0.454702
test_lm_cer=0.171608
best_validation_wer=0.513120
