# MMS Adapter Fine-tuning Run Log
run_start=2026-03-01T17:48:14.519200
run_end=2026-03-01T19:45:33.488799
model=facebook/mms-1b-all
language=ukv
split=all
language_name=Kuku
output_dir=/mmfs1/gscratch/scrubbed/vitthal1/low-resource-asr/models/mms/ukv/all
num_train_samples=1505
num_validation_samples=142
num_epochs=15
batch_size=2
gradient_accumulation_steps=8
effective_batch_size=16
learning_rate=0.0001
validation_wer=0.664782
validation_cer=0.197519
test_wer=0.602146
test_cer=0.172917
use_lm=True
validation_lm_wer=0.642703
validation_lm_cer=0.191562
test_lm_wer=0.586910
test_lm_cer=0.168523
best_validation_wer=0.638395
