# MMS Adapter Fine-tuning Run Log
run_start=2026-05-21T00:22:34.116749
run_end=2026-05-21T00:56:07.436707
model=facebook/mms-1b-all
language=hch
split=3h
language_name=Wixárika
output_dir=/mmfs1/gscratch/scrubbed/vitthal1/low-resource-asr/models/mms/hch/3h
num_train_samples=523
num_validation_samples=310
num_epochs=15
batch_size=2
gradient_accumulation_steps=8
effective_batch_size=16
learning_rate=0.001
validation_wer=0.765407
validation_cer=0.162568
test_wer=0.763052
test_cer=0.178761
use_lm=False
lm_order=3
lm_beam_width=100
lm_alpha=0.5
lm_beta=1.0
lm_decoder=disabled
validation_lm_wer=nan
validation_lm_cer=nan
test_lm_wer=nan
test_lm_cer=nan
best_validation_wer=0.765407
