# MMS Adapter Fine-tuning Run Log
run_start=2026-05-20T23:29:39.002014
run_end=2026-05-21T00:37:58.830719
model=facebook/mms-1b-all
language=el-CY
split=full
language_name=Cypriot Greek
output_dir=/mmfs1/gscratch/scrubbed/vitthal1/low-resource-asr/models/mms/el-CY/full
num_train_samples=782
num_validation_samples=277
num_epochs=15
batch_size=2
gradient_accumulation_steps=8
effective_batch_size=16
learning_rate=0.001
validation_wer=0.448817
validation_cer=0.149232
test_wer=0.454843
test_cer=0.140778
use_lm=False
lm_order=3
lm_beam_width=100
lm_alpha=0.5
lm_beta=1.0
lm_decoder=disabled
validation_lm_wer=nan
validation_lm_cer=nan
test_lm_wer=nan
test_lm_cer=nan
best_validation_wer=0.448417
