# MMS Adapter Fine-tuning Run Log
run_start=2026-02-18T19:37:09.434287
run_end=2026-02-18T20:17:49.331292
model=facebook/mms-1b-all
language=cgg
split=all
language_name=Chiga
output_dir=/mmfs1/gscratch/scrubbed/anonymous_user/low-resource-asr/models/mms/cgg/all
num_train_samples=1769
num_validation_samples=308
num_epochs=5
batch_size=4
gradient_accumulation_steps=4
effective_batch_size=16
learning_rate=0.001
validation_wer=0.479067
validation_cer=0.103625
test_wer=0.514816
test_cer=0.128631
best_validation_wer=0.473860
