# MMS Adapter Fine-tuning Run Log
run_start=2026-03-02T02:49:17.540283
run_end=2026-03-02T04:07:17.446170
model=facebook/mms-1b-all
language=kcn
split=all
language_name=Nubi
output_dir=/mmfs1/gscratch/scrubbed/anonymous_user/low-resource-asr/models/mms/kcn/all
num_train_samples=1395
num_validation_samples=152
num_epochs=15
batch_size=2
gradient_accumulation_steps=8
effective_batch_size=16
learning_rate=0.001
validation_wer=0.455609
validation_cer=0.154725
test_wer=0.624770
test_cer=0.291873
use_lm=True
validation_lm_wer=0.448497
validation_lm_cer=0.149163
test_lm_wer=0.622140
test_lm_cer=0.287483
best_validation_wer=0.455380
