# MMS Adapter Fine-tuning Run Log
run_start=2026-02-16T14:05:35.802815
run_end=2026-02-16T14:31:01.392277
model=facebook/mms-1b-all
language=koo
split=mid
language_name=Konzo
output_dir=/mmfs1/gscratch/scrubbed/vitthal1/low-resource-asr/models/mms/koo/mid
num_train_samples=1081
num_validation_samples=99
num_epochs=5
batch_size=4
gradient_accumulation_steps=4
effective_batch_size=16
learning_rate=0.001
validation_wer=1.016963
validation_cer=0.780434
test_wer=1.024311
test_cer=0.772752
best_validation_wer=1.007101
