# MMS Adapter Fine-tuning Run Log
run_start=2026-02-16T14:33:48.368855
run_end=2026-02-16T14:51:35.498590
model=facebook/mms-1b-all
language=led
split=mid
language_name=Lendu
output_dir=/mmfs1/gscratch/scrubbed/vitthal1/low-resource-asr/models/mms/led/mid
num_train_samples=934
num_validation_samples=104
num_epochs=5
batch_size=4
gradient_accumulation_steps=4
effective_batch_size=16
learning_rate=0.001
validation_wer=0.420887
validation_cer=0.133518
test_wer=0.432993
test_cer=0.151236
best_validation_wer=0.419837
