# MMS Adapter Fine-tuning Run Log
run_start=2026-02-16T12:31:33.426711
run_end=2026-02-16T12:52:57.108433
model=facebook/mms-1b-all
language=cgg
split=mid
language_name=Chiga
output_dir=/mmfs1/gscratch/scrubbed/vitthal1/low-resource-asr/models/mms/cgg/mid
num_train_samples=1198
num_validation_samples=308
num_epochs=5
batch_size=4
gradient_accumulation_steps=4
effective_batch_size=16
learning_rate=0.001
validation_wer=0.490731
validation_cer=0.106844
test_wer=0.544122
test_cer=0.134529
best_validation_wer=0.471360
