# MMS Adapter Fine-tuning Run Log
run_start=2026-05-21T00:24:01.067332
run_end=2026-05-21T01:13:37.276745
model=facebook/mms-1b-all
language=hch
split=5h
language_name=Wixárika
output_dir=/mmfs1/gscratch/scrubbed/vitthal1/low-resource-asr/models/mms/hch/5h
num_train_samples=743
num_validation_samples=310
num_epochs=15
batch_size=2
gradient_accumulation_steps=8
effective_batch_size=16
learning_rate=0.001
validation_wer=0.674419
validation_cer=0.141682
test_wer=0.675145
test_cer=0.159529
use_lm=False
lm_order=3
lm_beam_width=100
lm_alpha=0.5
lm_beta=1.0
lm_decoder=disabled
validation_lm_wer=nan
validation_lm_cer=nan
test_lm_wer=nan
test_lm_cer=nan
best_validation_wer=0.675581
