# MMS Adapter Fine-tuning Run Log
run_start=2026-05-21T02:06:19.088951
run_end=2026-05-21T03:19:32.169964
model=facebook/mms-1b-all
language=kcn
split=full
language_name=Nubi
output_dir=/mmfs1/gscratch/scrubbed/vitthal1/low-resource-asr/models/mms/kcn/full
num_train_samples=1395
num_validation_samples=152
num_epochs=15
batch_size=2
gradient_accumulation_steps=8
effective_batch_size=16
learning_rate=0.001
validation_wer=0.421198
validation_cer=0.140027
test_wer=0.603734
test_cer=0.281630
use_lm=False
lm_order=3
lm_beam_width=100
lm_alpha=0.5
lm_beta=1.0
lm_decoder=disabled
validation_lm_wer=nan
validation_lm_cer=nan
test_lm_wer=nan
test_lm_cer=nan
best_validation_wer=0.421198
