# MMS Adapter Fine-tuning Run Log
run_start=2026-02-16T12:09:23.393682
run_end=2026-02-16T12:27:26.234414
model=facebook/mms-1b-all
language=bxk
split=mid
language_name=Bukusu
output_dir=/mmfs1/gscratch/scrubbed/anonymous_user/low-resource-asr/models/mms/bxk/mid
num_train_samples=990
num_validation_samples=118
num_epochs=5
batch_size=4
gradient_accumulation_steps=4
effective_batch_size=16
learning_rate=0.001
validation_wer=0.523053
validation_cer=0.132495
test_wer=0.571894
test_cer=0.158786
best_validation_wer=0.508718
