# MMS Adapter Fine-tuning Run Log
run_start=2026-03-05T03:18:59.607372
run_end=2026-03-05T05:11:17.067063
model=facebook/mms-1b-all
language=top
split=all
language_name=Papantla Totonac
output_dir=/mmfs1/gscratch/scrubbed/anonymous_user/low-resource-asr/models/mms/top/all
num_train_samples=189
num_validation_samples=59
num_epochs=15
batch_size=2
gradient_accumulation_steps=8
effective_batch_size=16
learning_rate=0.001
validation_wer=0.630658
validation_cer=0.137280
test_wer=0.638900
test_cer=0.157347
use_lm=True
validation_lm_wer=0.624656
validation_lm_cer=0.133972
test_lm_wer=0.638067
test_lm_cer=0.154831
best_validation_wer=0.631908
