# MMS Adapter Fine-tuning Run Log
run_start=2026-02-21T03:15:58.177768
run_end=2026-02-21T04:28:29.269654
model=facebook/mms-1b-all
language=ukv
split=all
language_name=Kuku
output_dir=/mmfs1/gscratch/scrubbed/vitthal1/low-resource-asr/models/mms/ukv/all
num_train_samples=1505
num_validation_samples=142
num_epochs=10
batch_size=4
gradient_accumulation_steps=4
effective_batch_size=16
learning_rate=0.0001
seed=42
validation_wer=0.950458
validation_cer=0.894335
test_wer=0.950429
test_cer=0.890908
best_validation_wer=0.951535
