# MMS Adapter Fine-tuning Run Log
run_start=2026-02-16T11:30:42.209474
run_end=2026-02-16T11:42:31.724121
model=facebook/mms-1b-all
language=aln
split=mid
language_name=Gheg Albanian
output_dir=/mmfs1/gscratch/scrubbed/vitthal1/low-resource-asr/models/mms/aln/mid
num_train_samples=471
num_validation_samples=150
num_epochs=5
batch_size=4
gradient_accumulation_steps=4
effective_batch_size=16
learning_rate=0.001
validation_wer=0.525357
validation_cer=0.187857
test_wer=0.682422
test_cer=0.309191
best_validation_wer=0.585605
