# MMS Adapter Fine-tuning Run Log
run_start=2026-02-18T23:19:59.782524
run_end=2026-02-18T23:58:40.246488
model=facebook/mms-1b-all
language=lke
split=all
language_name=Kenyi
output_dir=/mmfs1/gscratch/scrubbed/anonymous_user/low-resource-asr/models/mms/lke/all
num_train_samples=1712
num_validation_samples=146
num_epochs=5
batch_size=4
gradient_accumulation_steps=4
effective_batch_size=16
learning_rate=0.001
validation_wer=0.633311
validation_cer=0.187309
test_wer=0.600000
test_cer=0.153198
best_validation_wer=0.611037
