# MMS Adapter Fine-tuning Run Log
run_start=2026-05-20T23:04:07.385025
run_end=2026-05-20T23:17:55.663510
model=facebook/mms-1b-all
language=kcn
split=curated-1h
language_name=Nubi
output_dir=/mmfs1/gscratch/scrubbed/vitthal1/low-resource-asr/models/mms/kcn/curated-1h
num_train_samples=165
num_validation_samples=152
num_epochs=15
batch_size=2
gradient_accumulation_steps=8
effective_batch_size=16
learning_rate=0.001
validation_wer=1.013076
validation_cer=0.776404
test_wer=1.041020
test_cer=0.801699
use_lm=False
lm_order=3
lm_beam_width=100
lm_alpha=0.5
lm_beta=1.0
lm_decoder=disabled
validation_lm_wer=nan
validation_lm_cer=nan
test_lm_wer=nan
test_lm_cer=nan
best_validation_wer=1.013994
