# MMS Adapter Fine-tuning Run Log
run_start=2026-05-20T23:49:49.192161
run_end=2026-05-21T00:14:38.981476
model=facebook/mms-1b-all
language=aln
split=curated-2h
language_name=Gheg Albanian
output_dir=/mmfs1/gscratch/scrubbed/vitthal1/low-resource-asr/models/mms/aln/curated-2h
num_train_samples=308
num_validation_samples=150
num_epochs=15
batch_size=2
gradient_accumulation_steps=8
effective_batch_size=16
learning_rate=0.001
validation_wer=0.990957
validation_cer=0.829141
test_wer=0.986525
test_cer=0.871029
use_lm=False
lm_order=3
lm_beam_width=100
lm_alpha=0.5
lm_beta=1.0
lm_decoder=disabled
validation_lm_wer=nan
validation_lm_cer=nan
test_lm_wer=nan
test_lm_cer=nan
best_validation_wer=0.991076
