# MMS Adapter Fine-tuning Run Log
run_start=2026-05-21T00:06:39.006201
run_end=2026-05-21T00:22:52.378699
model=facebook/mms-1b-all
language=bew
split=curated-1h
language_name=Betawi
output_dir=/mmfs1/gscratch/scrubbed/vitthal1/low-resource-asr/models/mms/bew/curated-1h
num_train_samples=156
num_validation_samples=240
num_epochs=15
batch_size=2
gradient_accumulation_steps=8
effective_batch_size=16
learning_rate=0.001
validation_wer=1.049565
validation_cer=0.697459
test_wer=1.039701
test_cer=0.711787
use_lm=False
lm_order=3
lm_beam_width=100
lm_alpha=0.5
lm_beta=1.0
lm_decoder=disabled
validation_lm_wer=nan
validation_lm_cer=nan
test_lm_wer=nan
test_lm_cer=nan
best_validation_wer=1.048609
