# MMS Adapter Fine-tuning Run Log
run_start=2026-05-21T00:25:42.567366
run_end=2026-05-21T01:27:51.255218
model=facebook/mms-1b-all
language=hch
split=full
language_name=Wixárika
output_dir=/mmfs1/gscratch/scrubbed/vitthal1/low-resource-asr/models/mms/hch/full
num_train_samples=844
num_validation_samples=310
num_epochs=15
batch_size=2
gradient_accumulation_steps=8
effective_batch_size=16
learning_rate=0.001
validation_wer=0.957558
validation_cer=0.913858
test_wer=0.956716
test_cer=0.899158
use_lm=False
lm_order=3
lm_beam_width=100
lm_alpha=0.5
lm_beta=1.0
lm_decoder=disabled
validation_lm_wer=nan
validation_lm_cer=nan
test_lm_wer=nan
test_lm_cer=nan
best_validation_wer=0.957558
