# MMS Adapter Fine-tuning Run Log
run_start=2026-03-01T16:25:06.975130
run_end=2026-03-01T17:39:55.296117
model=facebook/mms-1b-all
language=ttj
split=all
language_name=Rutoro
output_dir=/mmfs1/gscratch/scrubbed/vitthal1/low-resource-asr/models/mms/ttj/all
num_train_samples=1436
num_validation_samples=156
num_epochs=15
batch_size=2
gradient_accumulation_steps=8
effective_batch_size=16
learning_rate=0.0001
validation_wer=0.350652
validation_cer=0.060296
test_wer=0.328670
test_cer=0.057859
use_lm=True
validation_lm_wer=0.347028
validation_lm_cer=0.061246
test_lm_wer=0.321556
test_lm_cer=0.059893
best_validation_wer=0.349686
