# MMS Adapter Fine-tuning Run Log
run_start=2026-02-16T13:17:56.767364
run_end=2026-02-16T13:34:33.137927
model=facebook/mms-1b-all
language=hch
split=mid
language_name=Wixárika
output_dir=/mmfs1/gscratch/scrubbed/anonymous_user/low-resource-asr/models/mms/hch/mid
num_train_samples=523
num_validation_samples=310
num_epochs=5
batch_size=4
gradient_accumulation_steps=4
effective_batch_size=16
learning_rate=0.001
validation_wer=0.995058
validation_cer=0.948226
test_wer=0.998661
test_cer=0.943081
best_validation_wer=1.000000
