# MMS Adapter Fine-tuning Run Log
run_start=2026-05-21T00:34:05.900022
run_end=2026-05-21T01:08:57.963045
model=facebook/mms-1b-all
language=hch
split=curated-2h
language_name=Wixárika
output_dir=/mmfs1/gscratch/scrubbed/vitthal1/low-resource-asr/models/mms/hch/curated-2h
num_train_samples=332
num_validation_samples=310
num_epochs=15
batch_size=2
gradient_accumulation_steps=8
effective_batch_size=16
learning_rate=0.001
validation_wer=0.761919
validation_cer=0.174056
test_wer=0.792950
test_cer=0.195330
use_lm=False
lm_order=3
lm_beam_width=100
lm_alpha=0.5
lm_beta=1.0
lm_decoder=disabled
validation_lm_wer=nan
validation_lm_cer=nan
test_lm_wer=nan
test_lm_cer=nan
best_validation_wer=0.761047
