# MMS Adapter Fine-tuning Run Log
run_start=2026-05-21T00:34:52.410687
run_end=2026-05-21T01:08:17.750834
model=facebook/mms-1b-all
language=hch
split=curated-3h
language_name=Wixárika
output_dir=/mmfs1/gscratch/scrubbed/vitthal1/low-resource-asr/models/mms/hch/curated-3h
num_train_samples=422
num_validation_samples=310
num_epochs=15
batch_size=2
gradient_accumulation_steps=8
effective_batch_size=16
learning_rate=0.001
validation_wer=0.820349
validation_cer=0.186208
test_wer=0.816600
test_cer=0.199566
use_lm=False
lm_order=3
lm_beam_width=100
lm_alpha=0.5
lm_beta=1.0
lm_decoder=disabled
validation_lm_wer=nan
validation_lm_cer=nan
test_lm_wer=nan
test_lm_cer=nan
best_validation_wer=0.820058
