# MMS Adapter Fine-tuning Run Log
run_start=2026-03-04T06:22:24.370873
run_end=2026-03-04T08:02:58.339933
model=facebook/mms-1b-all
language=meh
split=all
language_name=Southwestern Tlaxiaco Mixtec
output_dir=/mmfs1/gscratch/scrubbed/anonymous_user/low-resource-asr/models/mms/meh/all
num_train_samples=666
num_validation_samples=93
num_epochs=15
batch_size=2
gradient_accumulation_steps=8
effective_batch_size=16
learning_rate=0.001
validation_wer=0.364449
validation_cer=0.138320
test_wer=0.422918
test_cer=0.170139
use_lm=True
validation_lm_wer=0.362112
validation_lm_cer=0.137534
test_lm_wer=0.420668
test_lm_cer=0.168685
best_validation_wer=0.364449
