# MMS Adapter Fine-tuning Run Log
run_start=2026-03-14T21:07:07.212437
run_end=2026-03-14T22:22:19.656072
model=facebook/mms-1b-all
language=kcn
split=all
language_name=Nubi
output_dir=/mmfs1/gscratch/scrubbed/anonymous_user/low-resource-asr/models/mms/kcn/all
num_train_samples=1395
num_validation_samples=152
num_epochs=15
batch_size=2
gradient_accumulation_steps=8
effective_batch_size=16
learning_rate=0.001
validation_wer=0.415233
validation_cer=0.139630
test_wer=0.605312
test_cer=0.281348
use_lm=True
validation_lm_wer=0.404451
validation_lm_cer=0.137643
test_lm_wer=0.602945
test_lm_cer=0.280335
best_validation_wer=0.414086
