# MMS Adapter Fine-tuning Run Log
run_start=2026-03-01T10:57:46.534295
run_end=2026-03-01T12:15:21.887077
model=facebook/mms-1b-all
language=led
split=all
language_name=Lendu
output_dir=/mmfs1/gscratch/scrubbed/vitthal1/low-resource-asr/models/mms/led/all
num_train_samples=1491
num_validation_samples=104
num_epochs=15
batch_size=2
gradient_accumulation_steps=8
effective_batch_size=16
learning_rate=0.0001
validation_wer=0.988593
validation_cer=0.889651
test_wer=0.984608
test_cer=0.851657
use_lm=True
validation_lm_wer=1.171646
validation_lm_cer=0.769513
test_lm_wer=1.121968
test_lm_cer=0.731710
best_validation_wer=0.987507
