# MMS Adapter Fine-tuning Run Log
run_start=2026-05-20T23:36:00.100321
run_end=2026-05-20T23:54:16.770563
model=facebook/mms-1b-all
language=aln
split=1h
language_name=Gheg Albanian
output_dir=/mmfs1/gscratch/scrubbed/vitthal1/low-resource-asr/models/mms/aln/1h
num_train_samples=162
num_validation_samples=150
num_epochs=15
batch_size=2
gradient_accumulation_steps=8
effective_batch_size=16
learning_rate=0.001
validation_wer=0.530700
validation_cer=0.184991
test_wer=0.742759
test_cer=0.339621
use_lm=False
lm_order=3
lm_beam_width=100
lm_alpha=0.5
lm_beta=1.0
lm_decoder=disabled
validation_lm_wer=nan
validation_lm_cer=nan
test_lm_wer=nan
test_lm_cer=nan
best_validation_wer=0.530700
