# MMS Adapter Fine-tuning Run Log
run_start=2026-02-16T15:38:56.813762
run_end=2026-02-16T16:03:08.065144
model=facebook/mms-1b-all
language=mmc
split=mid
language_name=Michoacán Mazahua
output_dir=/mmfs1/gscratch/scrubbed/anonymous_user/low-resource-asr/models/mms/mmc/mid
num_train_samples=364
num_validation_samples=172
num_epochs=5
batch_size=4
gradient_accumulation_steps=4
effective_batch_size=16
learning_rate=0.001
validation_wer=1.009892
validation_cer=0.873411
test_wer=0.993982
test_cer=0.852918
best_validation_wer=1.051042
