# MMS Adapter Fine-tuning Run Log
run_start=2026-03-01T10:43:18.139615
run_end=2026-03-01T12:33:56.975991
model=facebook/mms-1b-all
language=kcn
split=all
language_name=Nubi
output_dir=/mmfs1/gscratch/scrubbed/vitthal1/low-resource-asr/models/mms/kcn/all
num_train_samples=1395
num_validation_samples=152
num_epochs=15
batch_size=2
gradient_accumulation_steps=8
effective_batch_size=16
learning_rate=0.0001
validation_wer=1.006194
validation_cer=0.776056
test_wer=1.044176
test_cer=0.803523
use_lm=True
validation_lm_wer=1.405827
validation_lm_cer=0.726550
test_lm_wer=1.435972
test_lm_cer=0.836166
best_validation_wer=1.000000
