# MMS Adapter Fine-tuning Run Log
run_start=2026-03-02T02:56:26.673412
run_end=2026-03-02T04:24:32.548469
model=facebook/mms-1b-all
language=lke
split=all
language_name=Kenyi
output_dir=/mmfs1/gscratch/scrubbed/vitthal1/low-resource-asr/models/mms/lke/all
num_train_samples=1712
num_validation_samples=146
num_epochs=15
batch_size=2
gradient_accumulation_steps=8
effective_batch_size=16
learning_rate=0.001
validation_wer=0.571530
validation_cer=0.173730
test_wer=0.552624
test_cer=0.139491
use_lm=True
validation_lm_wer=0.566192
validation_lm_cer=0.171656
test_lm_wer=0.556028
test_lm_cer=0.138547
best_validation_wer=0.571530
