# MMS Adapter Fine-tuning Run Log
run_start=2026-02-18T21:07:58.850001
run_end=2026-02-18T21:34:33.864521
model=facebook/mms-1b-all
language=hch
split=all
language_name=Wixárika
output_dir=/mmfs1/gscratch/scrubbed/vitthal1/low-resource-asr/models/mms/hch/all
num_train_samples=844
num_validation_samples=310
num_epochs=5
batch_size=4
gradient_accumulation_steps=4
effective_batch_size=16
learning_rate=0.001
validation_wer=0.879651
validation_cer=0.213488
test_wer=0.887104
test_cer=0.232887
best_validation_wer=0.878198
