# MMS Adapter Fine-tuning Run Log
run_start=2026-03-01T09:01:41.832823
run_end=2026-03-01T10:37:44.982593
model=facebook/mms-1b-all
language=bew
split=all
language_name=Betawi
output_dir=/mmfs1/gscratch/scrubbed/vitthal1/low-resource-asr/models/mms/bew/all
num_train_samples=814
num_validation_samples=240
num_epochs=15
batch_size=2
gradient_accumulation_steps=8
effective_batch_size=16
learning_rate=0.0001
validation_wer=0.999913
validation_cer=0.920026
test_wer=0.999573
test_cer=0.922869
use_lm=True
validation_lm_wer=1.109913
validation_lm_cer=0.717296
test_lm_wer=1.066596
test_lm_cer=0.771237
best_validation_wer=0.999913
