# MMS Adapter Fine-tuning Run Log
run_start=2026-03-06T18:36:37.869597
run_end=2026-03-06T19:04:24.672294
model=facebook/mms-1b-all
language=sco
split=mid
language_name=Scots
output_dir=/mmfs1/gscratch/scrubbed/vitthal1/low-resource-asr/models/mms/sco/mid
num_train_samples=242
num_validation_samples=37
num_epochs=5
batch_size=2
gradient_accumulation_steps=8
effective_batch_size=16
learning_rate=0.001
validation_wer=0.997842
validation_cer=0.901816
test_wer=0.999025
test_cer=0.901767
use_lm=True
validation_lm_wer=1.271625
validation_lm_cer=0.748740
test_lm_wer=1.137339
test_lm_cer=0.756175
