# MMS Adapter Fine-tuning Run Log
run_start=2026-02-19T04:03:19.154962
run_end=2026-02-19T04:40:33.544457
model=facebook/mms-1b-all
language=ukv
split=all
language_name=Kuku
output_dir=/mmfs1/gscratch/scrubbed/anonymous_user/low-resource-asr/models/mms/ukv/all
num_train_samples=1505
num_validation_samples=142
num_epochs=5
batch_size=4
gradient_accumulation_steps=4
effective_batch_size=16
learning_rate=0.001
validation_wer=0.992999
validation_cer=0.967125
test_wer=0.989700
test_cer=0.962200
best_validation_wer=0.965267
