# MMS Adapter Fine-tuning Run Log
run_start=2026-05-20T23:03:50.867583
run_end=2026-05-20T23:51:25.821872
model=facebook/mms-1b-all
language=kcn
split=curated-3h
language_name=Nubi
output_dir=/mmfs1/gscratch/scrubbed/vitthal1/low-resource-asr/models/mms/kcn/curated-3h
num_train_samples=586
num_validation_samples=152
num_epochs=15
batch_size=2
gradient_accumulation_steps=8
effective_batch_size=16
learning_rate=0.001
validation_wer=0.504474
validation_cer=0.172799
test_wer=0.682093
test_cer=0.307407
use_lm=False
lm_order=3
lm_beam_width=100
lm_alpha=0.5
lm_beta=1.0
lm_decoder=disabled
validation_lm_wer=nan
validation_lm_cer=nan
test_lm_wer=nan
test_lm_cer=nan
best_validation_wer=0.505621
