# MMS Adapter Fine-tuning Run Log
run_start=2026-03-01T13:52:48.514987
run_end=2026-03-01T15:36:12.671447
model=facebook/mms-1b-all
language=top
split=all
language_name=Papantla Totonac
output_dir=/mmfs1/gscratch/scrubbed/vitthal1/low-resource-asr/models/mms/top/all
num_train_samples=189
num_validation_samples=59
num_epochs=15
batch_size=2
gradient_accumulation_steps=8
effective_batch_size=16
learning_rate=0.0001
validation_wer=1.000000
validation_cer=0.997988
test_wer=1.000000
test_cer=1.001144
use_lm=True
validation_lm_wer=1.008752
validation_lm_cer=0.884032
test_lm_wer=1.139109
test_lm_cer=1.104517
best_validation_wer=1.000000
