# XLS-R 1B Adapter Fine-tuning Run Log
run_start=2026-02-23T08:51:15.949379
run_end=2026-02-23T09:21:59.039547
model=facebook/wav2vec2-xls-r-1b
adapter_attn_dim=256
language=tob
split=all
language_name=Toba Qom
output_dir=/mmfs1/gscratch/scrubbed/anonymous_user/low-resource-asr/models/xlsr/tob/all
num_train_samples=836
num_validation_samples=306
num_epochs=5
batch_size=4
gradient_accumulation_steps=4
effective_batch_size=16
learning_rate=0.001
validation_wer=0.710545
validation_cer=0.215658
test_wer=0.709598
test_cer=0.218886
best_validation_wer=0.708954
