# XLS-R 1B Adapter Fine-tuning Run Log
run_start=2026-03-14T17:33:07.707339
run_end=2026-03-14T17:57:55.473126
model=facebook/wav2vec2-xls-r-1b
adapter_attn_dim=256
language=kcn
split=one
language_name=Nubi
output_dir=/mmfs1/gscratch/scrubbed/vitthal1/low-resource-asr/models/xlsr/kcn/one
num_train_samples=135
num_validation_samples=152
num_epochs=15
batch_size=2
gradient_accumulation_steps=8
effective_batch_size=16
learning_rate=0.001
validation_wer=1.000000
validation_cer=1.000000
test_wer=1.000000
test_cer=1.000000
use_lm=True
validation_lm_wer=1.000229
validation_lm_cer=0.805502
test_lm_wer=1.040231
test_lm_cer=0.756126
best_validation_wer=1.000000
