# XLS-R 1B Adapter Fine-tuning Run Log
run_start=2026-02-23T07:23:42.550220
run_end=2026-02-23T08:04:21.455891
model=facebook/wav2vec2-xls-r-1b
adapter_attn_dim=256
language=ruc
split=all
language_name=Ruuli
output_dir=/mmfs1/gscratch/scrubbed/vitthal1/low-resource-asr/models/xlsr/ruc/all
num_train_samples=1346
num_validation_samples=77
num_epochs=5
batch_size=4
gradient_accumulation_steps=4
effective_batch_size=16
learning_rate=0.001
validation_wer=0.701544
validation_cer=0.195717
test_wer=0.682732
test_cer=0.172163
best_validation_wer=0.703259
