# XLS-R 1B Adapter Fine-tuning Run Log
run_start=2026-02-28T23:51:18.055621
run_end=2026-03-01T01:18:44.946128
model=facebook/wav2vec2-xls-r-1b
adapter_attn_dim=256
language=pne
split=all
language_name=Western Penan
output_dir=/mmfs1/gscratch/scrubbed/anonymous_user/low-resource-asr/models/xlsr/pne/all
num_train_samples=1811
num_validation_samples=310
num_epochs=15
batch_size=2
gradient_accumulation_steps=8
effective_batch_size=16
learning_rate=0.0001
validation_wer=0.775986
validation_cer=0.296384
test_wer=0.791966
test_cer=0.313709
use_lm=True
validation_lm_wer=0.717912
validation_lm_cer=0.261449
test_lm_wer=0.736318
test_lm_cer=0.281205
best_validation_wer=0.775223
