# XLS-R 1B Adapter Fine-tuning Run Log
run_start=2026-03-06T19:06:59.274985
run_end=2026-03-06T19:32:44.480142
model=facebook/wav2vec2-xls-r-1b
adapter_attn_dim=256
language=sco
split=mid
language_name=Scots
output_dir=/mmfs1/gscratch/scrubbed/vitthal1/low-resource-asr/models/xlsr/sco/mid
num_train_samples=242
num_validation_samples=37
num_epochs=5
batch_size=2
gradient_accumulation_steps=8
effective_batch_size=16
learning_rate=0.001
validation_wer=1.000000
validation_cer=1.000000
test_wer=1.000000
test_cer=1.000000
use_lm=True
validation_lm_wer=0.976756
validation_lm_cer=0.859133
test_lm_wer=0.977090
test_lm_cer=0.863403
