# XLS-R 1B Adapter Fine-tuning Run Log
run_start=2026-03-01T17:42:37.771960
run_end=2026-03-01T19:44:42.955078
model=facebook/wav2vec2-xls-r-1b
adapter_attn_dim=256
language=mmc
split=all
language_name=Michoacán Mazahua
output_dir=/mmfs1/gscratch/scrubbed/vitthal1/low-resource-asr/models/xlsr/mmc/all
num_train_samples=473
num_validation_samples=172
num_epochs=15
batch_size=2
gradient_accumulation_steps=8
effective_batch_size=16
learning_rate=0.001
validation_wer=0.622372
validation_cer=0.261380
test_wer=0.715332
test_cer=0.296625
use_lm=True
validation_lm_wer=0.620120
validation_lm_cer=0.472208
test_lm_wer=0.714547
test_lm_cer=0.946420
best_validation_wer=0.621321
