# XLS-R 1B Adapter Fine-tuning Run Log
run_start=2026-03-01T16:10:33.348247
run_end=2026-03-01T18:12:08.748127
model=facebook/wav2vec2-xls-r-1b
adapter_attn_dim=256
language=lke
split=all
language_name=Kenyi
output_dir=/mmfs1/gscratch/scrubbed/vitthal1/low-resource-asr/models/xlsr/lke/all
num_train_samples=1712
num_validation_samples=146
num_epochs=15
batch_size=2
gradient_accumulation_steps=8
effective_batch_size=16
learning_rate=0.001
validation_wer=0.819573
validation_cer=0.283837
test_wer=0.814752
test_cer=0.255457
use_lm=True
validation_lm_wer=0.783274
validation_lm_cer=0.253902
test_lm_wer=0.770213
test_lm_cer=0.228835
best_validation_wer=0.692171
