# XLS-R 1B Adapter Fine-tuning Run Log
run_start=2026-03-01T18:04:04.192012
run_end=2026-03-01T20:29:25.787728
model=facebook/wav2vec2-xls-r-1b
adapter_attn_dim=256
language=pne
split=all
language_name=Western Penan
output_dir=/mmfs1/gscratch/scrubbed/vitthal1/low-resource-asr/models/xlsr/pne/all
num_train_samples=1811
num_validation_samples=310
num_epochs=15
batch_size=2
gradient_accumulation_steps=8
effective_batch_size=16
learning_rate=0.001
validation_wer=0.359882
validation_cer=0.139166
test_wer=0.380136
test_cer=0.150981
use_lm=True
validation_lm_wer=0.341142
validation_lm_cer=0.133163
test_lm_wer=0.365580
test_lm_cer=0.146372
best_validation_wer=0.359773
