# XLS-R 1B Adapter Fine-tuning Run Log
run_start=2026-03-14T17:05:35.878526
run_end=2026-03-14T17:39:33.290901
model=facebook/wav2vec2-xls-r-1b
adapter_attn_dim=256
language=sco
split=one
language_name=Scots
output_dir=/mmfs1/gscratch/scrubbed/anonymous_user/low-resource-asr/models/xlsr/sco/one
num_train_samples=108
num_validation_samples=37
num_epochs=15
batch_size=2
gradient_accumulation_steps=8
effective_batch_size=16
learning_rate=0.001
validation_wer=0.995019
validation_cer=0.987723
test_wer=0.990860
test_cer=0.984418
use_lm=True
validation_lm_wer=0.984227
validation_lm_cer=0.903676
test_lm_wer=0.989032
test_lm_cer=0.903733
best_validation_wer=0.995019
