# XLS-R 1B Adapter Fine-tuning Run Log
run_start=2026-02-28T22:53:32.720290
run_end=2026-02-28T23:58:38.293106
model=facebook/wav2vec2-xls-r-1b
adapter_attn_dim=256
language=meh
split=all
language_name=Southwestern Tlaxiaco Mixtec
output_dir=/mmfs1/gscratch/scrubbed/anonymous_user/low-resource-asr/models/xlsr/meh/all
num_train_samples=666
num_validation_samples=93
num_epochs=15
batch_size=2
gradient_accumulation_steps=8
effective_batch_size=16
learning_rate=0.0001
validation_wer=0.575337
validation_cer=0.199788
test_wer=0.607089
test_cer=0.225008
use_lm=True
validation_lm_wer=0.544405
validation_lm_cer=0.187247
test_lm_wer=0.587772
test_lm_cer=0.212855
best_validation_wer=0.548117
