# XLS-R 1B Adapter Fine-tuning Run Log
run_start=2026-03-06T20:43:40.088264
run_end=2026-03-06T21:16:14.745061
model=facebook/wav2vec2-xls-r-1b
adapter_attn_dim=256
language=kcn
split=all
language_name=Nubi
output_dir=/mmfs1/gscratch/scrubbed/anonymous_user/low-resource-asr/models/xlsr/kcn/all
num_train_samples=1395
num_validation_samples=152
num_epochs=5
batch_size=2
gradient_accumulation_steps=8
effective_batch_size=16
learning_rate=0.001
validation_wer=0.435192
validation_cer=0.148518
test_wer=0.592953
test_cer=0.286526
use_lm=True
validation_lm_wer=0.396421
validation_lm_cer=0.152838
test_lm_wer=0.578754
test_lm_cer=0.303242
best_validation_wer=0.435650
