# XLS-R 1B Adapter Fine-tuning Run Log
run_start=2026-03-25T11:44:11.859701
run_end=2026-03-25T12:53:48.549791
model=facebook/wav2vec2-xls-r-1b
adapter_attn_dim=256
language=sco
split=all
language_name=Scots
output_dir=/mmfs1/gscratch/scrubbed/anonymous_user/low-resource-asr/models/xlsr/sco/all
num_train_samples=423
num_validation_samples=37
num_epochs=15
batch_size=2
gradient_accumulation_steps=8
effective_batch_size=16
learning_rate=0.001
validation_wer=0.974099
validation_cer=0.650455
test_wer=0.978674
test_cer=0.625304
use_lm=True
lm_order=3
lm_beam_width=100
lm_alpha=0.5
lm_beta=1.0
lm_decoder=beam search with unigrams (no ARPA)
validation_lm_wer=0.960153
validation_lm_cer=0.716339
test_lm_wer=0.961613
test_lm_cer=0.566124
best_validation_wer=0.974597
