# XLS-R 1B Adapter Fine-tuning Run Log
run_start=2026-02-23T04:56:55.243452
run_end=2026-02-23T05:36:24.282298
model=facebook/wav2vec2-xls-r-1b
adapter_attn_dim=256
language=lke
split=all
language_name=Kenyi
output_dir=/mmfs1/gscratch/scrubbed/anonymous_user/low-resource-asr/models/xlsr/lke/all
num_train_samples=1712
num_validation_samples=146
num_epochs=5
batch_size=4
gradient_accumulation_steps=4
effective_batch_size=16
learning_rate=0.001
validation_wer=0.783577
validation_cer=0.239918
test_wer=0.754043
test_cer=0.205158
best_validation_wer=0.761303
