# XLS-R 1B Adapter Fine-tuning Run Log
run_start=2026-03-06T17:34:59.148217
run_end=2026-03-06T17:49:45.180815
model=facebook/wav2vec2-xls-r-1b
adapter_attn_dim=256
language=sco
split=one
language_name=Scots
output_dir=/mmfs1/gscratch/scrubbed/vitthal1/low-resource-asr/models/xlsr/sco/one
num_train_samples=108
num_validation_samples=37
num_epochs=5
batch_size=2
gradient_accumulation_steps=8
effective_batch_size=16
learning_rate=0.001
validation_wer=0.983895
validation_cer=0.920384
test_wer=0.989398
test_cer=0.973924
use_lm=True
validation_lm_wer=0.992529
validation_lm_cer=0.799844
test_lm_wer=1.008896
test_lm_cer=0.794981
