# XLS-R 1B Adapter Fine-tuning Run Log
run_start=2026-02-28T23:50:19.473903
run_end=2026-03-01T01:12:08.773290
model=facebook/wav2vec2-xls-r-1b
adapter_attn_dim=256
language=mmc
split=all
language_name=Michoacán Mazahua
output_dir=/mmfs1/gscratch/scrubbed/anonymous_user/low-resource-asr/models/xlsr/mmc/all
num_train_samples=473
num_validation_samples=172
num_epochs=15
batch_size=2
gradient_accumulation_steps=8
effective_batch_size=16
learning_rate=0.0001
validation_wer=1.000000
validation_cer=0.972723
test_wer=1.000000
test_cer=0.968464
use_lm=True
validation_lm_wer=1.058709
validation_lm_cer=0.818390
test_lm_wer=1.223182
test_lm_cer=0.846339
best_validation_wer=1.000000
