# XLS-R 1B Adapter Fine-tuning Run Log
run_start=2026-02-23T02:34:13.063268
run_end=2026-02-23T03:01:01.154108
model=facebook/wav2vec2-xls-r-1b
adapter_attn_dim=256
language=hch
split=all
language_name=Wixárika
output_dir=/mmfs1/gscratch/scrubbed/vitthal1/low-resource-asr/models/xlsr/hch/all
num_train_samples=844
num_validation_samples=310
num_epochs=5
batch_size=4
gradient_accumulation_steps=4
effective_batch_size=16
learning_rate=0.001
validation_wer=0.782558
validation_cer=0.183392
test_wer=0.743864
test_cer=0.185514
best_validation_wer=0.781105
