# XLS-R 1B Adapter Fine-tuning Run Log
run_start=2026-03-01T12:58:16.938379
run_end=2026-03-01T14:34:26.597548
model=facebook/wav2vec2-xls-r-1b
adapter_attn_dim=256
language=bew
split=all
language_name=Betawi
output_dir=/mmfs1/gscratch/scrubbed/vitthal1/low-resource-asr/models/xlsr/bew/all
num_train_samples=814
num_validation_samples=240
num_epochs=15
batch_size=2
gradient_accumulation_steps=8
effective_batch_size=16
learning_rate=0.001
validation_wer=0.771652
validation_cer=0.307806
test_wer=0.777801
test_cer=0.304596
use_lm=True
validation_lm_wer=0.757739
validation_lm_cer=0.297972
test_lm_wer=0.763287
test_lm_cer=0.297444
best_validation_wer=0.771739
