# XLS-R 1B Adapter Fine-tuning Run Log
run_start=2026-03-14T22:24:06.949734
run_end=2026-03-14T23:36:07.884814
model=facebook/wav2vec2-xls-r-1b
adapter_attn_dim=256
language=kcn
split=all
language_name=Nubi
output_dir=/mmfs1/gscratch/scrubbed/vitthal1/low-resource-asr/models/xlsr/kcn/all
num_train_samples=1395
num_validation_samples=152
num_epochs=15
batch_size=2
gradient_accumulation_steps=8
effective_batch_size=16
learning_rate=0.001
validation_wer=0.371645
validation_cer=0.135657
test_wer=0.556929
test_cer=0.283431
use_lm=True
validation_lm_wer=0.366827
validation_lm_cer=0.134267
test_lm_wer=0.541678
test_lm_cer=0.281011
best_validation_wer=0.371415
