# XLS-R 1B Adapter Fine-tuning Run Log
run_start=2026-02-28T23:51:29.421974
run_end=2026-03-01T01:06:32.346548
model=facebook/wav2vec2-xls-r-1b
adapter_attn_dim=256
language=ruc
split=all
language_name=Ruuli
output_dir=/mmfs1/gscratch/scrubbed/vitthal1/low-resource-asr/models/xlsr/ruc/all
num_train_samples=1346
num_validation_samples=77
num_epochs=15
batch_size=2
gradient_accumulation_steps=8
effective_batch_size=16
learning_rate=0.0001
validation_wer=0.974843
validation_cer=0.441346
test_wer=0.969072
test_cer=0.392215
use_lm=True
validation_lm_wer=0.973699
validation_lm_cer=0.401756
test_lm_wer=0.960052
test_lm_cer=0.357558
best_validation_wer=0.974271
