# XLS-R 1B Adapter Fine-tuning Run Log
run_start=2026-02-28T23:57:52.273197
run_end=2026-03-01T01:10:13.242830
model=facebook/wav2vec2-xls-r-1b
adapter_attn_dim=256
language=rwm
split=all
language_name=Amba
output_dir=/mmfs1/gscratch/scrubbed/anonymous_user/low-resource-asr/models/xlsr/rwm/all
num_train_samples=1326
num_validation_samples=140
num_epochs=15
batch_size=2
gradient_accumulation_steps=8
effective_batch_size=16
learning_rate=0.0001
validation_wer=0.946995
validation_cer=0.393263
test_wer=0.934940
test_cer=0.368772
use_lm=True
validation_lm_wer=0.907313
validation_lm_cer=0.353026
test_lm_wer=0.886747
test_lm_cer=0.324632
best_validation_wer=0.946995
