# XLS-R 1B Adapter Fine-tuning Run Log
run_start=2026-03-01T14:36:51.284571
run_end=2026-03-01T16:25:00.478480
model=facebook/wav2vec2-xls-r-1b
adapter_attn_dim=256
language=kcn
split=all
language_name=Nubi
output_dir=/mmfs1/gscratch/scrubbed/vitthal1/low-resource-asr/models/xlsr/kcn/all
num_train_samples=1395
num_validation_samples=152
num_epochs=15
batch_size=2
gradient_accumulation_steps=8
effective_batch_size=16
learning_rate=0.001
validation_wer=0.407203
validation_cer=0.145141
test_wer=0.588220
test_cer=0.284782
use_lm=True
validation_lm_wer=0.391604
validation_lm_cer=0.158498
test_lm_wer=0.570076
test_lm_cer=0.325360
best_validation_wer=0.377610
