# XLS-R 1B Adapter Fine-tuning Run Log
run_start=2026-02-23T01:59:16.289870
run_end=2026-02-23T02:28:35.734168
model=facebook/wav2vec2-xls-r-1b
adapter_attn_dim=256
language=cgg
split=all
language_name=Chiga
output_dir=/mmfs1/gscratch/scrubbed/vitthal1/low-resource-asr/models/xlsr/cgg/all
num_train_samples=1769
num_validation_samples=308
num_epochs=5
batch_size=4
gradient_accumulation_steps=4
effective_batch_size=16
learning_rate=0.001
validation_wer=0.692564
validation_cer=0.170406
test_wer=0.739499
test_cer=0.217644
best_validation_wer=0.616747
