# XLS-R 1B Adapter Fine-tuning Run Log
run_start=2026-02-28T21:25:03.348382
run_end=2026-02-28T22:45:25.698572
model=facebook/wav2vec2-xls-r-1b
adapter_attn_dim=256
language=cgg
split=all
language_name=Chiga
output_dir=/mmfs1/gscratch/scrubbed/vitthal1/low-resource-asr/models/xlsr/cgg/all
num_train_samples=1769
num_validation_samples=308
num_epochs=15
batch_size=2
gradient_accumulation_steps=8
effective_batch_size=16
learning_rate=0.0001
validation_wer=0.730056
validation_cer=0.171236
test_wer=0.785086
test_cer=0.218911
use_lm=True
validation_lm_wer=0.719850
validation_lm_cer=0.165576
test_lm_wer=0.771084
test_lm_cer=0.211430
best_validation_wer=0.712352
