# XLS-R 1B Adapter Fine-tuning Run Log
run_start=2026-02-23T00:47:15.025151
run_end=2026-02-23T01:23:07.547508
model=facebook/wav2vec2-xls-r-1b
adapter_attn_dim=256
language=bew
split=all
language_name=Betawi
output_dir=/mmfs1/gscratch/scrubbed/anonymous_user/low-resource-asr/models/xlsr/bew/all
num_train_samples=814
num_validation_samples=240
num_epochs=5
batch_size=4
gradient_accumulation_steps=4
effective_batch_size=16
learning_rate=0.001
validation_wer=0.825967
validation_cer=0.316369
test_wer=0.842476
test_cer=0.333766
best_validation_wer=0.826986
