# XLS-R 1B Adapter Fine-tuning Run Log
run_start=2026-03-14T18:58:37.352822
run_end=2026-03-14T19:52:13.826034
model=facebook/wav2vec2-xls-r-1b
adapter_attn_dim=256
language=sco
split=mid
language_name=Scots
output_dir=/mmfs1/gscratch/scrubbed/anonymous_user/low-resource-asr/models/xlsr/sco/mid
num_train_samples=242
num_validation_samples=37
num_epochs=15
batch_size=2
gradient_accumulation_steps=8
effective_batch_size=16
learning_rate=0.001
validation_wer=0.495102
validation_cer=0.190314
test_wer=0.493054
test_cer=0.193713
use_lm=True
validation_lm_wer=0.487631
validation_lm_cer=0.183989
test_lm_wer=0.481721
test_lm_cer=0.186930
best_validation_wer=0.496430
