# XLS-R 1B Adapter Fine-tuning Run Log
run_start=2026-02-23T08:05:34.089800
run_end=2026-02-23T08:45:03.083093
model=facebook/wav2vec2-xls-r-1b
adapter_attn_dim=256
language=rwm
split=all
language_name=Amba
output_dir=/mmfs1/gscratch/scrubbed/anonymous_user/low-resource-asr/models/xlsr/rwm/all
num_train_samples=1326
num_validation_samples=140
num_epochs=5
batch_size=4
gradient_accumulation_steps=4
effective_batch_size=16
learning_rate=0.001
validation_wer=0.970389
validation_cer=0.381049
test_wer=0.956627
test_cer=0.346484
best_validation_wer=0.970671
