# XLS-R 1B Adapter Fine-tuning Run Log
run_start=2026-03-01T14:36:21.234861
run_end=2026-03-01T15:58:12.874578
model=facebook/wav2vec2-xls-r-1b
adapter_attn_dim=256
language=el-CY
split=all
language_name=Cypriot Greek
output_dir=/mmfs1/gscratch/scrubbed/vitthal1/low-resource-asr/models/xlsr/el-CY/all
num_train_samples=782
num_validation_samples=277
num_epochs=15
batch_size=2
gradient_accumulation_steps=8
effective_batch_size=16
learning_rate=0.001
validation_wer=0.931289
validation_cer=0.418735
test_wer=0.921853
test_cer=0.391508
use_lm=True
validation_lm_wer=0.934885
validation_lm_cer=0.442983
test_lm_wer=0.923491
test_lm_cer=0.480097
best_validation_wer=0.930590
