==========================================
MMS Adapter Fine-tuning on HPC
==========================================
Language: cgg  Split: all (task 3 of 21)
Job ID: 33585663 (Array Job: 33585633)
Node: g3107
GPUs: 0
Start time: Sat Feb 28 21:23:12 PST 2026

Checking GPU availability...
CUDA available: True
GPU: NVIDIA L40S

Starting training for cgg (split=all)...
============================================================
XLS-R 1B Adapter Fine-tuning for cgg (Chiga) split=all
============================================================
Base model: facebook/wav2vec2-xls-r-1b
Adapter attn dim: 256
Output directory: /mmfs1/gscratch/scrubbed/anonymous_user/low-resource-asr/models/xlsr/cgg/all
Device: cuda
Push to HF: True
HF Repo: anonymous/xlsr-1b-aft-all-cgg

Loading data for cgg (Chiga) split=all...
  Train: /mmfs1/gscratch/scrubbed/anonymous_user/low-resource-asr/data/mozilla_speech_data/cgg/train-all_cgg.tsv
  Val: /mmfs1/gscratch/scrubbed/anonymous_user/low-resource-asr/data/mozilla_speech_data/cgg/validation_cgg.tsv
  Train: 1769 samples (7.02 h)
  Validation: 308 samples (0.99 h)

Building vocabulary...
  Vocabulary saved to /mmfs1/gscratch/scrubbed/anonymous_user/low-resource-asr/models/xlsr/cgg/all/vocab.json (59 tokens)

Preparing datasets...
  Max audio length from CSV (p97.5 for cgg): 34.11s
  Dropped 49 train, 0 val samples (over 34.11s).

Loading XLS-R model (facebook/wav2vec2-xls-r-1b)...
  Trainable parameters: 31,732,029 / 994,229,437 (3.19%)

Training configuration:
  Epochs: 15
  Batch size: 2
  Gradient accumulation: 8
  Effective batch size: 16
  Learning rate: 0.0001
  FP16: False, BF16: True

Starting training...
{'loss': '106.7', 'grad_norm': '68.05', 'learning_rate': '4.9e-05', 'epoch': '0.4651'}
{'loss': '29.02', 'grad_norm': '52.92', 'learning_rate': '9.9e-05', 'epoch': '0.9302'}
{'eval_loss': '3.195', 'eval_wer': '1', 'eval_cer': '0.9554', 'eval_runtime': '22.38', 'eval_samples_per_second': '13.76', 'eval_steps_per_second': '6.881', 'epoch': '0.9302'}
{'loss': '23.42', 'grad_norm': '10.69', 'learning_rate': '9.678e-05', 'epoch': '1.391'}
{'loss': '21.22', 'grad_norm': '13.45', 'learning_rate': '9.349e-05', 'epoch': '1.856'}
{'eval_loss': '2.282', 'eval_wer': '0.9998', 'eval_cer': '0.8585', 'eval_runtime': '20.29', 'eval_samples_per_second': '15.18', 'eval_steps_per_second': '7.592', 'epoch': '1.856'}
{'loss': '13.97', 'grad_norm': '12.65', 'learning_rate': '9.02e-05', 'epoch': '2.316'}
{'loss': '8.399', 'grad_norm': '8.049', 'learning_rate': '8.691e-05', 'epoch': '2.781'}
{'eval_loss': '0.8704', 'eval_wer': '0.9004', 'eval_cer': '0.2392', 'eval_runtime': '20.28', 'eval_samples_per_second': '15.19', 'eval_steps_per_second': '7.595', 'epoch': '2.781'}
{'loss': '6.254', 'grad_norm': '14.65', 'learning_rate': '8.362e-05', 'epoch': '3.242'}
{'loss': '5.836', 'grad_norm': '7.825', 'learning_rate': '8.033e-05', 'epoch': '3.707'}
{'eval_loss': '0.751', 'eval_wer': '0.8671', 'eval_cer': '0.2107', 'eval_runtime': '23.21', 'eval_samples_per_second': '13.27', 'eval_steps_per_second': '6.635', 'epoch': '3.707'}
{'loss': '5.181', 'grad_norm': '7.44', 'learning_rate': '7.704e-05', 'epoch': '4.167'}
{'loss': '4.66', 'grad_norm': '8.937', 'learning_rate': '7.375e-05', 'epoch': '4.633'}
{'eval_loss': '0.6817', 'eval_wer': '0.7855', 'eval_cer': '0.1825', 'eval_runtime': '20.37', 'eval_samples_per_second': '15.12', 'eval_steps_per_second': '7.561', 'epoch': '4.633'}
{'loss': '4.704', 'grad_norm': '6.147', 'learning_rate': '7.046e-05', 'epoch': '5.093'}
{'loss': '4.036', 'grad_norm': '5.263', 'learning_rate': '6.717e-05', 'epoch': '5.558'}
{'eval_loss': '0.6676', 'eval_wer': '0.7576', 'eval_cer': '0.1774', 'eval_runtime': '20.42', 'eval_samples_per_second': '15.08', 'eval_steps_per_second': '7.54', 'epoch': '5.558'}
{'loss': '3.935', 'grad_norm': '5.778', 'learning_rate': '6.388e-05', 'epoch': '6.019'}
{'loss': '3.532', 'grad_norm': '17.49', 'learning_rate': '6.059e-05', 'epoch': '6.484'}
{'eval_loss': '0.6633', 'eval_wer': '0.7473', 'eval_cer': '0.1715', 'eval_runtime': '20.55', 'eval_samples_per_second': '14.99', 'eval_steps_per_second': '7.493', 'epoch': '6.484'}
{'loss': '3.61', 'grad_norm': '11.06', 'learning_rate': '5.73e-05', 'epoch': '6.949'}
{'loss': '3.349', 'grad_norm': '8.967', 'learning_rate': '5.401e-05', 'epoch': '7.409'}
{'eval_loss': '0.6538', 'eval_wer': '0.7461', 'eval_cer': '0.1794', 'eval_runtime': '21.07', 'eval_samples_per_second': '14.62', 'eval_steps_per_second': '7.31', 'epoch': '7.409'}
{'loss': '3.263', 'grad_norm': '7.678', 'learning_rate': '5.072e-05', 'epoch': '7.874'}
{'loss': '2.954', 'grad_norm': '6.187', 'learning_rate': '4.743e-05', 'epoch': '8.335'}
{'eval_loss': '0.6573', 'eval_wer': '0.7392', 'eval_cer': '0.1771', 'eval_runtime': '23.8', 'eval_samples_per_second': '12.94', 'eval_steps_per_second': '6.47', 'epoch': '8.335'}
{'loss': '2.941', 'grad_norm': '7.092', 'learning_rate': '4.414e-05', 'epoch': '8.8'}
{'loss': '2.797', 'grad_norm': '16.43', 'learning_rate': '4.086e-05', 'epoch': '9.26'}
{'eval_loss': '0.6822', 'eval_wer': '0.7298', 'eval_cer': '0.1712', 'eval_runtime': '20.49', 'eval_samples_per_second': '15.03', 'eval_steps_per_second': '7.516', 'epoch': '9.26'}
{'loss': '2.617', 'grad_norm': '15.45', 'learning_rate': '3.757e-05', 'epoch': '9.726'}
{'loss': '2.716', 'grad_norm': '9.006', 'learning_rate': '3.428e-05', 'epoch': '10.19'}
{'eval_loss': '0.6747', 'eval_wer': '0.7151', 'eval_cer': '0.1668', 'eval_runtime': '20.57', 'eval_samples_per_second': '14.97', 'eval_steps_per_second': '7.486', 'epoch': '10.19'}
{'loss': '2.459', 'grad_norm': '9.747', 'learning_rate': '3.099e-05', 'epoch': '10.65'}
{'loss': '2.275', 'grad_norm': '7.765', 'learning_rate': '2.77e-05', 'epoch': '11.11'}
{'eval_loss': '0.6794', 'eval_wer': '0.7211', 'eval_cer': '0.1696', 'eval_runtime': '23.12', 'eval_samples_per_second': '13.32', 'eval_steps_per_second': '6.662', 'epoch': '11.11'}
{'loss': '2.344', 'grad_norm': '7.249', 'learning_rate': '2.441e-05', 'epoch': '11.58'}
{'loss': '2.138', 'grad_norm': '5.732', 'learning_rate': '2.112e-05', 'epoch': '12.04'}
{'eval_loss': '0.6901', 'eval_wer': '0.7132', 'eval_cer': '0.1659', 'eval_runtime': '25.09', 'eval_samples_per_second': '12.28', 'eval_steps_per_second': '6.139', 'epoch': '12.04'}
{'loss': '2.056', 'grad_norm': '14.98', 'learning_rate': '1.783e-05', 'epoch': '12.5'}
{'loss': '2.115', 'grad_norm': '11.95', 'learning_rate': '1.454e-05', 'epoch': '12.97'}
{'eval_loss': '0.7095', 'eval_wer': '0.7265', 'eval_cer': '0.173', 'eval_runtime': '23.88', 'eval_samples_per_second': '12.9', 'eval_steps_per_second': '6.448', 'epoch': '12.97'}
{'loss': '2.142', 'grad_norm': '8.213', 'learning_rate': '1.125e-05', 'epoch': '13.43'}
{'loss': '1.97', 'grad_norm': '11.31', 'learning_rate': '7.961e-06', 'epoch': '13.89'}
{'eval_loss': '0.7036', 'eval_wer': '0.7124', 'eval_cer': '0.1679', 'eval_runtime': '20.43', 'eval_samples_per_second': '15.08', 'eval_steps_per_second': '7.538', 'epoch': '13.89'}
{'loss': '1.984', 'grad_norm': '21.71', 'learning_rate': '4.671e-06', 'epoch': '14.35'}
{'loss': '1.929', 'grad_norm': '5.562', 'learning_rate': '1.382e-06', 'epoch': '14.82'}
{'eval_loss': '0.7062', 'eval_wer': '0.7171', 'eval_cer': '0.1688', 'eval_runtime': '20.53', 'eval_samples_per_second': '15', 'eval_steps_per_second': '7.499', 'epoch': '14.82'}
{'train_runtime': '4311', 'train_samples_per_second': '5.984', 'train_steps_per_second': '0.376', 'train_loss': '8.864', 'epoch': '15'}

Saving adapter weights...
  Adapter saved to: /mmfs1/gscratch/scrubbed/anonymous_user/low-resource-asr/models/xlsr/cgg/all/adapter_cgg.safetensors
  Saving full model...

Final evaluation (validation, greedy):
  Greedy WER: 0.7301
  Greedy CER: 0.1712

Evaluating on test set (greedy)...
  Test WER (greedy): 0.7851
  Test CER (greedy): 0.2189
  Transcriptions saved to: /mmfs1/gscratch/scrubbed/anonymous_user/low-resource-asr/results/transcriptions/transcriptions_xlsr_cgg_all_20260228_212503.tsv

Building LM decoder...
  LM decoder: beam search with unigrams (no ARPA) (beam_width=100)

Final evaluation (validation, LM decoding)...
  LM WER: 0.7199
  LM CER: 0.1656

Evaluating on test set (LM decoding)...
  Test LM WER: 0.7711
  Test LM CER: 0.2114
  LM transcriptions saved to: /mmfs1/gscratch/scrubbed/anonymous_user/low-resource-asr/results/transcriptions/transcriptions_xlsr_lm_cgg_all_20260228_212503.tsv
  Results saved to: /mmfs1/gscratch/scrubbed/anonymous_user/low-resource-asr/models/xlsr/cgg/all/eval_results.json
  Training log saved to: /mmfs1/gscratch/scrubbed/anonymous_user/low-resource-asr/results/training_logs/xlsr_aft_all_cgg_20260228_212503.log

Pushing to Hugging Face Hub: anonymous/xlsr-1b-aft-all-cgg
  Pushing model...
  Pushing processor...
  Pushing adapter weights...
  Pushing model card...
  Successfully pushed to: https://huggingface.co/anonymous/xlsr-1b-aft-all-cgg

============================================================
Training complete!
============================================================
Model saved to: /mmfs1/gscratch/scrubbed/anonymous_user/low-resource-asr/models/xlsr/cgg/all
Model pushed to: https://huggingface.co/anonymous/xlsr-1b-aft-all-cgg

==========================================
Training complete for cgg!
End time: Sat Feb 28 22:46:23 PST 2026
==========================================
