==========================================
MMS Adapter Fine-tuning on HPC
==========================================
Language: hch  Split: all (task 5 of 21)
Job ID: 33585781 (Array Job: 33585633)
Node: g3107
GPUs: 0
Start time: Sat Feb 28 21:34:43 PST 2026

Checking GPU availability...
CUDA available: True
GPU: NVIDIA L40S

Starting training for hch (split=all)...
============================================================
XLS-R 1B Adapter Fine-tuning for hch (Wixárika) split=all
============================================================
Base model: facebook/wav2vec2-xls-r-1b
Adapter attn dim: 256
Output directory: /mmfs1/gscratch/scrubbed/anonymous_user/low-resource-asr/models/xlsr/hch/all
Device: cuda
Push to HF: True
HF Repo: anonymous/xlsr-1b-aft-all-hch

Loading data for hch (Wixárika) split=all...
  Train: /mmfs1/gscratch/scrubbed/anonymous_user/low-resource-asr/data/mozilla_speech_data/hch/train-all_hch.tsv
  Val: /mmfs1/gscratch/scrubbed/anonymous_user/low-resource-asr/data/mozilla_speech_data/hch/validation_hch.tsv
  Train: 844 samples (6.27 h)
  Validation: 310 samples (0.97 h)

Building vocabulary...
  Vocabulary saved to /mmfs1/gscratch/scrubbed/anonymous_user/low-resource-asr/models/xlsr/hch/all/vocab.json (78 tokens)

Preparing datasets...
  Max audio length from CSV (p97.5 for hch): 70.46s
  Dropped 33 train, 0 val samples (over 70.46s).

Loading XLS-R model (facebook/wav2vec2-xls-r-1b)...
  Trainable parameters: 31,756,368 / 994,253,776 (3.19%)

Training configuration:
  Epochs: 15
  Batch size: 2
  Gradient accumulation: 8
  Effective batch size: 16
  Learning rate: 0.0001
  FP16: False, BF16: True

Starting training...
{'loss': '132.7', 'grad_norm': '29.71', 'learning_rate': '4.9e-05', 'epoch': '0.9852'}
{'loss': '24.61', 'grad_norm': '39.25', 'learning_rate': '9.9e-05', 'epoch': '1.966'}
{'eval_loss': '3.037', 'eval_wer': '1', 'eval_cer': '1', 'eval_runtime': '22.54', 'eval_samples_per_second': '13.76', 'eval_steps_per_second': '6.878', 'epoch': '1.966'}
{'loss': '23.36', 'grad_norm': '10.14', 'learning_rate': '9.263e-05', 'epoch': '2.946'}
{'loss': '22.96', 'grad_norm': '11.24', 'learning_rate': '8.511e-05', 'epoch': '3.926'}
{'eval_loss': '2.856', 'eval_wer': '0.9974', 'eval_cer': '0.9888', 'eval_runtime': '18.81', 'eval_samples_per_second': '16.48', 'eval_steps_per_second': '8.24', 'epoch': '3.926'}
{'loss': '19.41', 'grad_norm': '16.13', 'learning_rate': '7.759e-05', 'epoch': '4.906'}
{'loss': '9.876', 'grad_norm': '6.959', 'learning_rate': '7.008e-05', 'epoch': '5.887'}
{'eval_loss': '0.9945', 'eval_wer': '0.9852', 'eval_cer': '0.2904', 'eval_runtime': '19.16', 'eval_samples_per_second': '16.18', 'eval_steps_per_second': '8.09', 'epoch': '5.887'}
{'loss': '7.078', 'grad_norm': '10.02', 'learning_rate': '6.256e-05', 'epoch': '6.867'}
{'loss': '5.839', 'grad_norm': '7.205', 'learning_rate': '5.504e-05', 'epoch': '7.847'}
{'eval_loss': '0.8011', 'eval_wer': '0.9', 'eval_cer': '0.2197', 'eval_runtime': '22.51', 'eval_samples_per_second': '13.77', 'eval_steps_per_second': '6.885', 'epoch': '7.847'}
{'loss': '4.856', 'grad_norm': '6.59', 'learning_rate': '4.752e-05', 'epoch': '8.828'}
{'loss': '4.283', 'grad_norm': '6.137', 'learning_rate': '4e-05', 'epoch': '9.808'}
{'eval_loss': '0.7544', 'eval_wer': '0.8299', 'eval_cer': '0.197', 'eval_runtime': '19.07', 'eval_samples_per_second': '16.26', 'eval_steps_per_second': '8.128', 'epoch': '9.808'}
{'loss': '3.939', 'grad_norm': '6.087', 'learning_rate': '3.248e-05', 'epoch': '10.79'}
{'loss': '3.41', 'grad_norm': '6.133', 'learning_rate': '2.496e-05', 'epoch': '11.77'}
{'eval_loss': '0.7536', 'eval_wer': '0.8137', 'eval_cer': '0.1866', 'eval_runtime': '19.14', 'eval_samples_per_second': '16.19', 'eval_steps_per_second': '8.096', 'epoch': '11.77'}
{'loss': '3.226', 'grad_norm': '5.319', 'learning_rate': '1.744e-05', 'epoch': '12.75'}
{'loss': '2.908', 'grad_norm': '6.072', 'learning_rate': '9.925e-06', 'epoch': '13.73'}
{'eval_loss': '0.8258', 'eval_wer': '0.8448', 'eval_cer': '0.1966', 'eval_runtime': '22.06', 'eval_samples_per_second': '14.05', 'eval_steps_per_second': '7.025', 'epoch': '13.73'}
{'loss': '2.894', 'grad_norm': '13.43', 'learning_rate': '2.406e-06', 'epoch': '14.71'}
{'train_runtime': '3151', 'train_samples_per_second': '3.861', 'train_steps_per_second': '0.243', 'train_loss': '17.79', 'epoch': '15'}

Saving adapter weights...
  Adapter saved to: /mmfs1/gscratch/scrubbed/anonymous_user/low-resource-asr/models/xlsr/hch/all/adapter_hch.safetensors
  Saving full model...

Final evaluation (validation, greedy):
  Greedy WER: 0.8148
  Greedy CER: 0.1868

Evaluating on test set (greedy)...
  Test WER (greedy): 0.8121
  Test CER (greedy): 0.2010
  Transcriptions saved to: /mmfs1/gscratch/scrubbed/anonymous_user/low-resource-asr/results/transcriptions/transcriptions_xlsr_hch_all_20260228_213511.tsv

Building LM decoder...
  LM decoder: beam search with unigrams (no ARPA) (beam_width=100)

Final evaluation (validation, LM decoding)...
  LM WER: 0.8049
  LM CER: 0.1922

Evaluating on test set (LM decoding)...
  Test LM WER: 0.7934
  Test LM CER: 0.2092
  LM transcriptions saved to: /mmfs1/gscratch/scrubbed/anonymous_user/low-resource-asr/results/transcriptions/transcriptions_xlsr_lm_hch_all_20260228_213511.tsv
  Results saved to: /mmfs1/gscratch/scrubbed/anonymous_user/low-resource-asr/models/xlsr/hch/all/eval_results.json
  Training log saved to: /mmfs1/gscratch/scrubbed/anonymous_user/low-resource-asr/results/training_logs/xlsr_aft_all_hch_20260228_213511.log

Pushing to Hugging Face Hub: anonymous/xlsr-1b-aft-all-hch
  Pushing model...
  Pushing processor...
  Pushing adapter weights...
  Pushing model card...
  Successfully pushed to: https://huggingface.co/anonymous/xlsr-1b-aft-all-hch

============================================================
Training complete!
============================================================
Model saved to: /mmfs1/gscratch/scrubbed/anonymous_user/low-resource-asr/models/xlsr/hch/all
Model pushed to: https://huggingface.co/anonymous/xlsr-1b-aft-all-hch

==========================================
Training complete for hch!
End time: Sat Feb 28 22:36:16 PST 2026
==========================================
