==========================================
MMS Adapter Fine-tuning on HPC
==========================================
Language: top  Split: all (task 18 of 21)
Job ID: 33597462 (Array Job: 33591209)
Node: g3095
GPUs: 0
Start time: Sun Mar  1 20:30:27 PST 2026

Checking GPU availability...
CUDA available: True
GPU: NVIDIA L40

Starting training for top (split=all)...
============================================================
XLS-R 1B Adapter Fine-tuning for top (Papantla Totonac) split=all
============================================================
Base model: facebook/wav2vec2-xls-r-1b
Adapter attn dim: 256
Output directory: /mmfs1/gscratch/scrubbed/anonymous_user/low-resource-asr/models/xlsr/top/all
Device: cuda
Push to HF: True
HF Repo: anonymous/xlsr-1b-aft-all-top

Loading data for top (Papantla Totonac) split=all...
  Train: /mmfs1/gscratch/scrubbed/anonymous_user/low-resource-asr/data/mozilla_speech_data/top/train-all_top.tsv
  Val: /mmfs1/gscratch/scrubbed/anonymous_user/low-resource-asr/data/mozilla_speech_data/top/validation_top.tsv
  Train: 189 samples (5.87 h)
  Validation: 59 samples (1.68 h)

Building vocabulary...
  Vocabulary saved to /mmfs1/gscratch/scrubbed/anonymous_user/low-resource-asr/models/xlsr/top/all/vocab.json (74 tokens)

Preparing datasets...
  Max audio length from CSV (p97.5 for top): 253.01s
  Dropped 8 train, 0 val samples (over 253.01s).

Loading XLS-R model (facebook/wav2vec2-xls-r-1b)...
  Trainable parameters: 31,751,244 / 994,248,652 (3.19%)

Training configuration:
  Epochs: 15
  Batch size: 2
  Gradient accumulation: 8
  Effective batch size: 16
  Learning rate: 0.001
  FP16: False, BF16: True

Starting training...
{'loss': '131.4', 'grad_norm': '80.49', 'learning_rate': '0.00049', 'epoch': '4.176'}
{'loss': '30.1', 'grad_norm': '19.1', 'learning_rate': '0.00099', 'epoch': '8.352'}
{'eval_loss': '2.936', 'eval_wer': '1', 'eval_cer': '0.9404', 'eval_runtime': '58.65', 'eval_samples_per_second': '1.006', 'eval_steps_per_second': '0.512', 'epoch': '8.352'}
{'loss': '28.74', 'grad_norm': '200.6', 'learning_rate': '0.0003875', 'epoch': '12.53'}
{'train_runtime': '5692', 'train_samples_per_second': '0.477', 'train_steps_per_second': '0.032', 'train_loss': '56.84', 'epoch': '15'}

Saving adapter weights...
  Adapter saved to: /mmfs1/gscratch/scrubbed/anonymous_user/low-resource-asr/models/xlsr/top/all/adapter_top.safetensors
  Saving full model...

Final evaluation (validation, greedy):
  Greedy WER: 1.0000
  Greedy CER: 0.9650

Evaluating on test set (greedy)...
  Test WER (greedy): 1.0000
  Test CER (greedy): 0.9688
  Transcriptions saved to: /mmfs1/gscratch/scrubbed/anonymous_user/low-resource-asr/results/transcriptions/transcriptions_xlsr_top_all_20260301_203207.tsv

Building LM decoder...
  LM decoder: beam search with unigrams (no ARPA) (beam_width=100)

Final evaluation (validation, LM decoding)...
  LM WER: 1.5951
  LM CER: 0.8067

Evaluating on test set (LM decoding)...
  Test LM WER: 1.6227
  Test LM CER: 0.9983
  LM transcriptions saved to: /mmfs1/gscratch/scrubbed/anonymous_user/low-resource-asr/results/transcriptions/transcriptions_xlsr_lm_top_all_20260301_203207.tsv
  Results saved to: /mmfs1/gscratch/scrubbed/anonymous_user/low-resource-asr/models/xlsr/top/all/eval_results.json
  Training log saved to: /mmfs1/gscratch/scrubbed/anonymous_user/low-resource-asr/results/training_logs/xlsr_aft_all_top_20260301_203207.log

Pushing to Hugging Face Hub: anonymous/xlsr-1b-aft-all-top
  Pushing model...
  Pushing processor...
  Pushing adapter weights...
  Pushing model card...
  Successfully pushed to: https://huggingface.co/anonymous/xlsr-1b-aft-all-top

============================================================
Training complete!
============================================================
Model saved to: /mmfs1/gscratch/scrubbed/anonymous_user/low-resource-asr/models/xlsr/top/all
Model pushed to: https://huggingface.co/anonymous/xlsr-1b-aft-all-top

==========================================
Training complete for top!
End time: Sun Mar  1 22:24:56 PST 2026
==========================================
