==========================================
MMS Adapter Fine-tuning on HPC
==========================================
Language: pne  Split: all (task 13 of 21)
Job ID: 33594662 (Array Job: 33591209)
Node: g3095
GPUs: 0
Start time: Sun Mar  1 18:03:25 PST 2026

Checking GPU availability...
CUDA available: True
GPU: NVIDIA L40

Starting training for pne (split=all)...
============================================================
XLS-R 1B Adapter Fine-tuning for pne (Western Penan) split=all
============================================================
Base model: facebook/wav2vec2-xls-r-1b
Adapter attn dim: 256
Output directory: /mmfs1/gscratch/scrubbed/anonymous_user/low-resource-asr/models/xlsr/pne/all
Device: cuda
Push to HF: True
HF Repo: anonymous/xlsr-1b-aft-all-pne

Loading data for pne (Western Penan) split=all...
  Train: /mmfs1/gscratch/scrubbed/anonymous_user/low-resource-asr/data/mozilla_speech_data/pne/train-all_pne.tsv
  Val: /mmfs1/gscratch/scrubbed/anonymous_user/low-resource-asr/data/mozilla_speech_data/pne/validation_pne.tsv
  Train: 1811 samples (8.48 h)
  Validation: 310 samples (1.30 h)

Building vocabulary...
  Vocabulary saved to /mmfs1/gscratch/scrubbed/anonymous_user/low-resource-asr/models/xlsr/pne/all/vocab.json (61 tokens)

Preparing datasets...
  Max audio length from CSV (p97.5 for pne): 24.19s
  Dropped 44 train, 0 val samples (over 24.19s).

Loading XLS-R model (facebook/wav2vec2-xls-r-1b)...
  Trainable parameters: 31,734,591 / 994,231,999 (3.19%)

Training configuration:
  Epochs: 15
  Batch size: 2
  Gradient accumulation: 8
  Effective batch size: 16
  Learning rate: 0.001
  FP16: False, BF16: True

Starting training...
{'loss': '63.74', 'grad_norm': '33.98', 'learning_rate': '0.00049', 'epoch': '0.4525'}
{'loss': '35.68', 'grad_norm': '42.78', 'learning_rate': '0.00099', 'epoch': '0.905'}
{'eval_loss': '3.293', 'eval_wer': '0.999', 'eval_cer': '0.925', 'eval_runtime': '39.63', 'eval_samples_per_second': '7.822', 'eval_steps_per_second': '3.911', 'epoch': '0.905'}
{'loss': '31.54', 'grad_norm': '32.17', 'learning_rate': '0.0009687', 'epoch': '1.353'}
{'loss': '22.99', 'grad_norm': '9.357', 'learning_rate': '0.0009367', 'epoch': '1.805'}
{'eval_loss': '2.571', 'eval_wer': '1.01', 'eval_cer': '0.7304', 'eval_runtime': '39.95', 'eval_samples_per_second': '7.759', 'eval_steps_per_second': '3.88', 'epoch': '1.805'}
{'loss': '18.52', 'grad_norm': '13.37', 'learning_rate': '0.0009048', 'epoch': '2.253'}
{'loss': '10.46', 'grad_norm': '9.81', 'learning_rate': '0.0008728', 'epoch': '2.706'}
{'eval_loss': '0.9314', 'eval_wer': '0.7301', 'eval_cer': '0.2537', 'eval_runtime': '39.97', 'eval_samples_per_second': '7.756', 'eval_steps_per_second': '3.878', 'epoch': '2.706'}
{'loss': '5.97', 'grad_norm': '4.253', 'learning_rate': '0.0008409', 'epoch': '3.154'}
{'loss': '5.316', 'grad_norm': '6.549', 'learning_rate': '0.0008089', 'epoch': '3.606'}
{'eval_loss': '0.6347', 'eval_wer': '0.479', 'eval_cer': '0.1637', 'eval_runtime': '40.49', 'eval_samples_per_second': '7.657', 'eval_steps_per_second': '3.828', 'epoch': '3.606'}
{'loss': '4.9', 'grad_norm': '3.739', 'learning_rate': '0.000777', 'epoch': '4.054'}
{'loss': '4.266', 'grad_norm': '4.167', 'learning_rate': '0.000745', 'epoch': '4.507'}
{'eval_loss': '0.5966', 'eval_wer': '0.4341', 'eval_cer': '0.1525', 'eval_runtime': '40', 'eval_samples_per_second': '7.75', 'eval_steps_per_second': '3.875', 'epoch': '4.507'}
{'loss': '4.298', 'grad_norm': '7.978', 'learning_rate': '0.0007131', 'epoch': '4.959'}
{'loss': '3.689', 'grad_norm': '5.019', 'learning_rate': '0.0006812', 'epoch': '5.407'}
{'eval_loss': '0.5765', 'eval_wer': '0.4207', 'eval_cer': '0.1472', 'eval_runtime': '40.23', 'eval_samples_per_second': '7.706', 'eval_steps_per_second': '3.853', 'epoch': '5.407'}
{'loss': '3.755', 'grad_norm': '4.583', 'learning_rate': '0.0006492', 'epoch': '5.86'}
{'loss': '3.268', 'grad_norm': '3.544', 'learning_rate': '0.0006173', 'epoch': '6.308'}
{'eval_loss': '0.559', 'eval_wer': '0.3662', 'eval_cer': '0.1322', 'eval_runtime': '40.35', 'eval_samples_per_second': '7.684', 'eval_steps_per_second': '3.842', 'epoch': '6.308'}
{'loss': '3.267', 'grad_norm': '3.965', 'learning_rate': '0.0005853', 'epoch': '6.76'}
{'loss': '3.292', 'grad_norm': '3.435', 'learning_rate': '0.0005534', 'epoch': '7.208'}
{'eval_loss': '0.5829', 'eval_wer': '0.4137', 'eval_cer': '0.159', 'eval_runtime': '40.46', 'eval_samples_per_second': '7.661', 'eval_steps_per_second': '3.831', 'epoch': '7.208'}
{'loss': '2.919', 'grad_norm': '3.094', 'learning_rate': '0.0005214', 'epoch': '7.661'}
{'loss': '2.908', 'grad_norm': '3.513', 'learning_rate': '0.0004895', 'epoch': '8.109'}
{'eval_loss': '0.5618', 'eval_wer': '0.3732', 'eval_cer': '0.1439', 'eval_runtime': '40.5', 'eval_samples_per_second': '7.655', 'eval_steps_per_second': '3.828', 'epoch': '8.109'}
{'loss': '2.652', 'grad_norm': '3.212', 'learning_rate': '0.0004575', 'epoch': '8.561'}
{'loss': '2.589', 'grad_norm': '2.78', 'learning_rate': '0.0004256', 'epoch': '9.009'}
{'eval_loss': '0.6492', 'eval_wer': '0.4318', 'eval_cer': '0.1887', 'eval_runtime': '40.03', 'eval_samples_per_second': '7.745', 'eval_steps_per_second': '3.872', 'epoch': '9.009'}
{'loss': '2.35', 'grad_norm': '4.881', 'learning_rate': '0.0003936', 'epoch': '9.462'}
{'loss': '2.427', 'grad_norm': '4.403', 'learning_rate': '0.0003617', 'epoch': '9.914'}
{'eval_loss': '0.6308', 'eval_wer': '0.414', 'eval_cer': '0.183', 'eval_runtime': '40.38', 'eval_samples_per_second': '7.677', 'eval_steps_per_second': '3.839', 'epoch': '9.914'}
{'loss': '2.001', 'grad_norm': '3.162', 'learning_rate': '0.0003297', 'epoch': '10.36'}
{'loss': '2.203', 'grad_norm': '3.666', 'learning_rate': '0.0002978', 'epoch': '10.81'}
{'eval_loss': '0.5611', 'eval_wer': '0.3664', 'eval_cer': '0.1384', 'eval_runtime': '40.14', 'eval_samples_per_second': '7.724', 'eval_steps_per_second': '3.862', 'epoch': '10.81'}
{'loss': '1.928', 'grad_norm': '2.379', 'learning_rate': '0.0002658', 'epoch': '11.26'}
{'loss': '1.784', 'grad_norm': '3.122', 'learning_rate': '0.0002339', 'epoch': '11.71'}
{'eval_loss': '0.6', 'eval_wer': '0.3886', 'eval_cer': '0.1619', 'eval_runtime': '40.28', 'eval_samples_per_second': '7.695', 'eval_steps_per_second': '3.848', 'epoch': '11.71'}
{'loss': '1.695', 'grad_norm': '4.03', 'learning_rate': '0.0002019', 'epoch': '12.16'}
{'loss': '1.619', 'grad_norm': '3.307', 'learning_rate': '0.00017', 'epoch': '12.62'}
{'eval_loss': '0.5745', 'eval_wer': '0.3598', 'eval_cer': '0.1391', 'eval_runtime': '40.21', 'eval_samples_per_second': '7.71', 'eval_steps_per_second': '3.855', 'epoch': '12.62'}
{'loss': '1.601', 'grad_norm': '2.571', 'learning_rate': '0.000138', 'epoch': '13.06'}
{'loss': '1.375', 'grad_norm': '3.37', 'learning_rate': '0.0001061', 'epoch': '13.52'}
{'eval_loss': '0.5952', 'eval_wer': '0.3652', 'eval_cer': '0.1483', 'eval_runtime': '40.24', 'eval_samples_per_second': '7.704', 'eval_steps_per_second': '3.852', 'epoch': '13.52'}
{'loss': '1.41', 'grad_norm': '5.443', 'learning_rate': '7.412e-05', 'epoch': '13.97'}
{'loss': '1.384', 'grad_norm': '2.843', 'learning_rate': '4.217e-05', 'epoch': '14.42'}
{'eval_loss': '0.6184', 'eval_wer': '0.3682', 'eval_cer': '0.1497', 'eval_runtime': '40.39', 'eval_samples_per_second': '7.676', 'eval_steps_per_second': '3.838', 'epoch': '14.42'}
{'loss': '1.22', 'grad_norm': '3.129', 'learning_rate': '1.022e-05', 'epoch': '14.87'}
{'train_runtime': '7946', 'train_samples_per_second': '3.335', 'train_steps_per_second': '0.21', 'train_loss': '7.789', 'epoch': '15'}

Saving adapter weights...
  Adapter saved to: /mmfs1/gscratch/scrubbed/anonymous_user/low-resource-asr/models/xlsr/pne/all/adapter_pne.safetensors
  Saving full model...

Final evaluation (validation, greedy):
  Greedy WER: 0.3599
  Greedy CER: 0.1392

Evaluating on test set (greedy)...
  Test WER (greedy): 0.3801
  Test CER (greedy): 0.1510
  Transcriptions saved to: /mmfs1/gscratch/scrubbed/anonymous_user/low-resource-asr/results/transcriptions/transcriptions_xlsr_pne_all_20260301_180404.tsv

Building LM decoder...
  LM decoder: beam search with unigrams (no ARPA) (beam_width=100)

Final evaluation (validation, LM decoding)...
  LM WER: 0.3411
  LM CER: 0.1332

Evaluating on test set (LM decoding)...
  Test LM WER: 0.3656
  Test LM CER: 0.1464
  LM transcriptions saved to: /mmfs1/gscratch/scrubbed/anonymous_user/low-resource-asr/results/transcriptions/transcriptions_xlsr_lm_pne_all_20260301_180404.tsv
  Results saved to: /mmfs1/gscratch/scrubbed/anonymous_user/low-resource-asr/models/xlsr/pne/all/eval_results.json
  Training log saved to: /mmfs1/gscratch/scrubbed/anonymous_user/low-resource-asr/results/training_logs/xlsr_aft_all_pne_20260301_180404.log

Pushing to Hugging Face Hub: anonymous/xlsr-1b-aft-all-pne
  Pushing model...
  Pushing processor...
  Pushing adapter weights...
  Pushing model card...
  Successfully pushed to: https://huggingface.co/anonymous/xlsr-1b-aft-all-pne

============================================================
Training complete!
============================================================
Model saved to: /mmfs1/gscratch/scrubbed/anonymous_user/low-resource-asr/models/xlsr/pne/all
Model pushed to: https://huggingface.co/anonymous/xlsr-1b-aft-all-pne

==========================================
Training complete for pne!
End time: Sun Mar  1 20:30:21 PST 2026
==========================================
