==========================================
MMS Adapter Fine-tuning on Hyak
==========================================
Language: aln  Split: all (task 0 of 21)
Job ID: 33591210 (Array Job: 33591209)
Node: g3095
GPUs: 0
Start time: Sun Mar  1 12:57:00 PST 2026

Checking GPU availability...
CUDA available: True
GPU: NVIDIA L40

Starting training for aln (split=all)...
============================================================
XLS-R 1B Adapter Fine-tuning for aln (Gheg Albanian) split=all
============================================================
Base model: facebook/wav2vec2-xls-r-1b
Adapter attn dim: 256
Output directory: /mmfs1/gscratch/scrubbed/vitthal1/low-resource-asr/models/xlsr/aln/all
Device: cuda
Push to HF: True
HF Repo: vitthalbhandari/xlsr-1b-aft-all-aln

Loading data for aln (Gheg Albanian) split=all...
  Train: /mmfs1/gscratch/scrubbed/vitthal1/low-resource-asr/data/mozilla_speech_data/aln/train-all_aln.tsv
  Val: /mmfs1/gscratch/scrubbed/vitthal1/low-resource-asr/data/mozilla_speech_data/aln/validation_aln.tsv
  Train: 965 samples (6.39 h)
  Validation: 150 samples (1.45 h)

Building vocabulary...
  Vocabulary saved to /mmfs1/gscratch/scrubbed/vitthal1/low-resource-asr/models/xlsr/aln/all/vocab.json (87 tokens)

Preparing datasets...
  Max audio length from CSV (p97.5 for aln): 38.86s
  Dropped 10 train, 24 val samples (over 38.86s).

Loading XLS-R model (facebook/wav2vec2-xls-r-1b)...
  Trainable parameters: 31,767,897 / 994,265,305 (3.20%)

Training configuration:
  Epochs: 15
  Batch size: 2
  Gradient accumulation: 8
  Effective batch size: 16
  Learning rate: 0.001
  FP16: False, BF16: True

Starting training...
{'loss': '84.38', 'grad_norm': '66.39', 'learning_rate': '0.00049', 'epoch': '0.8368'}
{'loss': '38.41', 'grad_norm': '36.21', 'learning_rate': '0.00099', 'epoch': '1.669'}
{'eval_loss': '3.345', 'eval_wer': '1', 'eval_cer': '1', 'eval_runtime': '35.1', 'eval_samples_per_second': '3.59', 'eval_steps_per_second': '1.795', 'epoch': '1.669'}
{'loss': '26.44', 'grad_norm': '64.61', 'learning_rate': '0.0009388', 'epoch': '2.502'}
{'loss': '25.47', 'grad_norm': '115.1', 'learning_rate': '0.0008762', 'epoch': '3.335'}
{'eval_loss': '3.666', 'eval_wer': '1', 'eval_cer': '1', 'eval_runtime': '35.02', 'eval_samples_per_second': '3.597', 'eval_steps_per_second': '1.799', 'epoch': '3.335'}
{'loss': '26.19', 'grad_norm': '102.9', 'learning_rate': '0.0008138', 'epoch': '4.167'}
{'loss': '25.2', 'grad_norm': '7.825', 'learning_rate': '0.0007512', 'epoch': '5'}
{'eval_loss': '2.972', 'eval_wer': '1', 'eval_cer': '1', 'eval_runtime': '34.93', 'eval_samples_per_second': '3.607', 'eval_steps_per_second': '1.803', 'epoch': '5'}
{'loss': '23.98', 'grad_norm': '50.91', 'learning_rate': '0.0006888', 'epoch': '5.837'}
{'loss': '23.04', 'grad_norm': '34.18', 'learning_rate': '0.0006262', 'epoch': '6.669'}
{'eval_loss': '2.476', 'eval_wer': '1', 'eval_cer': '0.939', 'eval_runtime': '34.96', 'eval_samples_per_second': '3.604', 'eval_steps_per_second': '1.802', 'epoch': '6.669'}
{'loss': '16.11', 'grad_norm': '7.106', 'learning_rate': '0.0005638', 'epoch': '7.502'}
{'loss': '12.25', 'grad_norm': '16.49', 'learning_rate': '0.0005012', 'epoch': '8.335'}
{'eval_loss': '1.185', 'eval_wer': '0.8159', 'eval_cer': '0.3098', 'eval_runtime': '35.18', 'eval_samples_per_second': '3.582', 'eval_steps_per_second': '1.791', 'epoch': '8.335'}
{'loss': '10.7', 'grad_norm': '30.42', 'learning_rate': '0.0004387', 'epoch': '9.167'}
{'loss': '9.238', 'grad_norm': '5.947', 'learning_rate': '0.0003762', 'epoch': '10'}
{'eval_loss': '0.9975', 'eval_wer': '0.7568', 'eval_cer': '0.2633', 'eval_runtime': '35.29', 'eval_samples_per_second': '3.57', 'eval_steps_per_second': '1.785', 'epoch': '10'}
{'loss': '8.127', 'grad_norm': '9.899', 'learning_rate': '0.0003137', 'epoch': '10.84'}
{'loss': '7.11', 'grad_norm': '5.151', 'learning_rate': '0.0002512', 'epoch': '11.67'}
{'eval_loss': '0.9969', 'eval_wer': '0.633', 'eval_cer': '0.2136', 'eval_runtime': '35.19', 'eval_samples_per_second': '3.58', 'eval_steps_per_second': '1.79', 'epoch': '11.67'}
{'loss': '6.168', 'grad_norm': '4.869', 'learning_rate': '0.0001888', 'epoch': '12.5'}
{'loss': '5.347', 'grad_norm': '5.068', 'learning_rate': '0.0001263', 'epoch': '13.33'}
{'eval_loss': '1.099', 'eval_wer': '0.6372', 'eval_cer': '0.2227', 'eval_runtime': '35.52', 'eval_samples_per_second': '3.547', 'eval_steps_per_second': '1.773', 'epoch': '13.33'}
{'loss': '4.779', 'grad_norm': '5.36', 'learning_rate': '6.375e-05', 'epoch': '14.17'}
{'loss': '4.015', 'grad_norm': '6.472', 'learning_rate': '1.25e-06', 'epoch': '15'}
{'eval_loss': '1.153', 'eval_wer': '0.6351', 'eval_cer': '0.2204', 'eval_runtime': '35.61', 'eval_samples_per_second': '3.539', 'eval_steps_per_second': '1.769', 'epoch': '15'}
{'train_runtime': '5107', 'train_samples_per_second': '2.805', 'train_steps_per_second': '0.176', 'train_loss': '19.83', 'epoch': '15'}

Saving adapter weights...
  Adapter saved to: /mmfs1/gscratch/scrubbed/vitthal1/low-resource-asr/models/xlsr/aln/all/adapter_aln.safetensors
  Saving full model...

Final evaluation (validation, greedy):
  Greedy WER: 0.7577
  Greedy CER: 0.2636

Evaluating on test set (greedy)...
  Test WER (greedy): 0.8126
  Test CER (greedy): 0.3713
  Transcriptions saved to: /mmfs1/gscratch/scrubbed/vitthal1/low-resource-asr/results/transcriptions/transcriptions_xlsr_aln_all_20260301_125816.tsv

Building LM decoder...
  LM decoder: beam search with unigrams (no ARPA) (beam_width=100)

Final evaluation (validation, LM decoding)...
  LM WER: 0.7016
  LM CER: 0.2375

Evaluating on test set (LM decoding)...
  Test LM WER: 0.7623
  Test LM CER: 0.3432
  LM transcriptions saved to: /mmfs1/gscratch/scrubbed/vitthal1/low-resource-asr/results/transcriptions/transcriptions_xlsr_lm_aln_all_20260301_125816.tsv
  Results saved to: /mmfs1/gscratch/scrubbed/vitthal1/low-resource-asr/models/xlsr/aln/all/eval_results.json
  Training log saved to: /mmfs1/gscratch/scrubbed/vitthal1/low-resource-asr/results/training_logs/xlsr_aft_all_aln_20260301_125816.log

Pushing to Hugging Face Hub: vitthalbhandari/xlsr-1b-aft-all-aln
  Pushing model...
  Pushing processor...
  Pushing adapter weights...
  Pushing model card...
  Successfully pushed to: https://huggingface.co/vitthalbhandari/xlsr-1b-aft-all-aln

============================================================
Training complete!
============================================================
Model saved to: /mmfs1/gscratch/scrubbed/vitthal1/low-resource-asr/models/xlsr/aln/all
Model pushed to: https://huggingface.co/vitthalbhandari/xlsr-1b-aft-all-aln

==========================================
Training complete for aln!
End time: Sun Mar  1 14:35:30 PST 2026
==========================================
