==========================================
MMS Adapter Fine-tuning on HPC
==========================================
Language: lth  Split: all (task 10 of 21)
Job ID: 33593975 (Array Job: 33591209)
Node: g3095
GPUs: 0
Start time: Sun Mar  1 16:25:45 PST 2026

Checking GPU availability...
CUDA available: True
GPU: NVIDIA L40

Starting training for lth (split=all)...
============================================================
XLS-R 1B Adapter Fine-tuning for lth (Thur) split=all
============================================================
Base model: facebook/wav2vec2-xls-r-1b
Adapter attn dim: 256
Output directory: /mmfs1/gscratch/scrubbed/anonymous_user/low-resource-asr/models/xlsr/lth/all
Device: cuda
Push to HF: True
HF Repo: anonymous/xlsr-1b-aft-all-lth

Loading data for lth (Thur) split=all...
  Train: /mmfs1/gscratch/scrubbed/anonymous_user/low-resource-asr/data/mozilla_speech_data/lth/train-all_lth.tsv
  Val: /mmfs1/gscratch/scrubbed/anonymous_user/low-resource-asr/data/mozilla_speech_data/lth/validation_lth.tsv
  Train: 1434 samples (7.49 h)
  Validation: 52 samples (0.27 h)

Building vocabulary...
  Vocabulary saved to /mmfs1/gscratch/scrubbed/anonymous_user/low-resource-asr/models/xlsr/lth/all/vocab.json (63 tokens)

Preparing datasets...
  Max audio length from CSV (p97.5 for lth): 28.3s
  Dropped 64 train, 0 val samples (over 28.3s).

Loading XLS-R model (facebook/wav2vec2-xls-r-1b)...
  Trainable parameters: 31,737,153 / 994,234,561 (3.19%)

Training configuration:
  Epochs: 15
  Batch size: 2
  Gradient accumulation: 8
  Effective batch size: 16
  Learning rate: 0.001
  FP16: False, BF16: True

Starting training...
{'loss': '61.4', 'grad_norm': '44.12', 'learning_rate': '0.00049', 'epoch': '0.5839'}
{'loss': '24.53', 'grad_norm': '90.79', 'learning_rate': '0.00099', 'epoch': '1.164'}
{'eval_loss': '3.089', 'eval_wer': '1', 'eval_cer': '0.9958', 'eval_runtime': '8.247', 'eval_samples_per_second': '6.305', 'eval_steps_per_second': '3.153', 'epoch': '1.164'}
{'loss': '16.72', 'grad_norm': '17.91', 'learning_rate': '0.0009588', 'epoch': '1.747'}
{'loss': '8.243', 'grad_norm': '7.743', 'learning_rate': '0.0009168', 'epoch': '2.327'}
{'eval_loss': '0.9402', 'eval_wer': '0.7268', 'eval_cer': '0.2755', 'eval_runtime': '8.293', 'eval_samples_per_second': '6.271', 'eval_steps_per_second': '3.135', 'epoch': '2.327'}
{'loss': '6.807', 'grad_norm': '5.115', 'learning_rate': '0.0008748', 'epoch': '2.911'}
{'loss': '5.531', 'grad_norm': '6.112', 'learning_rate': '0.0008328', 'epoch': '3.491'}
{'eval_loss': '0.7897', 'eval_wer': '0.5602', 'eval_cer': '0.2144', 'eval_runtime': '8.451', 'eval_samples_per_second': '6.153', 'eval_steps_per_second': '3.076', 'epoch': '3.491'}
{'loss': '5.24', 'grad_norm': '6.91', 'learning_rate': '0.0007908', 'epoch': '4.07'}
{'loss': '4.653', 'grad_norm': '3.937', 'learning_rate': '0.0007487', 'epoch': '4.654'}
{'eval_loss': '0.7072', 'eval_wer': '0.5006', 'eval_cer': '0.2012', 'eval_runtime': '8.344', 'eval_samples_per_second': '6.232', 'eval_steps_per_second': '3.116', 'epoch': '4.654'}
{'loss': '4.194', 'grad_norm': '5.584', 'learning_rate': '0.0007067', 'epoch': '5.234'}
{'loss': '4.246', 'grad_norm': '8.557', 'learning_rate': '0.0006647', 'epoch': '5.818'}
{'eval_loss': '0.6904', 'eval_wer': '0.4777', 'eval_cer': '0.1955', 'eval_runtime': '8.43', 'eval_samples_per_second': '6.169', 'eval_steps_per_second': '3.084', 'epoch': '5.818'}
{'loss': '3.791', 'grad_norm': '3.859', 'learning_rate': '0.0006227', 'epoch': '6.397'}
{'loss': '3.51', 'grad_norm': '17.47', 'learning_rate': '0.0005807', 'epoch': '6.981'}
{'eval_loss': '0.7171', 'eval_wer': '0.4577', 'eval_cer': '0.1893', 'eval_runtime': '8.406', 'eval_samples_per_second': '6.186', 'eval_steps_per_second': '3.093', 'epoch': '6.981'}
{'loss': '3.292', 'grad_norm': '8.902', 'learning_rate': '0.0005387', 'epoch': '7.561'}
{'loss': '3.27', 'grad_norm': '6.055', 'learning_rate': '0.0004966', 'epoch': '8.14'}
{'eval_loss': '0.6716', 'eval_wer': '0.4415', 'eval_cer': '0.1834', 'eval_runtime': '8.418', 'eval_samples_per_second': '6.177', 'eval_steps_per_second': '3.088', 'epoch': '8.14'}
{'loss': '2.745', 'grad_norm': '6.737', 'learning_rate': '0.0004546', 'epoch': '8.724'}
{'loss': '2.715', 'grad_norm': '7.755', 'learning_rate': '0.0004126', 'epoch': '9.304'}
{'eval_loss': '0.649', 'eval_wer': '0.4252', 'eval_cer': '0.1792', 'eval_runtime': '8.371', 'eval_samples_per_second': '6.212', 'eval_steps_per_second': '3.106', 'epoch': '9.304'}
{'loss': '2.505', 'grad_norm': '5.401', 'learning_rate': '0.0003706', 'epoch': '9.888'}
{'loss': '2.185', 'grad_norm': '6.417', 'learning_rate': '0.0003286', 'epoch': '10.47'}
{'eval_loss': '0.7578', 'eval_wer': '0.4244', 'eval_cer': '0.1812', 'eval_runtime': '8.387', 'eval_samples_per_second': '6.2', 'eval_steps_per_second': '3.1', 'epoch': '10.47'}
{'loss': '2.083', 'grad_norm': '4.238', 'learning_rate': '0.0002866', 'epoch': '11.05'}
{'loss': '1.759', 'grad_norm': '5.499', 'learning_rate': '0.0002445', 'epoch': '11.63'}
{'eval_loss': '0.7212', 'eval_wer': '0.4148', 'eval_cer': '0.1771', 'eval_runtime': '8.374', 'eval_samples_per_second': '6.21', 'eval_steps_per_second': '3.105', 'epoch': '11.63'}
{'loss': '1.59', 'grad_norm': '7.511', 'learning_rate': '0.0002025', 'epoch': '12.21'}
{'loss': '1.495', 'grad_norm': '12.01', 'learning_rate': '0.0001605', 'epoch': '12.79'}
{'eval_loss': '0.8261', 'eval_wer': '0.4011', 'eval_cer': '0.1724', 'eval_runtime': '8.377', 'eval_samples_per_second': '6.208', 'eval_steps_per_second': '3.104', 'epoch': '12.79'}
{'loss': '1.384', 'grad_norm': '4.109', 'learning_rate': '0.0001185', 'epoch': '13.37'}
{'loss': '1.176', 'grad_norm': '4.433', 'learning_rate': '7.647e-05', 'epoch': '13.96'}
{'eval_loss': '0.8584', 'eval_wer': '0.3903', 'eval_cer': '0.1713', 'eval_runtime': '8.378', 'eval_samples_per_second': '6.207', 'eval_steps_per_second': '3.103', 'epoch': '13.96'}
{'loss': '1.017', 'grad_norm': '2.696', 'learning_rate': '3.445e-05', 'epoch': '14.54'}
{'train_runtime': '5199', 'train_samples_per_second': '3.953', 'train_steps_per_second': '0.248', 'train_loss': '6.857', 'epoch': '15'}

Saving adapter weights...
  Adapter saved to: /mmfs1/gscratch/scrubbed/anonymous_user/low-resource-asr/models/xlsr/lth/all/adapter_lth.safetensors
  Saving full model...

Final evaluation (validation, greedy):
  Greedy WER: 0.3915
  Greedy CER: 0.1716

Evaluating on test set (greedy)...
  Test WER (greedy): 0.3637
  Test CER (greedy): 0.1556
  Transcriptions saved to: /mmfs1/gscratch/scrubbed/anonymous_user/low-resource-asr/results/transcriptions/transcriptions_xlsr_lth_all_20260301_162607.tsv

Building LM decoder...
  LM decoder: beam search with unigrams (no ARPA) (beam_width=100)

Final evaluation (validation, LM decoding)...
  LM WER: 0.3873
  LM CER: 0.1724

Evaluating on test set (LM decoding)...
  Test LM WER: 0.3624
  Test LM CER: 0.1594
  LM transcriptions saved to: /mmfs1/gscratch/scrubbed/anonymous_user/low-resource-asr/results/transcriptions/transcriptions_xlsr_lm_lth_all_20260301_162607.tsv
  Results saved to: /mmfs1/gscratch/scrubbed/anonymous_user/low-resource-asr/models/xlsr/lth/all/eval_results.json
  Training log saved to: /mmfs1/gscratch/scrubbed/anonymous_user/low-resource-asr/results/training_logs/xlsr_aft_all_lth_20260301_162607.log

Pushing to Hugging Face Hub: anonymous/xlsr-1b-aft-all-lth
  Pushing model...
  Pushing processor...
  Pushing adapter weights...
  Pushing model card...
  Successfully pushed to: https://huggingface.co/anonymous/xlsr-1b-aft-all-lth

============================================================
Training complete!
============================================================
Model saved to: /mmfs1/gscratch/scrubbed/anonymous_user/low-resource-asr/models/xlsr/lth/all
Model pushed to: https://huggingface.co/anonymous/xlsr-1b-aft-all-lth

==========================================
Training complete for lth!
End time: Sun Mar  1 18:03:18 PST 2026
==========================================
