==========================================
MMS Adapter Fine-tuning on Hyak
==========================================
Language: meh  Split: all (task 11 of 21)
Job ID: 33594233 (Array Job: 33591209)
Node: g3095
GPUs: 0
Start time: Sun Mar  1 17:07:09 PST 2026

Checking GPU availability...
CUDA available: True
GPU: NVIDIA L40

Starting training for meh (split=all)...
============================================================
XLS-R 1B Adapter Fine-tuning for meh (Southwestern Tlaxiaco Mixtec) split=all
============================================================
Base model: facebook/wav2vec2-xls-r-1b
Adapter attn dim: 256
Output directory: /mmfs1/gscratch/scrubbed/vitthal1/low-resource-asr/models/xlsr/meh/all
Device: cuda
Push to HF: True
HF Repo: vitthalbhandari/xlsr-1b-aft-all-meh

Loading data for meh (Southwestern Tlaxiaco Mixtec) split=all...
  Train: /mmfs1/gscratch/scrubbed/vitthal1/low-resource-asr/data/mozilla_speech_data/meh/train-all_meh.tsv
  Val: /mmfs1/gscratch/scrubbed/vitthal1/low-resource-asr/data/mozilla_speech_data/meh/validation_meh.tsv
  Train: 666 samples (6.64 h)
  Validation: 93 samples (1.00 h)

Building vocabulary...
  Vocabulary saved to /mmfs1/gscratch/scrubbed/vitthal1/low-resource-asr/models/xlsr/meh/all/vocab.json (62 tokens)

Preparing datasets...
  Max audio length from CSV (p97.5 for meh): 118.16s
  Dropped 17 train, 0 val samples (over 118.16s).

Loading XLS-R model (facebook/wav2vec2-xls-r-1b)...
  Trainable parameters: 31,735,872 / 994,233,280 (3.19%)

Training configuration:
  Epochs: 15
  Batch size: 2
  Gradient accumulation: 8
  Effective batch size: 16
  Learning rate: 0.001
  FP16: False, BF16: True

Starting training...
{'loss': '102.5', 'grad_norm': '49.53', 'learning_rate': '0.00049', 'epoch': '1.222'}
{'loss': '24.76', 'grad_norm': '76.11', 'learning_rate': '0.00099', 'epoch': '2.443'}
{'eval_loss': '2.97', 'eval_wer': '1', 'eval_cer': '1', 'eval_runtime': '30.82', 'eval_samples_per_second': '3.018', 'eval_steps_per_second': '1.525', 'epoch': '2.443'}
{'loss': '43.07', 'grad_norm': '18.13', 'learning_rate': '0.0009049', 'epoch': '3.665'}
{'loss': '12.77', 'grad_norm': '10.7', 'learning_rate': '0.0008078', 'epoch': '4.886'}
{'eval_loss': '0.863', 'eval_wer': '0.7776', 'eval_cer': '0.2809', 'eval_runtime': '30.88', 'eval_samples_per_second': '3.012', 'eval_steps_per_second': '1.522', 'epoch': '4.886'}
{'loss': '5.857', 'grad_norm': '7.898', 'learning_rate': '0.0007107', 'epoch': '6.098'}
{'loss': '4.437', 'grad_norm': '3.397', 'learning_rate': '0.0006136', 'epoch': '7.32'}
{'eval_loss': '0.5994', 'eval_wer': '0.4094', 'eval_cer': '0.1492', 'eval_runtime': '31.05', 'eval_samples_per_second': '2.995', 'eval_steps_per_second': '1.514', 'epoch': '7.32'}
{'loss': '3.945', 'grad_norm': '2.477', 'learning_rate': '0.0005165', 'epoch': '8.542'}
{'loss': '3.143', 'grad_norm': '3.83', 'learning_rate': '0.0004194', 'epoch': '9.763'}
{'eval_loss': '0.5826', 'eval_wer': '0.4034', 'eval_cer': '0.1494', 'eval_runtime': '30.79', 'eval_samples_per_second': '3.021', 'eval_steps_per_second': '1.527', 'epoch': '9.763'}
{'loss': '2.533', 'grad_norm': '3.92', 'learning_rate': '0.0003223', 'epoch': '10.98'}
{'loss': '2.394', 'grad_norm': '8.449', 'learning_rate': '0.0002252', 'epoch': '12.2'}
{'eval_loss': '0.6009', 'eval_wer': '0.3684', 'eval_cer': '0.1407', 'eval_runtime': '30.94', 'eval_samples_per_second': '3.005', 'eval_steps_per_second': '1.519', 'epoch': '12.2'}
{'loss': '1.715', 'grad_norm': '2.682', 'learning_rate': '0.0001282', 'epoch': '13.42'}
{'loss': '1.396', 'grad_norm': '2.03', 'learning_rate': '3.107e-05', 'epoch': '14.64'}
{'eval_loss': '0.6604', 'eval_wer': '0.377', 'eval_cer': '0.1436', 'eval_runtime': '30.68', 'eval_samples_per_second': '3.032', 'eval_steps_per_second': '1.532', 'epoch': '14.64'}
{'train_runtime': '5102', 'train_samples_per_second': '1.908', 'train_steps_per_second': '0.121', 'train_loss': '16.98', 'epoch': '15'}

Saving adapter weights...
  Adapter saved to: /mmfs1/gscratch/scrubbed/vitthal1/low-resource-asr/models/xlsr/meh/all/adapter_meh.safetensors
  Saving full model...

Final evaluation (validation, greedy):
  Greedy WER: 0.4045
  Greedy CER: 0.1497

Evaluating on test set (greedy)...
  Test WER (greedy): 0.4454
  Test CER (greedy): 0.1831
  Transcriptions saved to: /mmfs1/gscratch/scrubbed/vitthal1/low-resource-asr/results/transcriptions/transcriptions_xlsr_meh_all_20260301_170802.tsv

Building LM decoder...
  LM decoder: beam search with unigrams (no ARPA) (beam_width=100)

Final evaluation (validation, LM decoding)...
  LM WER: 0.3904
  LM CER: 0.1450

Evaluating on test set (LM decoding)...
  Test LM WER: 0.4355
  Test LM CER: 0.1777
  LM transcriptions saved to: /mmfs1/gscratch/scrubbed/vitthal1/low-resource-asr/results/transcriptions/transcriptions_xlsr_lm_meh_all_20260301_170802.tsv
  Results saved to: /mmfs1/gscratch/scrubbed/vitthal1/low-resource-asr/models/xlsr/meh/all/eval_results.json
  Training log saved to: /mmfs1/gscratch/scrubbed/vitthal1/low-resource-asr/results/training_logs/xlsr_aft_all_meh_20260301_170802.log

Pushing to Hugging Face Hub: vitthalbhandari/xlsr-1b-aft-all-meh
  Pushing model...
  Pushing processor...
  Pushing adapter weights...
  Pushing model card...
  Successfully pushed to: https://huggingface.co/vitthalbhandari/xlsr-1b-aft-all-meh

============================================================
Training complete!
============================================================
Model saved to: /mmfs1/gscratch/scrubbed/vitthal1/low-resource-asr/models/xlsr/meh/all
Model pushed to: https://huggingface.co/vitthalbhandari/xlsr-1b-aft-all-meh

==========================================
Training complete for meh!
End time: Sun Mar  1 18:45:59 PST 2026
==========================================
