==========================================
Combined Fine-tuning (MMS + XLS-R + Whisper)
==========================================
Language: kcn
Splits: one mid all
Job ID: 33864802
Node: g3110
GPUs: 0
Start time: Sat Mar 14 16:03:38 PDT 2026

Checking GPU availability...
CUDA available: True
GPU: NVIDIA L40S

==========================================
[MMS] Language=kcn  Split=one  Start: Sat Mar 14 16:06:54 PDT 2026
==========================================
============================================================
MMS Adapter Fine-tuning for kcn (Nubi) split=one
============================================================
Output directory: /mmfs1/gscratch/scrubbed/vitthal1/low-resource-asr/models/mms/kcn/one
Device: cuda
Push to HF: True
HF Repo: vitthalbhandari/mms-1b-all-aft-one-kcn

Loading data for kcn (Nubi) split=one...
  Train: /mmfs1/gscratch/scrubbed/vitthal1/low-resource-asr/data/mozilla_speech_data/kcn/train-one_kcn.tsv
  Val: /mmfs1/gscratch/scrubbed/vitthal1/low-resource-asr/data/mozilla_speech_data/kcn/validation_kcn.tsv
  Train: 135 samples (1.00 h)
  Validation: 152 samples (0.57 h)

Building vocabulary...
  Vocabulary saved to /mmfs1/gscratch/scrubbed/vitthal1/low-resource-asr/models/mms/kcn/one/vocab.json (56 tokens)

Preparing datasets...
  Max audio length from CSV (p97.5 for kcn): 50.22s
  Dropped 9 train, 1 val samples (over 50.22s).

Loading MMS model...
  Trainable parameters: 2,225,466 / 964,722,874 (0.23%)
