==========================================
CTC LM Confirmatory Ablation (decode-only)
==========================================
Task: 20
Model: mms
Language: ukv
Split: all
Set A: n=4 alpha=0.5 beta=1.0 beam=100
Set B: n=3 alpha=0.2 beta=1.0 beam=50
Start time: Mon Mar 23 00:16:08 PDT 2026

Checking lmplz availability...
/gscratch/scrubbed/anonymous_user/tools/kenlm/build/bin/lmplz
lmplz sanity build OK
Running Set A decoding...

Loading data for ukv (Kuku) split=all...
  Train: /gscratch/scrubbed/anonymous_user/low-resource-asr/data/mozilla_speech_data/ukv/train-all_ukv.tsv
  Val: /gscratch/scrubbed/anonymous_user/low-resource-asr/data/mozilla_speech_data/ukv/validation_ukv.tsv
  Train: 1505 samples (7.21 h)
  Validation: 142 samples (0.65 h)
Running greedy predictions...
Running unigram beam baseline...
Running n-gram sweep...
  Built 4-gram ARPA LM: /gscratch/scrubbed/anonymous_user/low-resource-asr/results/lm_ablation/arpa_artifacts/mms/ukv/all/lm_4gram.arpa
========================================================================
Saved results to: results/lm_ablation/two_settings/34052631/mms_ukv_all_setA.json
Checkpoint source: hf (anonymous/mms-1b-all-aft-all-ukv @ main)
Selection split: test
Greedy test WER:   0.4217
Unigram test WER:  0.4144
Best n-gram test WER: 0.3614
Best params: n=4, alpha=0.5, beta=1.0, beam=100
========================================================================
Running Set B decoding...

Loading data for ukv (Kuku) split=all...
  Train: /gscratch/scrubbed/anonymous_user/low-resource-asr/data/mozilla_speech_data/ukv/train-all_ukv.tsv
  Val: /gscratch/scrubbed/anonymous_user/low-resource-asr/data/mozilla_speech_data/ukv/validation_ukv.tsv
  Train: 1505 samples (7.21 h)
  Validation: 142 samples (0.65 h)
Running greedy predictions...
Running unigram beam baseline...
Running n-gram sweep...
  Built 3-gram ARPA LM: /gscratch/scrubbed/anonymous_user/low-resource-asr/results/lm_ablation/arpa_artifacts/mms/ukv/all/lm_3gram.arpa
========================================================================
Saved results to: results/lm_ablation/two_settings/34052631/mms_ukv_all_setB.json
Checkpoint source: hf (anonymous/mms-1b-all-aft-all-ukv @ main)
Selection split: test
Greedy test WER:   0.4217
Unigram test WER:  0.4144
Best n-gram test WER: 0.3770
Best params: n=3, alpha=0.2, beta=1.0, beam=50
========================================================================
Refreshing combined test-WER CSV summary...
