==========================================
CTC LM Pilot Ablation (decode-only)
==========================================
Task: 0
Model: mms
Language: sco
Split: all
Start time: Sun Mar 22 19:59:32 PDT 2026

Checking lmplz availability...
/gscratch/scrubbed/vitthal1/tools/kenlm/build/bin/lmplz
lmplz sanity build OK

Loading data for sco (Scots) split=all...
  Train: /gscratch/scrubbed/vitthal1/low-resource-asr/data/mozilla_speech_data/sco/train-all_sco.tsv
  Val: /gscratch/scrubbed/vitthal1/low-resource-asr/data/mozilla_speech_data/sco/validation_sco.tsv
  Train: 423 samples (6.35 h)
  Validation: 37 samples (0.99 h)
Running greedy predictions...
Running unigram beam baseline...
Running n-gram sweep...
  Built 3-gram ARPA LM: /gscratch/scrubbed/vitthal1/low-resource-asr/results/lm_ablation/arpa_artifacts/mms/sco/all/lm_3gram.arpa
