==========================================
CTC LM Confirmatory Ablation (decode-only)
==========================================
Task: 13
Model: mms
Language: pne
Split: all
Set A: n=4 alpha=0.5 beta=1.0 beam=100
Set B: n=3 alpha=0.2 beta=1.0 beam=50
Start time: Mon Mar 23 00:08:43 PDT 2026

Checking lmplz availability...
/gscratch/scrubbed/anonymous_user/tools/kenlm/build/bin/lmplz
lmplz sanity build OK
Running Set A decoding...

Loading data for pne (Western Penan) split=all...
  Train: /gscratch/scrubbed/anonymous_user/low-resource-asr/data/mozilla_speech_data/pne/train-all_pne.tsv
  Val: /gscratch/scrubbed/anonymous_user/low-resource-asr/data/mozilla_speech_data/pne/validation_pne.tsv
  Train: 1811 samples (8.48 h)
  Validation: 310 samples (1.30 h)
Running greedy predictions...
Running unigram beam baseline...
Running n-gram sweep...
  Built 4-gram ARPA LM: /gscratch/scrubbed/anonymous_user/low-resource-asr/results/lm_ablation/arpa_artifacts/mms/pne/all/lm_4gram.arpa
========================================================================
Saved results to: results/lm_ablation/two_settings/34052631/mms_pne_all_setA.json
Checkpoint source: hf (anonymous/mms-1b-all-aft-all-pne @ main)
Selection split: test
Greedy test WER:   0.3479
Unigram test WER:  0.3411
Best n-gram test WER: 0.2641
Best params: n=4, alpha=0.5, beta=1.0, beam=100
========================================================================
Running Set B decoding...

Loading data for pne (Western Penan) split=all...
  Train: /gscratch/scrubbed/anonymous_user/low-resource-asr/data/mozilla_speech_data/pne/train-all_pne.tsv
  Val: /gscratch/scrubbed/anonymous_user/low-resource-asr/data/mozilla_speech_data/pne/validation_pne.tsv
  Train: 1811 samples (8.48 h)
  Validation: 310 samples (1.30 h)
Running greedy predictions...
Running unigram beam baseline...
Running n-gram sweep...
  Built 3-gram ARPA LM: /gscratch/scrubbed/anonymous_user/low-resource-asr/results/lm_ablation/arpa_artifacts/mms/pne/all/lm_3gram.arpa
========================================================================
Saved results to: results/lm_ablation/two_settings/34052631/mms_pne_all_setB.json
Checkpoint source: hf (anonymous/mms-1b-all-aft-all-pne @ main)
Selection split: test
Greedy test WER:   0.3479
Unigram test WER:  0.3411
Best n-gram test WER: 0.2788
Best params: n=3, alpha=0.2, beta=1.0, beam=50
========================================================================
Refreshing combined test-WER CSV summary...
