==========================================
CTC LM Confirmatory Ablation (decode-only)
==========================================
Task: 41
Model: xlsr
Language: ukv
Split: all
Set A: n=4 alpha=0.5 beta=1.0 beam=100
Set B: n=3 alpha=0.2 beta=1.0 beam=50
Start time: Mon Mar 23 00:41:31 PDT 2026

Checking lmplz availability...
/gscratch/scrubbed/vitthal1/tools/kenlm/build/bin/lmplz
lmplz sanity build OK
Running Set A decoding...

Loading data for ukv (Kuku) split=all...
  Train: /gscratch/scrubbed/vitthal1/low-resource-asr/data/mozilla_speech_data/ukv/train-all_ukv.tsv
  Val: /gscratch/scrubbed/vitthal1/low-resource-asr/data/mozilla_speech_data/ukv/validation_ukv.tsv
  Train: 1505 samples (7.21 h)
  Validation: 142 samples (0.65 h)
Running greedy predictions...
Running unigram beam baseline...
Running n-gram sweep...
  Built 4-gram ARPA LM: /gscratch/scrubbed/vitthal1/low-resource-asr/results/lm_ablation/arpa_artifacts/xlsr/ukv/all/lm_4gram.arpa
========================================================================
Saved results to: results/lm_ablation/two_settings/34052631/xlsr_ukv_all_setA.json
Checkpoint source: hf (vitthalbhandari/xlsr-1b-aft-all-ukv @ main)
Selection split: test
Greedy test WER:   0.3938
Unigram test WER:  0.3809
Best n-gram test WER: 0.3524
Best params: n=4, alpha=0.5, beta=1.0, beam=100
========================================================================
Running Set B decoding...

Loading data for ukv (Kuku) split=all...
  Train: /gscratch/scrubbed/vitthal1/low-resource-asr/data/mozilla_speech_data/ukv/train-all_ukv.tsv
  Val: /gscratch/scrubbed/vitthal1/low-resource-asr/data/mozilla_speech_data/ukv/validation_ukv.tsv
  Train: 1505 samples (7.21 h)
  Validation: 142 samples (0.65 h)
Running greedy predictions...
Running unigram beam baseline...
Running n-gram sweep...
  Built 3-gram ARPA LM: /gscratch/scrubbed/vitthal1/low-resource-asr/results/lm_ablation/arpa_artifacts/xlsr/ukv/all/lm_3gram.arpa
========================================================================
Saved results to: results/lm_ablation/two_settings/34052631/xlsr_ukv_all_setB.json
Checkpoint source: hf (vitthalbhandari/xlsr-1b-aft-all-ukv @ main)
Selection split: test
Greedy test WER:   0.3938
Unigram test WER:  0.3809
Best n-gram test WER: 0.3509
Best params: n=3, alpha=0.2, beta=1.0, beam=50
========================================================================
Refreshing combined test-WER CSV summary...
