==========================================
CTC LM Pilot Ablation (decode-only)
==========================================
Task: 4
Model: xlsr
Language: kcn
Split: all
Start time: Sun Mar 22 14:19:37 PDT 2026


Loading data for kcn (Nubi) split=all...
  Train: /gscratch/scrubbed/vitthal1/low-resource-asr/data/mozilla_speech_data/kcn/train-all_kcn.tsv
  Val: /gscratch/scrubbed/vitthal1/low-resource-asr/data/mozilla_speech_data/kcn/validation_kcn.tsv
  Train: 1395 samples (7.21 h)
  Validation: 152 samples (0.57 h)
Running greedy predictions...
Running unigram beam baseline...
Running n-gram sweep...
========================================================================
Saved results to: /gscratch/scrubbed/vitthal1/low-resource-asr/results/lm_ablation/xlsr_kcn_all_lm_ablation.json
Checkpoint source: hf (vitthalbhandari/xlsr-1b-aft-all-kcn @ main)
Greedy val WER:   0.3745
Unigram val WER:  0.3704
Best n-gram val WER: 0.3702
Best params: n=3, alpha=0.2, beta=0.0, beam=50
========================================================================

Completed at: Sun Mar 22 14:38:17 PDT 2026
