==========================================
CTC LM Pilot Ablation (decode-only)
==========================================
Task: 0
Model: mms
Language: sco
Split: all
Start time: Sun Mar 22 18:41:08 PDT 2026


Loading data for sco (Scots) split=all...
  Train: /gscratch/scrubbed/vitthal1/low-resource-asr/data/mozilla_speech_data/sco/train-all_sco.tsv
  Val: /gscratch/scrubbed/vitthal1/low-resource-asr/data/mozilla_speech_data/sco/validation_sco.tsv
  Train: 423 samples (6.35 h)
  Validation: 37 samples (0.99 h)
Running greedy predictions...
Running unigram beam baseline...
Running n-gram sweep...
========================================================================
Saved results to: /gscratch/scrubbed/vitthal1/low-resource-asr/results/lm_ablation/mms_sco_all_lm_ablation.json
Checkpoint source: hf (vitthalbhandari/mms-1b-all-aft-all-sco @ main)
Selection split: test
Greedy test WER:   0.3234
Unigram test WER:  0.3206
Best n-gram test WER: 0.3206
Best params: n=3, alpha=0.2, beta=0.0, beam=100
========================================================================

Completed at: Sun Mar 22 19:03:47 PDT 2026
