==========================================
CTC LM Confirmatory Ablation (decode-only)
==========================================
Task: 22
Model: xlsr
Language: bew
Split: all
Set A: n=4 alpha=0.5 beta=1.0 beam=100
Set B: n=3 alpha=0.2 beta=1.0 beam=50
Start time: Mon Mar 23 00:19:09 PDT 2026

Checking lmplz availability...
/gscratch/scrubbed/vitthal1/tools/kenlm/build/bin/lmplz
lmplz sanity build OK
Running Set A decoding...

Loading data for bew (Betawi) split=all...
  Train: /gscratch/scrubbed/vitthal1/low-resource-asr/data/mozilla_speech_data/bew/train-all_bew.tsv
  Val: /gscratch/scrubbed/vitthal1/low-resource-asr/data/mozilla_speech_data/bew/validation_bew.tsv
  Train: 814 samples (5.79 h)
  Validation: 240 samples (2.23 h)
Running greedy predictions...
Running unigram beam baseline...
Running n-gram sweep...
  Built 4-gram ARPA LM: /gscratch/scrubbed/vitthal1/low-resource-asr/results/lm_ablation/arpa_artifacts/xlsr/bew/all/lm_4gram.arpa
========================================================================
Saved results to: results/lm_ablation/two_settings/34052631/xlsr_bew_all_setA.json
Checkpoint source: hf (vitthalbhandari/xlsr-1b-aft-all-bew @ main)
Selection split: test
Greedy test WER:   0.7778
Unigram test WER:  0.7609
Best n-gram test WER: 0.6169
Best params: n=4, alpha=0.5, beta=1.0, beam=100
========================================================================
Running Set B decoding...

Loading data for bew (Betawi) split=all...
  Train: /gscratch/scrubbed/vitthal1/low-resource-asr/data/mozilla_speech_data/bew/train-all_bew.tsv
  Val: /gscratch/scrubbed/vitthal1/low-resource-asr/data/mozilla_speech_data/bew/validation_bew.tsv
  Train: 814 samples (5.79 h)
  Validation: 240 samples (2.23 h)
Running greedy predictions...
Running unigram beam baseline...
Running n-gram sweep...
  Built 3-gram ARPA LM: /gscratch/scrubbed/vitthal1/low-resource-asr/results/lm_ablation/arpa_artifacts/xlsr/bew/all/lm_3gram.arpa
========================================================================
Saved results to: results/lm_ablation/two_settings/34052631/xlsr_bew_all_setB.json
Checkpoint source: hf (vitthalbhandari/xlsr-1b-aft-all-bew @ main)
Selection split: test
Greedy test WER:   0.7778
Unigram test WER:  0.7609
Best n-gram test WER: 0.6431
Best params: n=3, alpha=0.2, beta=1.0, beam=50
========================================================================
Refreshing combined test-WER CSV summary...
