==========================================
CTC LM Confirmatory Ablation (decode-only)
==========================================
Task: 27
Model: xlsr
Language: kcn
Split: all
Set A: n=4 alpha=0.5 beta=1.0 beam=100
Set B: n=3 alpha=0.2 beta=1.0 beam=50
Start time: Mon Mar 23 00:24:21 PDT 2026

Checking lmplz availability...
/gscratch/scrubbed/vitthal1/tools/kenlm/build/bin/lmplz
lmplz sanity build OK
Running Set A decoding...

Loading data for kcn (Nubi) split=all...
  Train: /gscratch/scrubbed/vitthal1/low-resource-asr/data/mozilla_speech_data/kcn/train-all_kcn.tsv
  Val: /gscratch/scrubbed/vitthal1/low-resource-asr/data/mozilla_speech_data/kcn/validation_kcn.tsv
  Train: 1395 samples (7.21 h)
  Validation: 152 samples (0.57 h)
Running greedy predictions...
Running unigram beam baseline...
Running n-gram sweep...
  Built 4-gram ARPA LM: /gscratch/scrubbed/vitthal1/low-resource-asr/results/lm_ablation/arpa_artifacts/xlsr/kcn/all/lm_4gram.arpa
========================================================================
Saved results to: results/lm_ablation/two_settings/34052631/xlsr_kcn_all_setA.json
Checkpoint source: hf (vitthalbhandari/xlsr-1b-aft-all-kcn @ main)
Selection split: test
Greedy test WER:   0.5556
Unigram test WER:  0.5433
Best n-gram test WER: 0.4823
Best params: n=4, alpha=0.5, beta=1.0, beam=100
========================================================================
Running Set B decoding...

Loading data for kcn (Nubi) split=all...
  Train: /gscratch/scrubbed/vitthal1/low-resource-asr/data/mozilla_speech_data/kcn/train-all_kcn.tsv
  Val: /gscratch/scrubbed/vitthal1/low-resource-asr/data/mozilla_speech_data/kcn/validation_kcn.tsv
  Train: 1395 samples (7.21 h)
  Validation: 152 samples (0.57 h)
Running greedy predictions...
Running unigram beam baseline...
Running n-gram sweep...
  Built 3-gram ARPA LM: /gscratch/scrubbed/vitthal1/low-resource-asr/results/lm_ablation/arpa_artifacts/xlsr/kcn/all/lm_3gram.arpa
========================================================================
Saved results to: results/lm_ablation/two_settings/34052631/xlsr_kcn_all_setB.json
Checkpoint source: hf (vitthalbhandari/xlsr-1b-aft-all-kcn @ main)
Selection split: test
Greedy test WER:   0.5556
Unigram test WER:  0.5433
Best n-gram test WER: 0.4943
Best params: n=3, alpha=0.2, beta=1.0, beam=50
========================================================================
Refreshing combined test-WER CSV summary...
