==========================================
CTC LM Confirmatory Ablation (decode-only)
==========================================
Task: 12
Model: mms
Language: mmc
Split: all
Set A: n=4 alpha=0.5 beta=1.0 beam=100
Set B: n=3 alpha=0.2 beta=1.0 beam=50
Start time: Mon Mar 23 00:07:13 PDT 2026

Checking lmplz availability...
/gscratch/scrubbed/anonymous_user/tools/kenlm/build/bin/lmplz
lmplz sanity build OK
Running Set A decoding...

Loading data for mmc (Michoacán Mazahua) split=all...
  Train: /gscratch/scrubbed/anonymous_user/low-resource-asr/data/mozilla_speech_data/mmc/train-all_mmc.tsv
  Val: /gscratch/scrubbed/anonymous_user/low-resource-asr/data/mozilla_speech_data/mmc/validation_mmc.tsv
  Train: 473 samples (7.22 h)
  Validation: 172 samples (1.54 h)
Running greedy predictions...
Running unigram beam baseline...
Running n-gram sweep...
  Built 4-gram ARPA LM: /gscratch/scrubbed/anonymous_user/low-resource-asr/results/lm_ablation/arpa_artifacts/mms/mmc/all/lm_4gram.arpa
========================================================================
Saved results to: results/lm_ablation/two_settings/34052631/mms_mmc_all_setA.json
Checkpoint source: hf (anonymous/mms-1b-all-aft-all-mmc @ main)
Selection split: test
Greedy test WER:   0.7635
Unigram test WER:  0.7656
Best n-gram test WER: 0.7051
Best params: n=4, alpha=0.5, beta=1.0, beam=100
========================================================================
Running Set B decoding...

Loading data for mmc (Michoacán Mazahua) split=all...
  Train: /gscratch/scrubbed/anonymous_user/low-resource-asr/data/mozilla_speech_data/mmc/train-all_mmc.tsv
  Val: /gscratch/scrubbed/anonymous_user/low-resource-asr/data/mozilla_speech_data/mmc/validation_mmc.tsv
  Train: 473 samples (7.22 h)
  Validation: 172 samples (1.54 h)
Running greedy predictions...
Running unigram beam baseline...
Running n-gram sweep...
  Built 3-gram ARPA LM: /gscratch/scrubbed/anonymous_user/low-resource-asr/results/lm_ablation/arpa_artifacts/mms/mmc/all/lm_3gram.arpa
========================================================================
Saved results to: results/lm_ablation/two_settings/34052631/mms_mmc_all_setB.json
Checkpoint source: hf (anonymous/mms-1b-all-aft-all-mmc @ main)
Selection split: test
Greedy test WER:   0.7635
Unigram test WER:  0.7656
Best n-gram test WER: 0.7378
Best params: n=3, alpha=0.2, beta=1.0, beam=50
========================================================================
Refreshing combined test-WER CSV summary...
