==========================================
CTC LM Confirmatory Ablation (decode-only)
==========================================
Task: 25
Model: xlsr
Language: el-CY
Split: all
Set A: n=4 alpha=0.5 beta=1.0 beam=100
Set B: n=3 alpha=0.2 beta=1.0 beam=50
Start time: Mon Mar 23 00:20:50 PDT 2026

Checking lmplz availability...
/gscratch/scrubbed/vitthal1/tools/kenlm/build/bin/lmplz
lmplz sanity build OK
Running Set A decoding...

Loading data for el-CY (Cypriot Greek) split=all...
  Train: /gscratch/scrubbed/vitthal1/low-resource-asr/data/mozilla_speech_data/el-CY/train-all_el-CY.tsv
  Val: /gscratch/scrubbed/vitthal1/low-resource-asr/data/mozilla_speech_data/el-CY/validation_el-CY.tsv
  Train: 782 samples (7.15 h)
  Validation: 277 samples (1.47 h)
Running greedy predictions...
Running unigram beam baseline...
Running n-gram sweep...
  Built 4-gram ARPA LM: /gscratch/scrubbed/vitthal1/low-resource-asr/results/lm_ablation/arpa_artifacts/xlsr/el-CY/all/lm_4gram.arpa
========================================================================
Saved results to: results/lm_ablation/two_settings/34052631/xlsr_el-CY_all_setA.json
Checkpoint source: hf (vitthalbhandari/xlsr-1b-aft-all-el-CY @ main)
Selection split: test
Greedy test WER:   0.9233
Unigram test WER:  0.9244
Best n-gram test WER: 0.6708
Best params: n=4, alpha=0.5, beta=1.0, beam=100
========================================================================
Running Set B decoding...

Loading data for el-CY (Cypriot Greek) split=all...
  Train: /gscratch/scrubbed/vitthal1/low-resource-asr/data/mozilla_speech_data/el-CY/train-all_el-CY.tsv
  Val: /gscratch/scrubbed/vitthal1/low-resource-asr/data/mozilla_speech_data/el-CY/validation_el-CY.tsv
  Train: 782 samples (7.15 h)
  Validation: 277 samples (1.47 h)
Running greedy predictions...
Running unigram beam baseline...
Running n-gram sweep...
  Built 3-gram ARPA LM: /gscratch/scrubbed/vitthal1/low-resource-asr/results/lm_ablation/arpa_artifacts/xlsr/el-CY/all/lm_3gram.arpa
========================================================================
Saved results to: results/lm_ablation/two_settings/34052631/xlsr_el-CY_all_setB.json
Checkpoint source: hf (vitthalbhandari/xlsr-1b-aft-all-el-CY @ main)
Selection split: test
Greedy test WER:   0.9233
Unigram test WER:  0.9244
Best n-gram test WER: 0.8079
Best params: n=3, alpha=0.2, beta=1.0, beam=50
========================================================================
Refreshing combined test-WER CSV summary...
