==========================================
CTC LM Confirmatory Ablation (decode-only)
==========================================
Task: 7
Model: mms
Language: koo
Split: all
Set A: n=4 alpha=0.5 beta=1.0 beam=100
Set B: n=3 alpha=0.2 beta=1.0 beam=50
Start time: Mon Mar 23 00:03:35 PDT 2026

Checking lmplz availability...
/gscratch/scrubbed/anonymous_user/tools/kenlm/build/bin/lmplz
lmplz sanity build OK
Running Set A decoding...

Loading data for koo (Konzo) split=all...
  Train: /gscratch/scrubbed/anonymous_user/low-resource-asr/data/mozilla_speech_data/koo/train-all_koo.tsv
  Val: /gscratch/scrubbed/anonymous_user/low-resource-asr/data/mozilla_speech_data/koo/validation_koo.tsv
  Train: 1739 samples (7.83 h)
  Validation: 99 samples (0.59 h)
Running greedy predictions...
Running unigram beam baseline...
Running n-gram sweep...
  Built 4-gram ARPA LM: /gscratch/scrubbed/anonymous_user/low-resource-asr/results/lm_ablation/arpa_artifacts/mms/koo/all/lm_4gram.arpa
========================================================================
Saved results to: results/lm_ablation/two_settings/34052631/mms_koo_all_setA.json
Checkpoint source: hf (anonymous/mms-1b-all-aft-all-koo @ main)
Selection split: test
Greedy test WER:   0.6800
Unigram test WER:  0.7253
Best n-gram test WER: 0.7388
Best params: n=4, alpha=0.5, beta=1.0, beam=100
========================================================================
Running Set B decoding...

Loading data for koo (Konzo) split=all...
  Train: /gscratch/scrubbed/anonymous_user/low-resource-asr/data/mozilla_speech_data/koo/train-all_koo.tsv
  Val: /gscratch/scrubbed/anonymous_user/low-resource-asr/data/mozilla_speech_data/koo/validation_koo.tsv
  Train: 1739 samples (7.83 h)
  Validation: 99 samples (0.59 h)
Running greedy predictions...
Running unigram beam baseline...
Running n-gram sweep...
  Built 3-gram ARPA LM: /gscratch/scrubbed/anonymous_user/low-resource-asr/results/lm_ablation/arpa_artifacts/mms/koo/all/lm_3gram.arpa
========================================================================
Saved results to: results/lm_ablation/two_settings/34052631/mms_koo_all_setB.json
Checkpoint source: hf (anonymous/mms-1b-all-aft-all-koo @ main)
Selection split: test
Greedy test WER:   0.6800
Unigram test WER:  0.7253
Best n-gram test WER: 0.9202
Best params: n=3, alpha=0.2, beta=1.0, beam=50
========================================================================
Refreshing combined test-WER CSV summary...
