==========================================
CTC LM Pilot Ablation (decode-only)
==========================================
Task: 0
Model: mms
Language: sco
Split: all
Start time: Sun Mar 22 05:42:47 PDT 2026


Loading data for sco (Scots) split=all...
  Train: /gscratch/scrubbed/anonymous_user/low-resource-asr/data/mozilla_speech_data/sco/train-all_sco.tsv
  Val: /gscratch/scrubbed/anonymous_user/low-resource-asr/data/mozilla_speech_data/sco/validation_sco.tsv
  Train: 423 samples (6.35 h)
  Validation: 37 samples (0.99 h)
Running greedy predictions...
Running unigram beam baseline...
Running n-gram sweep...
========================================================================
Saved results to: /gscratch/scrubbed/anonymous_user/low-resource-asr/results/lm_ablation/mms_sco_all_lm_ablation.json
Checkpoint source: hf (anonymous/mms-1b-all-aft-all-sco @ main)
Greedy val WER:   0.3504
Unigram val WER:  0.3465
Best n-gram val WER: 0.3465
Best params: n=3, alpha=0.2, beta=0.0, beam=100
========================================================================

Completed at: Sun Mar 22 06:10:47 PDT 2026
