==========================================
CTC LM Confirmatory Ablation (decode-only)
==========================================
Task: 39
Model: xlsr
Language: top
Split: all
Set A: n=4 alpha=0.5 beta=1.0 beam=100
Set B: n=3 alpha=0.2 beta=1.0 beam=50
Start time: Mon Mar 23 00:36:59 PDT 2026

Checking lmplz availability...
/gscratch/scrubbed/anonymous_user/tools/kenlm/build/bin/lmplz
lmplz sanity build OK
Running Set A decoding...

Loading data for top (Papantla Totonac) split=all...
  Train: /gscratch/scrubbed/anonymous_user/low-resource-asr/data/mozilla_speech_data/top/train-all_top.tsv
  Val: /gscratch/scrubbed/anonymous_user/low-resource-asr/data/mozilla_speech_data/top/validation_top.tsv
  Train: 189 samples (5.87 h)
  Validation: 59 samples (1.68 h)
Running greedy predictions...
Running unigram beam baseline...
Running n-gram sweep...
  Built 4-gram ARPA LM: /gscratch/scrubbed/anonymous_user/low-resource-asr/results/lm_ablation/arpa_artifacts/xlsr/top/all/lm_4gram.arpa
========================================================================
Saved results to: results/lm_ablation/two_settings/34052631/xlsr_top_all_setA.json
Checkpoint source: hf (anonymous/xlsr-1b-aft-all-top @ main)
Selection split: test
Greedy test WER:   1.0000
Unigram test WER:  1.6214
Best n-gram test WER: 1.5581
Best params: n=4, alpha=0.5, beta=1.0, beam=100
========================================================================
Running Set B decoding...

Loading data for top (Papantla Totonac) split=all...
  Train: /gscratch/scrubbed/anonymous_user/low-resource-asr/data/mozilla_speech_data/top/train-all_top.tsv
  Val: /gscratch/scrubbed/anonymous_user/low-resource-asr/data/mozilla_speech_data/top/validation_top.tsv
  Train: 189 samples (5.87 h)
  Validation: 59 samples (1.68 h)
Running greedy predictions...
Running unigram beam baseline...
Running n-gram sweep...
  Built 3-gram ARPA LM: /gscratch/scrubbed/anonymous_user/low-resource-asr/results/lm_ablation/arpa_artifacts/xlsr/top/all/lm_3gram.arpa
========================================================================
Saved results to: results/lm_ablation/two_settings/34052631/xlsr_top_all_setB.json
Checkpoint source: hf (anonymous/xlsr-1b-aft-all-top @ main)
Selection split: test
Greedy test WER:   1.0000
Unigram test WER:  1.6214
Best n-gram test WER: 2.4215
Best params: n=3, alpha=0.2, beta=1.0, beam=50
========================================================================
Refreshing combined test-WER CSV summary...
