==========================================
CTC LM Confirmatory Ablation (decode-only)
==========================================
Task: 3
Model: mms
Language: cgg
Split: all
Set A: n=4 alpha=0.5 beta=1.0 beam=100
Set B: n=3 alpha=0.2 beta=1.0 beam=50
Start time: Sun Mar 22 23:57:07 PDT 2026

Checking lmplz availability...
/gscratch/scrubbed/vitthal1/tools/kenlm/build/bin/lmplz
lmplz sanity build OK
Running Set A decoding...

Loading data for cgg (Chiga) split=all...
  Train: /gscratch/scrubbed/vitthal1/low-resource-asr/data/mozilla_speech_data/cgg/train-all_cgg.tsv
  Val: /gscratch/scrubbed/vitthal1/low-resource-asr/data/mozilla_speech_data/cgg/validation_cgg.tsv
  Train: 1769 samples (7.02 h)
  Validation: 308 samples (0.99 h)
Running greedy predictions...
Running unigram beam baseline...
Running n-gram sweep...
  Built 4-gram ARPA LM: /gscratch/scrubbed/vitthal1/low-resource-asr/results/lm_ablation/arpa_artifacts/mms/cgg/all/lm_4gram.arpa
========================================================================
Saved results to: results/lm_ablation/two_settings/34052631/mms_cgg_all_setA.json
Checkpoint source: hf (vitthalbhandari/mms-1b-all-aft-all-cgg @ main)
Selection split: test
Greedy test WER:   0.4793
Unigram test WER:  0.4839
Best n-gram test WER: 0.4787
Best params: n=4, alpha=0.5, beta=1.0, beam=100
========================================================================
Running Set B decoding...

Loading data for cgg (Chiga) split=all...
  Train: /gscratch/scrubbed/vitthal1/low-resource-asr/data/mozilla_speech_data/cgg/train-all_cgg.tsv
  Val: /gscratch/scrubbed/vitthal1/low-resource-asr/data/mozilla_speech_data/cgg/validation_cgg.tsv
  Train: 1769 samples (7.02 h)
  Validation: 308 samples (0.99 h)
Running greedy predictions...
Running unigram beam baseline...
Running n-gram sweep...
  Built 3-gram ARPA LM: /gscratch/scrubbed/vitthal1/low-resource-asr/results/lm_ablation/arpa_artifacts/mms/cgg/all/lm_3gram.arpa
========================================================================
Saved results to: results/lm_ablation/two_settings/34052631/mms_cgg_all_setB.json
Checkpoint source: hf (vitthalbhandari/mms-1b-all-aft-all-cgg @ main)
Selection split: test
Greedy test WER:   0.4793
Unigram test WER:  0.4839
Best n-gram test WER: 0.5164
Best params: n=3, alpha=0.2, beta=1.0, beam=50
========================================================================
Refreshing combined test-WER CSV summary...
