==========================================
CTC LM Confirmatory Ablation (decode-only)
==========================================
Task: 29
Model: xlsr
Language: led
Split: all
Set A: n=4 alpha=0.5 beta=1.0 beam=100
Set B: n=3 alpha=0.2 beta=1.0 beam=50
Start time: Mon Mar 23 00:27:09 PDT 2026

Checking lmplz availability...
/gscratch/scrubbed/anonymous_user/tools/kenlm/build/bin/lmplz
lmplz sanity build OK
Running Set A decoding...

Loading data for led (Lendu) split=all...
  Train: /gscratch/scrubbed/anonymous_user/low-resource-asr/data/mozilla_speech_data/led/train-all_led.tsv
  Val: /gscratch/scrubbed/anonymous_user/low-resource-asr/data/mozilla_speech_data/led/validation_led.tsv
  Train: 1491 samples (7.84 h)
  Validation: 104 samples (0.56 h)
Running greedy predictions...
Running unigram beam baseline...
Running n-gram sweep...
  Built 4-gram ARPA LM: /gscratch/scrubbed/anonymous_user/low-resource-asr/results/lm_ablation/arpa_artifacts/xlsr/led/all/lm_4gram.arpa
========================================================================
Saved results to: results/lm_ablation/two_settings/34052631/xlsr_led_all_setA.json
Checkpoint source: hf (anonymous/xlsr-1b-aft-all-led @ main)
Selection split: test
Greedy test WER:   0.3224
Unigram test WER:  0.3182
Best n-gram test WER: 0.2777
Best params: n=4, alpha=0.5, beta=1.0, beam=100
========================================================================
Running Set B decoding...

Loading data for led (Lendu) split=all...
  Train: /gscratch/scrubbed/anonymous_user/low-resource-asr/data/mozilla_speech_data/led/train-all_led.tsv
  Val: /gscratch/scrubbed/anonymous_user/low-resource-asr/data/mozilla_speech_data/led/validation_led.tsv
  Train: 1491 samples (7.84 h)
  Validation: 104 samples (0.56 h)
Running greedy predictions...
Running unigram beam baseline...
Running n-gram sweep...
  Built 3-gram ARPA LM: /gscratch/scrubbed/anonymous_user/low-resource-asr/results/lm_ablation/arpa_artifacts/xlsr/led/all/lm_3gram.arpa
========================================================================
Saved results to: results/lm_ablation/two_settings/34052631/xlsr_led_all_setB.json
Checkpoint source: hf (anonymous/xlsr-1b-aft-all-led @ main)
Selection split: test
Greedy test WER:   0.3224
Unigram test WER:  0.3182
Best n-gram test WER: 0.2858
Best params: n=3, alpha=0.2, beta=1.0, beam=50
========================================================================
Refreshing combined test-WER CSV summary...
