==========================================
MMS Scaling Experiment — fresh fine-tune
  lang=bew  split=curated-3h
  node=g3106  gpu=NVIDIA L40S
==========================================
Train TSV: /mmfs1/gscratch/scrubbed/vitthal1/low-resource-asr/data/mozilla_speech_data/bew/train-curated-3h_bew.tsv (437 rows)
============================================================
MMS Adapter Fine-tuning for bew (Betawi) split=curated-3h
============================================================
Output directory: /mmfs1/gscratch/scrubbed/vitthal1/low-resource-asr/models/mms/bew/curated-3h
Device: cuda
Push to HF: True
HF Repo: vitthalbhandari/mms-1b-all-aft-curated-3h-bew

Loading data for bew (Betawi) split=curated-3h...
  Train: /mmfs1/gscratch/scrubbed/vitthal1/low-resource-asr/data/mozilla_speech_data/bew/train-curated-3h_bew.tsv
  Val: /mmfs1/gscratch/scrubbed/vitthal1/low-resource-asr/data/mozilla_speech_data/bew/validation_bew.tsv
  Train: 436 samples (2.95 h)
  Validation: 240 samples (2.23 h)

Building vocabulary...
  Vocabulary saved to /mmfs1/gscratch/scrubbed/vitthal1/low-resource-asr/models/mms/bew/curated-3h/vocab.json (72 tokens)

Preparing datasets...
  Max audio length from CSV (p97.5 for bew): 70.47s
  Dropped 0 train, 14 val samples (over 70.47s).

Loading MMS model...
  Trainable parameters: 2,245,962 / 964,743,370 (0.23%)

Training configuration:
  Epochs: 15
  Batch size: 2
  Gradient accumulation: 8
  Effective batch size: 16
  Learning rate: 0.001
  FP16: False, BF16: True

Starting training...
{'loss': '64.94', 'grad_norm': '23.61', 'learning_rate': '0.00049', 'epoch': '1.807'}
{'loss': '7.054', 'grad_norm': '5.596', 'learning_rate': '0.00099', 'epoch': '3.587'}
{'eval_loss': '0.8025', 'eval_wer': '0.5647', 'eval_cer': '0.1921', 'eval_runtime': '38.04', 'eval_samples_per_second': '5.941', 'eval_steps_per_second': '2.971', 'epoch': '3.587'}
{'loss': '5.272', 'grad_norm': '3.826', 'learning_rate': '0.0008469', 'epoch': '5.367'}
{'loss': '4.899', 'grad_norm': '7.223', 'learning_rate': '0.0006906', 'epoch': '7.147'}
{'eval_loss': '0.7262', 'eval_wer': '0.519', 'eval_cer': '0.1776', 'eval_runtime': '38.47', 'eval_samples_per_second': '5.875', 'eval_steps_per_second': '2.938', 'epoch': '7.147'}
{'loss': '4.653', 'grad_norm': '2.912', 'learning_rate': '0.0005344', 'epoch': '8.954'}
{'loss': '4.341', 'grad_norm': '3.358', 'learning_rate': '0.0003781', 'epoch': '10.73'}
{'eval_loss': '0.7151', 'eval_wer': '0.4977', 'eval_cer': '0.1725', 'eval_runtime': '39.37', 'eval_samples_per_second': '5.74', 'eval_steps_per_second': '2.87', 'epoch': '10.73'}
{'loss': '4.347', 'grad_norm': '19.54', 'learning_rate': '0.0002219', 'epoch': '12.51'}
{'loss': '4.071', 'grad_norm': '3.932', 'learning_rate': '6.563e-05', 'epoch': '14.29'}
{'eval_loss': '0.705', 'eval_wer': '0.4894', 'eval_cer': '0.1701', 'eval_runtime': '39.68', 'eval_samples_per_second': '5.696', 'eval_steps_per_second': '2.848', 'epoch': '14.29'}
{'train_runtime': '1886', 'train_samples_per_second': '3.467', 'train_steps_per_second': '0.223', 'train_loss': '12.05', 'epoch': '15'}

Saving adapter weights...
  Adapter saved to: /mmfs1/gscratch/scrubbed/vitthal1/low-resource-asr/models/mms/bew/curated-3h/adapter.bew.safetensors
  Saving full model...

Final evaluation (validation, greedy):
  Greedy WER: 0.4894
  Greedy CER: 0.1701

Evaluating on test set (greedy)...
  Test WER (greedy): 0.4984
  Test CER (greedy): 0.1719
  Transcriptions saved to: /mmfs1/gscratch/scrubbed/vitthal1/low-resource-asr/results/transcriptions/transcriptions_mms_bew_curated-3h_20260521_001343.tsv
  Results saved to: /mmfs1/gscratch/scrubbed/vitthal1/low-resource-asr/models/mms/bew/curated-3h/eval_results.json
  Training log saved to: /mmfs1/gscratch/scrubbed/vitthal1/low-resource-asr/results/training_logs/mms_aft_curated-3h_bew_20260521_001343.log

Pushing to Hugging Face Hub: vitthalbhandari/mms-1b-all-aft-curated-3h-bew
  Pushing model...
  Pushing processor...
  Pushing adapter weights...
  Pushing model card...
  Successfully pushed to: https://huggingface.co/vitthalbhandari/mms-1b-all-aft-curated-3h-bew

============================================================
Training complete!
============================================================
Model saved to: /mmfs1/gscratch/scrubbed/vitthal1/low-resource-asr/models/mms/bew/curated-3h
Model pushed to: https://huggingface.co/vitthalbhandari/mms-1b-all-aft-curated-3h-bew
