==========================================
MMS Adapter Fine-tuning on Hyak
==========================================
Language: rwm  Split: one (task 15 of 21)
Job ID: 33203904 (Array Job: 33196711)
Node: g3113
GPUs: 0
Start time: Mon Feb 16 08:20:24 PST 2026

Checking GPU availability...
CUDA available: True
GPU: NVIDIA L40S

Starting training for rwm (split=one)...
============================================================
MMS Adapter Fine-tuning for rwm (Amba) split=one
============================================================
Output directory: /mmfs1/gscratch/scrubbed/vitthal1/low-resource-asr/models/mms/rwm/one
Device: cuda
Push to HF: False

Loading data for rwm (Amba) split=one...
  Train: /mmfs1/gscratch/scrubbed/vitthal1/low-resource-asr/data/mozilla_speech_data/rwm/train-one_rwm.tsv
  Val: /mmfs1/gscratch/scrubbed/vitthal1/low-resource-asr/data/mozilla_speech_data/rwm/validation_rwm.tsv
  Train: 152 samples (0.98 h)
  Validation: 140 samples (0.77 h)

Building vocabulary...
  Vocabulary saved to /mmfs1/gscratch/scrubbed/vitthal1/low-resource-asr/models/mms/rwm/one/vocab.json (50 tokens)

Preparing datasets...

Loading MMS model...
  Trainable parameters: 2,217,780 / 964,715,188 (0.23%)

Training configuration:
  Epochs: 5
  Batch size: 4
  Gradient accumulation: 4
  Effective batch size: 16
  Learning rate: 0.001
  FP16: False, BF16: True

Starting training...
{'loss': '44.44', 'grad_norm': '12.53', 'learning_rate': '0.00049', 'epoch': '5'}
{'train_runtime': '197.2', 'train_samples_per_second': '3.855', 'train_steps_per_second': '0.254', 'train_loss': '44.44', 'epoch': '5'}

Saving adapter weights...
  Adapter saved to: /mmfs1/gscratch/scrubbed/vitthal1/low-resource-asr/models/mms/rwm/one/adapter.rwm.safetensors
  Saving full model...

Final evaluation (validation):
  WER: 0.9994
  CER: 0.9891

Evaluating on test set...
  Test WER: 0.9997
  Test CER: 0.9912
  Results saved to: /mmfs1/gscratch/scrubbed/vitthal1/low-resource-asr/models/mms/rwm/one/eval_results.json
  Training log saved to: /mmfs1/gscratch/scrubbed/vitthal1/low-resource-asr/results/training_logs/mms_aft_one_rwm_20260216_082352.log

============================================================
Training complete!
============================================================
Model saved to: /mmfs1/gscratch/scrubbed/vitthal1/low-resource-asr/models/mms/rwm/one

==========================================
Training complete for rwm!
End time: Mon Feb 16 08:29:52 PST 2026
==========================================
