==========================================
MMS Adapter Fine-tuning on Hyak
==========================================
Language: pne  Split: all
Job ID: 33589456
Node: g3095
GPUs: 0
Start time: Sun Mar  1 10:22:23 PST 2026

Checking GPU availability...
CUDA available: True
GPU: NVIDIA L40

Starting training for pne (split=all)...
============================================================
XLS-R 1B Adapter Fine-tuning for pne (Western Penan) split=all
============================================================
Base model: facebook/wav2vec2-xls-r-1b
Adapter attn dim: 256
Output directory: /mmfs1/gscratch/scrubbed/vitthal1/low-resource-asr/models/xlsr/pne/all
Device: cuda
Push to HF: False

Loading data for pne (Western Penan) split=all...
  Train: /mmfs1/gscratch/scrubbed/vitthal1/low-resource-asr/data/mozilla_speech_data/pne/train-all_pne.tsv
  Val: /mmfs1/gscratch/scrubbed/vitthal1/low-resource-asr/data/mozilla_speech_data/pne/validation_pne.tsv
  Train: 1811 samples (8.48 h)
  Validation: 310 samples (1.30 h)

Building vocabulary...
  Vocabulary saved to /mmfs1/gscratch/scrubbed/vitthal1/low-resource-asr/models/xlsr/pne/all/vocab.json (61 tokens)

Preparing datasets...
  Max audio length from CSV (p97.5 for pne): 24.19s
  Dropped 44 train, 0 val samples (over 24.19s).

Loading XLS-R model (facebook/wav2vec2-xls-r-1b)...
  Trainable parameters: 31,734,591 / 994,231,999 (3.19%)

Training configuration:
  Epochs: 15
  Batch size: 2
  Gradient accumulation: 8
  Effective batch size: 16
  Learning rate: 0.001
  FP16: False, BF16: True

Starting training...
{'loss': '53.66', 'grad_norm': '11.06', 'learning_rate': '0.00049', 'epoch': '0.4525'}
{'loss': '25.4', 'grad_norm': '27.98', 'learning_rate': '0.00099', 'epoch': '0.905'}
{'eval_loss': '2.87', 'eval_wer': '0.9996', 'eval_cer': '0.9318', 'eval_runtime': '40.13', 'eval_samples_per_second': '7.724', 'eval_steps_per_second': '3.862', 'epoch': '0.905'}
{'loss': '24.74', 'grad_norm': '22.7', 'learning_rate': '0.0009687', 'epoch': '1.353'}
{'loss': '23.19', 'grad_norm': '8.852', 'learning_rate': '0.0009367', 'epoch': '1.805'}
{'eval_loss': '2.767', 'eval_wer': '0.9998', 'eval_cer': '0.9803', 'eval_runtime': '39.94', 'eval_samples_per_second': '7.762', 'eval_steps_per_second': '3.881', 'epoch': '1.805'}
{'loss': '17.1', 'grad_norm': '8.221', 'learning_rate': '0.0009048', 'epoch': '2.253'}
{'loss': '7.166', 'grad_norm': '10.32', 'learning_rate': '0.0008728', 'epoch': '2.706'}
{'eval_loss': '0.7764', 'eval_wer': '0.5589', 'eval_cer': '0.1909', 'eval_runtime': '40.35', 'eval_samples_per_second': '7.683', 'eval_steps_per_second': '3.841', 'epoch': '2.706'}
{'loss': '5.154', 'grad_norm': '3.963', 'learning_rate': '0.0008409', 'epoch': '3.154'}
{'loss': '4.893', 'grad_norm': '5.893', 'learning_rate': '0.0008089', 'epoch': '3.606'}
{'eval_loss': '0.681', 'eval_wer': '0.5268', 'eval_cer': '0.1893', 'eval_runtime': '40.38', 'eval_samples_per_second': '7.678', 'eval_steps_per_second': '3.839', 'epoch': '3.606'}
{'loss': '4.574', 'grad_norm': '3.959', 'learning_rate': '0.000777', 'epoch': '4.054'}
{'loss': '4.007', 'grad_norm': '4.842', 'learning_rate': '0.000745', 'epoch': '4.507'}
{'eval_loss': '0.6131', 'eval_wer': '0.4514', 'eval_cer': '0.1599', 'eval_runtime': '40.44', 'eval_samples_per_second': '7.666', 'eval_steps_per_second': '3.833', 'epoch': '4.507'}
{'loss': '4.133', 'grad_norm': '7.164', 'learning_rate': '0.0007131', 'epoch': '4.959'}
{'loss': '3.556', 'grad_norm': '5.89', 'learning_rate': '0.0006812', 'epoch': '5.407'}
{'eval_loss': '0.6166', 'eval_wer': '0.4539', 'eval_cer': '0.1674', 'eval_runtime': '40.65', 'eval_samples_per_second': '7.626', 'eval_steps_per_second': '3.813', 'epoch': '5.407'}
{'loss': '3.602', 'grad_norm': '3.72', 'learning_rate': '0.0006492', 'epoch': '5.86'}
{'loss': '3.115', 'grad_norm': '3.63', 'learning_rate': '0.0006173', 'epoch': '6.308'}
{'eval_loss': '0.6116', 'eval_wer': '0.3902', 'eval_cer': '0.146', 'eval_runtime': '40.48', 'eval_samples_per_second': '7.659', 'eval_steps_per_second': '3.829', 'epoch': '6.308'}
{'loss': '3.153', 'grad_norm': '4.225', 'learning_rate': '0.0005853', 'epoch': '6.76'}
{'loss': '3.124', 'grad_norm': '4.102', 'learning_rate': '0.0005534', 'epoch': '7.208'}
{'eval_loss': '0.7375', 'eval_wer': '0.5332', 'eval_cer': '0.2464', 'eval_runtime': '40.58', 'eval_samples_per_second': '7.639', 'eval_steps_per_second': '3.82', 'epoch': '7.208'}
{'loss': '2.8', 'grad_norm': '3.065', 'learning_rate': '0.0005214', 'epoch': '7.661'}
{'loss': '2.75', 'grad_norm': '3.294', 'learning_rate': '0.0004895', 'epoch': '8.109'}
{'eval_loss': '0.6207', 'eval_wer': '0.4133', 'eval_cer': '0.1683', 'eval_runtime': '40.69', 'eval_samples_per_second': '7.619', 'eval_steps_per_second': '3.809', 'epoch': '8.109'}
{'loss': '2.497', 'grad_norm': '3.38', 'learning_rate': '0.0004575', 'epoch': '8.561'}
{'loss': '2.385', 'grad_norm': '2.525', 'learning_rate': '0.0004256', 'epoch': '9.009'}
{'eval_loss': '0.6733', 'eval_wer': '0.4455', 'eval_cer': '0.2015', 'eval_runtime': '40.84', 'eval_samples_per_second': '7.59', 'eval_steps_per_second': '3.795', 'epoch': '9.009'}
{'loss': '2.201', 'grad_norm': '4.299', 'learning_rate': '0.0003936', 'epoch': '9.462'}
{'loss': '2.285', 'grad_norm': '4.24', 'learning_rate': '0.0003617', 'epoch': '9.914'}
{'eval_loss': '0.7326', 'eval_wer': '0.479', 'eval_cer': '0.2254', 'eval_runtime': '44.23', 'eval_samples_per_second': '7.008', 'eval_steps_per_second': '3.504', 'epoch': '9.914'}
{'loss': '1.872', 'grad_norm': '3.771', 'learning_rate': '0.0003297', 'epoch': '10.36'}
{'loss': '2.013', 'grad_norm': '2.909', 'learning_rate': '0.0002978', 'epoch': '10.81'}
{'eval_loss': '0.6026', 'eval_wer': '0.3854', 'eval_cer': '0.1504', 'eval_runtime': '41.04', 'eval_samples_per_second': '7.553', 'eval_steps_per_second': '3.777', 'epoch': '10.81'}
{'loss': '1.755', 'grad_norm': '3.274', 'learning_rate': '0.0002658', 'epoch': '11.26'}
{'loss': '1.63', 'grad_norm': '2.85', 'learning_rate': '0.0002339', 'epoch': '11.71'}
{'eval_loss': '0.6879', 'eval_wer': '0.4441', 'eval_cer': '0.201', 'eval_runtime': '41.22', 'eval_samples_per_second': '7.521', 'eval_steps_per_second': '3.76', 'epoch': '11.71'}
{'loss': '1.533', 'grad_norm': '3.881', 'learning_rate': '0.0002019', 'epoch': '12.16'}
{'loss': '1.434', 'grad_norm': '3.61', 'learning_rate': '0.00017', 'epoch': '12.62'}
{'eval_loss': '0.6474', 'eval_wer': '0.3785', 'eval_cer': '0.1535', 'eval_runtime': '41.76', 'eval_samples_per_second': '7.423', 'eval_steps_per_second': '3.712', 'epoch': '12.62'}
{'loss': '1.432', 'grad_norm': '2.795', 'learning_rate': '0.000138', 'epoch': '13.06'}
{'loss': '1.222', 'grad_norm': '2.453', 'learning_rate': '0.0001061', 'epoch': '13.52'}
{'eval_loss': '0.6588', 'eval_wer': '0.3898', 'eval_cer': '0.1579', 'eval_runtime': '41.45', 'eval_samples_per_second': '7.478', 'eval_steps_per_second': '3.739', 'epoch': '13.52'}
{'loss': '1.279', 'grad_norm': '4.447', 'learning_rate': '7.412e-05', 'epoch': '13.97'}
{'loss': '1.201', 'grad_norm': '2.486', 'learning_rate': '4.217e-05', 'epoch': '14.42'}
{'eval_loss': '0.6749', 'eval_wer': '0.393', 'eval_cer': '0.1631', 'eval_runtime': '41.18', 'eval_samples_per_second': '7.528', 'eval_steps_per_second': '3.764', 'epoch': '14.42'}
{'loss': '1.054', 'grad_norm': '2.971', 'learning_rate': '1.022e-05', 'epoch': '14.87'}
{'train_runtime': '7719', 'train_samples_per_second': '3.434', 'train_steps_per_second': '0.216', 'train_loss': '6.673', 'epoch': '15'}

Saving adapter weights...
  Adapter saved to: /mmfs1/gscratch/scrubbed/vitthal1/low-resource-asr/models/xlsr/pne/all/adapter_pne.safetensors
  Saving full model...

Final evaluation (validation, greedy):
  Greedy WER: 0.3781
  Greedy CER: 0.1535

Evaluating on test set (greedy)...
  Test WER (greedy): 0.4028
  Test CER (greedy): 0.1662
  Transcriptions saved to: /mmfs1/gscratch/scrubbed/vitthal1/low-resource-asr/results/transcriptions/transcriptions_xlsr_pne_all_20260301_102627.tsv

Building LM decoder...
  LM decoder: beam search with unigrams (no ARPA) (beam_width=100)

Final evaluation (validation, LM decoding)...
  LM WER: 0.3660
  LM CER: 0.1483

Evaluating on test set (LM decoding)...
  Test LM WER: 0.3951
  Test LM CER: 0.1615
  LM transcriptions saved to: /mmfs1/gscratch/scrubbed/vitthal1/low-resource-asr/results/transcriptions/transcriptions_xlsr_lm_pne_all_20260301_102627.tsv
  Results saved to: /mmfs1/gscratch/scrubbed/vitthal1/low-resource-asr/models/xlsr/pne/all/eval_results.json
  Training log saved to: /mmfs1/gscratch/scrubbed/vitthal1/low-resource-asr/results/training_logs/xlsr_aft_all_pne_20260301_102627.log

============================================================
Training complete!
============================================================
Model saved to: /mmfs1/gscratch/scrubbed/vitthal1/low-resource-asr/models/xlsr/pne/all

==========================================
Training complete!
End time: Sun Mar  1 12:51:27 PST 2026
==========================================
