==========================================
MMS Adapter Fine-tuning on HPC
==========================================
Language: top  Split: mid
Job ID: 33266939
Node: g3102
GPUs: 0
Start time: Wed Feb 18 14:36:33 PST 2026

Checking GPU availability...
CUDA available: True
GPU: NVIDIA L40S

Starting training for top (split=mid)...
============================================================
MMS Adapter Fine-tuning for top (Papantla Totonac) split=mid
============================================================
Output directory: /mmfs1/gscratch/scrubbed/anonymous_user/low-resource-asr/models/mms/top/mid
Device: cuda
Push to HF: True
HF Repo: anonymous/mms-1b-all-aft-mid-top

Loading data for top (Papantla Totonac) split=mid...
  Train: /mmfs1/gscratch/scrubbed/anonymous_user/low-resource-asr/data/mozilla_speech_data/top/train-mid_top.tsv
  Val: /mmfs1/gscratch/scrubbed/anonymous_user/low-resource-asr/data/mozilla_speech_data/top/validation_top.tsv
  Train: 107 samples (2.97 h)
  Validation: 59 samples (1.68 h)

Building vocabulary...
  Vocabulary saved to /mmfs1/gscratch/scrubbed/anonymous_user/low-resource-asr/models/mms/top/mid/vocab.json (70 tokens)

Preparing datasets...

Loading MMS model...
  Trainable parameters: 2,243,400 / 964,740,808 (0.23%)

Training configuration:
  Epochs: 5
  Batch size: 4
  Gradient accumulation: 4
  Effective batch size: 16
  Learning rate: 0.001
  FP16: False, BF16: True

Starting training...
