==========================================
MMS Adapter Fine-tuning on Hyak
==========================================
Language: ukv  Split: one
Job ID: 33362771
Node: g3093
GPUs: 0
Start time: Fri Feb 20 23:32:52 PST 2026

Checking GPU availability...
CUDA available: True
GPU: NVIDIA L40

Starting training for ukv (split=one)...
============================================================
MMS Adapter Fine-tuning for ukv (Kuku) split=one
============================================================
Output directory: /mmfs1/gscratch/scrubbed/vitthal1/low-resource-asr/models/mms/ukv/one
Device: cuda
Push to HF: True
HF Repo: vitthalbhandari/mms-1b-all-aft-one-ukv

Loading data for ukv (Kuku) split=one...
  Train: /mmfs1/gscratch/scrubbed/vitthal1/low-resource-asr/data/mozilla_speech_data/ukv/train-one_ukv.tsv
  Val: /mmfs1/gscratch/scrubbed/vitthal1/low-resource-asr/data/mozilla_speech_data/ukv/validation_ukv.tsv
  Train: 188 samples (1.00 h)
  Validation: 142 samples (0.65 h)

Building vocabulary...
  Vocabulary saved to /mmfs1/gscratch/scrubbed/vitthal1/low-resource-asr/models/mms/ukv/one/vocab.json (50 tokens)

Preparing datasets...

Loading MMS model...
  Trainable parameters: 2,217,780 / 964,715,188 (0.23%)

Training configuration:
  Epochs: 10
  Batch size: 4
  Gradient accumulation: 4
  Effective batch size: 16
  Learning rate: 0.0005
  FP16: False, BF16: True

Starting training...
{'loss': '28.73', 'grad_norm': '25.42', 'learning_rate': '0.0003287', 'epoch': '4.17'}
{'loss': '16.38', 'grad_norm': '7.6', 'learning_rate': '9.722e-05', 'epoch': '8.34'}
{'eval_loss': '4.258', 'eval_wer': '0.9922', 'eval_cer': '0.878', 'eval_runtime': '21.17', 'eval_samples_per_second': '6.708', 'eval_steps_per_second': '1.701', 'epoch': '8.34'}
{'train_runtime': '601.9', 'train_samples_per_second': '3.123', 'train_steps_per_second': '0.199', 'train_loss': '21.32', 'epoch': '10'}

Saving adapter weights...
  Adapter saved to: /mmfs1/gscratch/scrubbed/vitthal1/low-resource-asr/models/mms/ukv/one/adapter.ukv.safetensors
  Saving full model...

Final evaluation (validation):
  WER: 0.9925
  CER: 0.8772

Evaluating on test set...
  Test WER: 0.9899
  Test CER: 0.8898
  Transcriptions saved to: /mmfs1/gscratch/scrubbed/vitthal1/low-resource-asr/results/transcriptions/transcriptions_ukv_one_20260220_233703.tsv
  Results saved to: /mmfs1/gscratch/scrubbed/vitthal1/low-resource-asr/models/mms/ukv/one/eval_results.json
  Training log saved to: /mmfs1/gscratch/scrubbed/vitthal1/low-resource-asr/results/training_logs/mms_aft_one_ukv_20260220_233703.log

Pushing to Hugging Face Hub: vitthalbhandari/mms-1b-all-aft-one-ukv
  Pushing model...
  Pushing processor...
  Pushing adapter weights...
  Pushing model card...
  Successfully pushed to: https://huggingface.co/vitthalbhandari/mms-1b-all-aft-one-ukv

============================================================
Training complete!
============================================================
Model saved to: /mmfs1/gscratch/scrubbed/vitthal1/low-resource-asr/models/mms/ukv/one
Model pushed to: https://huggingface.co/vitthalbhandari/mms-1b-all-aft-one-ukv

==========================================
Training complete!
End time: Fri Feb 20 23:51:35 PST 2026
==========================================
