==========================================
MMS Adapter Fine-tuning on Hyak
==========================================
Language: koo  Split: all (task 7 of 21)
Job ID: 33603722 (Array Job: 33600007)
Node: g3109
GPUs: 0
Start time: Mon Mar  2 02:48:37 PST 2026

Checking GPU availability...
CUDA available: True
GPU: NVIDIA L40S

Starting training for koo (split=all)...
============================================================
MMS Adapter Fine-tuning for koo (Konzo) split=all
============================================================
Output directory: /mmfs1/gscratch/scrubbed/vitthal1/low-resource-asr/models/mms/koo/all
Device: cuda
Push to HF: True
HF Repo: vitthalbhandari/mms-1b-all-aft-all-koo

Loading data for koo (Konzo) split=all...
  Train: /mmfs1/gscratch/scrubbed/vitthal1/low-resource-asr/data/mozilla_speech_data/koo/train-all_koo.tsv
  Val: /mmfs1/gscratch/scrubbed/vitthal1/low-resource-asr/data/mozilla_speech_data/koo/validation_koo.tsv
  Train: 1739 samples (7.83 h)
  Validation: 99 samples (0.59 h)

Building vocabulary...
  Vocabulary saved to /mmfs1/gscratch/scrubbed/vitthal1/low-resource-asr/models/mms/koo/all/vocab.json (58 tokens)

Preparing datasets...
  Max audio length from CSV (p97.5 for koo): 31.86s
  Dropped 35 train, 1 val samples (over 31.86s).

Loading MMS model...
  Trainable parameters: 2,228,028 / 964,725,436 (0.23%)
