==========================================
MMS Adapter Fine-tuning on Hyak
==========================================
Language: ttj  Split: all (task 19 of 21)
Job ID: 33597666 (Array Job: 33591209)
Node: g3095
GPUs: 0
Start time: Sun Mar  1 20:48:45 PST 2026

Checking GPU availability...
CUDA available: True
GPU: NVIDIA L40

Starting training for ttj (split=all)...
============================================================
XLS-R 1B Adapter Fine-tuning for ttj (Rutoro) split=all
============================================================
Base model: facebook/wav2vec2-xls-r-1b
Adapter attn dim: 256
Output directory: /mmfs1/gscratch/scrubbed/vitthal1/low-resource-asr/models/xlsr/ttj/all
Device: cuda
Push to HF: True
HF Repo: vitthalbhandari/xlsr-1b-aft-all-ttj

Loading data for ttj (Rutoro) split=all...
  Train: /mmfs1/gscratch/scrubbed/vitthal1/low-resource-asr/data/mozilla_speech_data/ttj/train-all_ttj.tsv
  Val: /mmfs1/gscratch/scrubbed/vitthal1/low-resource-asr/data/mozilla_speech_data/ttj/validation_ttj.tsv
  Train: 1436 samples (7.26 h)
  Validation: 156 samples (0.92 h)

Building vocabulary...
  Vocabulary saved to /mmfs1/gscratch/scrubbed/vitthal1/low-resource-asr/models/xlsr/ttj/all/vocab.json (58 tokens)

Preparing datasets...
  Max audio length from CSV (p97.5 for ttj): 32.31s
  Dropped 11 train, 8 val samples (over 32.31s).

Loading XLS-R model (facebook/wav2vec2-xls-r-1b)...
  Trainable parameters: 31,730,748 / 994,228,156 (3.19%)

Training configuration:
  Epochs: 15
  Batch size: 2
  Gradient accumulation: 8
  Effective batch size: 16
  Learning rate: 0.001
  FP16: False, BF16: True

Starting training...
{'loss': '46.45', 'grad_norm': '215.5', 'learning_rate': '0.00049', 'epoch': '0.561'}
{'loss': '20.3', 'grad_norm': '15.04', 'learning_rate': '0.00099', 'epoch': '1.112'}
{'eval_loss': '1.069', 'eval_wer': '0.9983', 'eval_cer': '0.4381', 'eval_runtime': '25.7', 'eval_samples_per_second': '5.758', 'eval_steps_per_second': '2.879', 'epoch': '1.112'}
{'loss': '5.728', 'grad_norm': '4.376', 'learning_rate': '0.0009608', 'epoch': '1.673'}
{'loss': '3.594', 'grad_norm': '6.247', 'learning_rate': '0.0009208', 'epoch': '2.224'}
{'eval_loss': '0.4267', 'eval_wer': '0.5991', 'eval_cer': '0.1152', 'eval_runtime': '25.9', 'eval_samples_per_second': '5.715', 'eval_steps_per_second': '2.858', 'epoch': '2.224'}
{'loss': '2.925', 'grad_norm': '2.484', 'learning_rate': '0.0008808', 'epoch': '2.785'}
{'loss': '2.396', 'grad_norm': '2.33', 'learning_rate': '0.0008408', 'epoch': '3.337'}
{'eval_loss': '0.3412', 'eval_wer': '0.4894', 'eval_cer': '0.09363', 'eval_runtime': '25.64', 'eval_samples_per_second': '5.772', 'eval_steps_per_second': '2.886', 'epoch': '3.337'}
{'loss': '2.094', 'grad_norm': '2.575', 'learning_rate': '0.0008008', 'epoch': '3.898'}
{'loss': '1.832', 'grad_norm': '3.251', 'learning_rate': '0.0007608', 'epoch': '4.449'}
{'eval_loss': '0.3128', 'eval_wer': '0.4599', 'eval_cer': '0.08383', 'eval_runtime': '25.72', 'eval_samples_per_second': '5.754', 'eval_steps_per_second': '2.877', 'epoch': '4.449'}
{'loss': '1.731', 'grad_norm': '0.9111', 'learning_rate': '0.0007208', 'epoch': '5'}
{'loss': '1.434', 'grad_norm': '2.489', 'learning_rate': '0.0006808', 'epoch': '5.561'}
{'eval_loss': '0.2933', 'eval_wer': '0.4159', 'eval_cer': '0.07899', 'eval_runtime': '28.78', 'eval_samples_per_second': '5.142', 'eval_steps_per_second': '2.571', 'epoch': '5.561'}
{'loss': '1.395', 'grad_norm': '4.351', 'learning_rate': '0.0006408', 'epoch': '6.112'}
{'loss': '1.141', 'grad_norm': '1.746', 'learning_rate': '0.0006008', 'epoch': '6.673'}
{'eval_loss': '0.2791', 'eval_wer': '0.392', 'eval_cer': '0.06897', 'eval_runtime': '25.77', 'eval_samples_per_second': '5.744', 'eval_steps_per_second': '2.872', 'epoch': '6.673'}
{'loss': '1.136', 'grad_norm': '2.36', 'learning_rate': '0.0005608', 'epoch': '7.224'}
{'loss': '1.054', 'grad_norm': '2.104', 'learning_rate': '0.0005208', 'epoch': '7.785'}
{'eval_loss': '0.2813', 'eval_wer': '0.3968', 'eval_cer': '0.07172', 'eval_runtime': '26.01', 'eval_samples_per_second': '5.689', 'eval_steps_per_second': '2.845', 'epoch': '7.785'}
{'loss': '0.9284', 'grad_norm': '1.992', 'learning_rate': '0.0004808', 'epoch': '8.337'}
{'loss': '0.958', 'grad_norm': '2.68', 'learning_rate': '0.0004408', 'epoch': '8.898'}
{'eval_loss': '0.2767', 'eval_wer': '0.3625', 'eval_cer': '0.06575', 'eval_runtime': '25.96', 'eval_samples_per_second': '5.7', 'eval_steps_per_second': '2.85', 'epoch': '8.898'}
{'loss': '0.7681', 'grad_norm': '2.114', 'learning_rate': '0.0004008', 'epoch': '9.449'}
{'loss': '0.8009', 'grad_norm': '0.5656', 'learning_rate': '0.0003608', 'epoch': '10'}
{'eval_loss': '0.2886', 'eval_wer': '0.3753', 'eval_cer': '0.06575', 'eval_runtime': '25.95', 'eval_samples_per_second': '5.703', 'eval_steps_per_second': '2.852', 'epoch': '10'}
{'loss': '0.7466', 'grad_norm': '2.353', 'learning_rate': '0.0003208', 'epoch': '10.56'}
{'loss': '0.5561', 'grad_norm': '1.502', 'learning_rate': '0.0002808', 'epoch': '11.11'}
{'eval_loss': '0.2961', 'eval_wer': '0.3598', 'eval_cer': '0.06486', 'eval_runtime': '26.09', 'eval_samples_per_second': '5.672', 'eval_steps_per_second': '2.836', 'epoch': '11.11'}
