==========================================
MMS Scaling Experiment — fresh fine-tune
  lang=el-CY  split=5h
  node=g3124  gpu=NVIDIA L40S
==========================================
Train TSV: /mmfs1/gscratch/scrubbed/vitthal1/low-resource-asr/data/mozilla_speech_data/el-CY/train-5h_el-CY.tsv (593 rows)
============================================================
MMS Adapter Fine-tuning for el-CY (Cypriot Greek) split=5h
============================================================
Output directory: /mmfs1/gscratch/scrubbed/vitthal1/low-resource-asr/models/mms/el-CY/5h
Device: cuda
Push to HF: True
HF Repo: vitthalbhandari/mms-1b-all-aft-5h-el-CY

Loading data for el-CY (Cypriot Greek) split=5h...
  Train: /mmfs1/gscratch/scrubbed/vitthal1/low-resource-asr/data/mozilla_speech_data/el-CY/train-5h_el-CY.tsv
  Val: /mmfs1/gscratch/scrubbed/vitthal1/low-resource-asr/data/mozilla_speech_data/el-CY/validation_el-CY.tsv
  Train: 592 samples (5.00 h)
  Validation: 277 samples (1.47 h)

Building vocabulary...
  Vocabulary saved to /mmfs1/gscratch/scrubbed/vitthal1/low-resource-asr/models/mms/el-CY/5h/vocab.json (138 tokens)

Preparing datasets...
  Max audio length from CSV (p97.5 for el-CY): 79.43s
  Dropped 16 train, 0 val samples (over 79.43s).

Loading MMS model...
  Trainable parameters: 2,330,508 / 964,827,916 (0.24%)

Training configuration:
  Epochs: 15
  Batch size: 2
  Gradient accumulation: 8
  Effective batch size: 16
  Learning rate: 0.001
  FP16: False, BF16: True

Starting training...
{'loss': '128.5', 'grad_norm': '93.44', 'learning_rate': '0.00049', 'epoch': '1.389'}
{'loss': '73.19', 'grad_norm': '68.61', 'learning_rate': '0.00099', 'epoch': '2.778'}
{'eval_loss': '3.757', 'eval_wer': '0.999', 'eval_cer': '0.9848', 'eval_runtime': '48.08', 'eval_samples_per_second': '5.761', 'eval_steps_per_second': '2.891', 'epoch': '2.778'}
{'loss': '23.29', 'grad_norm': '304.3', 'learning_rate': '0.0008886', 'epoch': '4.167'}
{'loss': '16.94', 'grad_norm': '11.59', 'learning_rate': '0.000775', 'epoch': '5.556'}
{'eval_loss': '1.746', 'eval_wer': '0.8814', 'eval_cer': '0.3225', 'eval_runtime': '45.44', 'eval_samples_per_second': '6.096', 'eval_steps_per_second': '3.059', 'epoch': '5.556'}
{'loss': '20.09', 'grad_norm': '6.131', 'learning_rate': '0.0006614', 'epoch': '6.944'}
{'loss': '16.66', 'grad_norm': '14.11', 'learning_rate': '0.0005477', 'epoch': '8.333'}
{'eval_loss': '1.485', 'eval_wer': '0.597', 'eval_cer': '0.2016', 'eval_runtime': '45.14', 'eval_samples_per_second': '6.137', 'eval_steps_per_second': '3.079', 'epoch': '8.333'}
{'loss': '19.75', 'grad_norm': '6.814', 'learning_rate': '0.0004341', 'epoch': '9.722'}
{'loss': '13.35', 'grad_norm': '5.243', 'learning_rate': '0.0003205', 'epoch': '11.11'}
{'eval_loss': '1.556', 'eval_wer': '0.5244', 'eval_cer': '0.1736', 'eval_runtime': '45.21', 'eval_samples_per_second': '6.126', 'eval_steps_per_second': '3.074', 'epoch': '11.11'}
{'loss': '16.37', 'grad_norm': '24.72', 'learning_rate': '0.0002068', 'epoch': '12.5'}
{'loss': '14.25', 'grad_norm': '5.171', 'learning_rate': '9.318e-05', 'epoch': '13.89'}
{'eval_loss': '1.483', 'eval_wer': '0.5127', 'eval_cer': '0.1688', 'eval_runtime': '45.59', 'eval_samples_per_second': '6.076', 'eval_steps_per_second': '3.049', 'epoch': '13.89'}
{'train_runtime': '3804', 'train_samples_per_second': '2.271', 'train_steps_per_second': '0.142', 'train_loss': '32.8', 'epoch': '15'}

Saving adapter weights...
  Adapter saved to: /mmfs1/gscratch/scrubbed/vitthal1/low-resource-asr/models/mms/el-CY/5h/adapter.el-CY.safetensors
  Saving full model...

Final evaluation (validation, greedy):
  Greedy WER: 0.5126
  Greedy CER: 0.1688

Evaluating on test set (greedy)...
  Test WER (greedy): 0.5187
  Test CER (greedy): 0.1618
  Transcriptions saved to: /mmfs1/gscratch/scrubbed/vitthal1/low-resource-asr/results/transcriptions/transcriptions_mms_el-CY_5h_20260520_232650.tsv
  Results saved to: /mmfs1/gscratch/scrubbed/vitthal1/low-resource-asr/models/mms/el-CY/5h/eval_results.json
  Training log saved to: /mmfs1/gscratch/scrubbed/vitthal1/low-resource-asr/results/training_logs/mms_aft_5h_el-CY_20260520_232650.log

Pushing to Hugging Face Hub: vitthalbhandari/mms-1b-all-aft-5h-el-CY
  Pushing model...
  Pushing processor...
  Pushing adapter weights...
  Pushing model card...
  Successfully pushed to: https://huggingface.co/vitthalbhandari/mms-1b-all-aft-5h-el-CY

============================================================
Training complete!
============================================================
Model saved to: /mmfs1/gscratch/scrubbed/vitthal1/low-resource-asr/models/mms/el-CY/5h
Model pushed to: https://huggingface.co/vitthalbhandari/mms-1b-all-aft-5h-el-CY
