==========================================
MMS Scaling Experiment — fresh fine-tune
  lang=bew  split=3h
  node=g3112  gpu=NVIDIA L40S
==========================================
Train TSV: /mmfs1/gscratch/scrubbed/vitthal1/low-resource-asr/data/mozilla_speech_data/bew/train-3h_bew.tsv (405 rows)
============================================================
MMS Adapter Fine-tuning for bew (Betawi) split=3h
============================================================
Output directory: /mmfs1/gscratch/scrubbed/vitthal1/low-resource-asr/models/mms/bew/3h
Device: cuda
Push to HF: True
HF Repo: vitthalbhandari/mms-1b-all-aft-3h-bew

Loading data for bew (Betawi) split=3h...
  Train: /mmfs1/gscratch/scrubbed/vitthal1/low-resource-asr/data/mozilla_speech_data/bew/train-3h_bew.tsv
  Val: /mmfs1/gscratch/scrubbed/vitthal1/low-resource-asr/data/mozilla_speech_data/bew/validation_bew.tsv
  Train: 404 samples (2.99 h)
  Validation: 240 samples (2.23 h)

Building vocabulary...
  Vocabulary saved to /mmfs1/gscratch/scrubbed/vitthal1/low-resource-asr/models/mms/bew/3h/vocab.json (74 tokens)

Preparing datasets...
  Max audio length from CSV (p97.5 for bew): 70.47s
  Dropped 6 train, 14 val samples (over 70.47s).

Loading MMS model...
  Trainable parameters: 2,248,524 / 964,745,932 (0.23%)

Training configuration:
  Epochs: 15
  Batch size: 2
  Gradient accumulation: 8
  Effective batch size: 16
  Learning rate: 0.001
  FP16: False, BF16: True

Starting training...
{'loss': '60.75', 'grad_norm': '20.96', 'learning_rate': '0.00049', 'epoch': '2'}
{'loss': '8.157', 'grad_norm': '6.542', 'learning_rate': '0.00099', 'epoch': '4'}
{'eval_loss': '0.795', 'eval_wer': '0.582', 'eval_cer': '0.193', 'eval_runtime': '36.74', 'eval_samples_per_second': '6.152', 'eval_steps_per_second': '3.076', 'epoch': '4'}
{'loss': '5.542', 'grad_norm': '10.06', 'learning_rate': '0.0008218', 'epoch': '6'}
{'loss': '5.065', 'grad_norm': '4.598', 'learning_rate': '0.00064', 'epoch': '8'}
{'eval_loss': '0.7371', 'eval_wer': '0.5312', 'eval_cer': '0.1789', 'eval_runtime': '36.2', 'eval_samples_per_second': '6.243', 'eval_steps_per_second': '3.122', 'epoch': '8'}
{'loss': '4.741', 'grad_norm': '3.075', 'learning_rate': '0.0004582', 'epoch': '10'}
{'loss': '4.495', 'grad_norm': '5.778', 'learning_rate': '0.0002764', 'epoch': '12'}
{'eval_loss': '0.7221', 'eval_wer': '0.5186', 'eval_cer': '0.1754', 'eval_runtime': '36.11', 'eval_samples_per_second': '6.258', 'eval_steps_per_second': '3.129', 'epoch': '12'}
{'loss': '4.35', 'grad_norm': '4.409', 'learning_rate': '9.455e-05', 'epoch': '14'}
{'train_runtime': '1770', 'train_samples_per_second': '3.372', 'train_steps_per_second': '0.212', 'train_loss': '12.7', 'epoch': '15'}

Saving adapter weights...
  Adapter saved to: /mmfs1/gscratch/scrubbed/vitthal1/low-resource-asr/models/mms/bew/3h/adapter.bew.safetensors
  Saving full model...

Final evaluation (validation, greedy):
  Greedy WER: 0.5183
  Greedy CER: 0.1754

Evaluating on test set (greedy)...
  Test WER (greedy): 0.5106
  Test CER (greedy): 0.1743
  Transcriptions saved to: /mmfs1/gscratch/scrubbed/vitthal1/low-resource-asr/results/transcriptions/transcriptions_mms_bew_3h_20260520_235605.tsv
  Results saved to: /mmfs1/gscratch/scrubbed/vitthal1/low-resource-asr/models/mms/bew/3h/eval_results.json
  Training log saved to: /mmfs1/gscratch/scrubbed/vitthal1/low-resource-asr/results/training_logs/mms_aft_3h_bew_20260520_235605.log

Pushing to Hugging Face Hub: vitthalbhandari/mms-1b-all-aft-3h-bew
  Pushing model...
  Pushing processor...
  Pushing adapter weights...
  Pushing model card...
  Successfully pushed to: https://huggingface.co/vitthalbhandari/mms-1b-all-aft-3h-bew

============================================================
Training complete!
============================================================
Model saved to: /mmfs1/gscratch/scrubbed/vitthal1/low-resource-asr/models/mms/bew/3h
Model pushed to: https://huggingface.co/vitthalbhandari/mms-1b-all-aft-3h-bew
