==========================================
MMS Scaling Experiment — fresh fine-tune
  lang=el-CY  split=2h
  node=g3111  gpu=NVIDIA L40S
==========================================
Train TSV: /mmfs1/gscratch/scrubbed/vitthal1/low-resource-asr/data/mozilla_speech_data/el-CY/train-2h_el-CY.tsv (150 rows)
============================================================
MMS Adapter Fine-tuning for el-CY (Cypriot Greek) split=2h
============================================================
Output directory: /mmfs1/gscratch/scrubbed/vitthal1/low-resource-asr/models/mms/el-CY/2h
Device: cuda
Push to HF: True
HF Repo: vitthalbhandari/mms-1b-all-aft-2h-el-CY

Loading data for el-CY (Cypriot Greek) split=2h...
  Train: /mmfs1/gscratch/scrubbed/vitthal1/low-resource-asr/data/mozilla_speech_data/el-CY/train-2h_el-CY.tsv
  Val: /mmfs1/gscratch/scrubbed/vitthal1/low-resource-asr/data/mozilla_speech_data/el-CY/validation_el-CY.tsv
  Train: 149 samples (1.99 h)
  Validation: 277 samples (1.47 h)

Building vocabulary...
  Vocabulary saved to /mmfs1/gscratch/scrubbed/vitthal1/low-resource-asr/models/mms/el-CY/2h/vocab.json (125 tokens)

Preparing datasets...
  Max audio length from CSV (p97.5 for el-CY): 79.43s
  Dropped 16 train, 0 val samples (over 79.43s).

Loading MMS model...
  Trainable parameters: 2,313,855 / 964,811,263 (0.24%)

Training configuration:
  Epochs: 15
  Batch size: 2
  Gradient accumulation: 8
  Effective batch size: 16
  Learning rate: 0.001
  FP16: False, BF16: True

Starting training...
{'loss': '200.6', 'grad_norm': '35.44', 'learning_rate': '0.00049', 'epoch': '5.597'}
{'loss': '139.6', 'grad_norm': '47.28', 'learning_rate': '0.00099', 'epoch': '11.12'}
{'eval_loss': '7.909', 'eval_wer': '1', 'eval_cer': '0.9272', 'eval_runtime': '28.2', 'eval_samples_per_second': '9.821', 'eval_steps_per_second': '4.928', 'epoch': '11.12'}
{'train_runtime': '930.4', 'train_samples_per_second': '2.144', 'train_steps_per_second': '0.145', 'train_loss': '149.2', 'epoch': '15'}

Saving adapter weights...
  Adapter saved to: /mmfs1/gscratch/scrubbed/vitthal1/low-resource-asr/models/mms/el-CY/2h/adapter.el-CY.safetensors
  Saving full model...

Final evaluation (validation, greedy):
  Greedy WER: 1.0000
  Greedy CER: 0.9271

Evaluating on test set (greedy)...
  Test WER (greedy): 0.9991
  Test CER (greedy): 0.9258
  Transcriptions saved to: /mmfs1/gscratch/scrubbed/vitthal1/low-resource-asr/results/transcriptions/transcriptions_mms_el-CY_2h_20260520_232429.tsv
  Results saved to: /mmfs1/gscratch/scrubbed/vitthal1/low-resource-asr/models/mms/el-CY/2h/eval_results.json
  Training log saved to: /mmfs1/gscratch/scrubbed/vitthal1/low-resource-asr/results/training_logs/mms_aft_2h_el-CY_20260520_232429.log

Pushing to Hugging Face Hub: vitthalbhandari/mms-1b-all-aft-2h-el-CY
  Pushing model...
  Pushing processor...
  Pushing adapter weights...
  Pushing model card...
  Successfully pushed to: https://huggingface.co/vitthalbhandari/mms-1b-all-aft-2h-el-CY

============================================================
Training complete!
============================================================
Model saved to: /mmfs1/gscratch/scrubbed/vitthal1/low-resource-asr/models/mms/el-CY/2h
Model pushed to: https://huggingface.co/vitthalbhandari/mms-1b-all-aft-2h-el-CY
