==========================================
MMS Adapter Fine-tuning on HPC
==========================================
Language: el-CY  Split: all (task 4 of 21)
Job ID: 33450895 (Array Job: 33447755)
Node: g3115
GPUs: 0
Start time: Mon Feb 23 02:29:19 PST 2026

Checking GPU availability...
CUDA available: True
GPU: NVIDIA L40

Starting training for el-CY (split=all)...
============================================================
XLS-R 1B Adapter Fine-tuning for el-CY (Cypriot Greek) split=all
============================================================
Base model: facebook/wav2vec2-xls-r-1b
Adapter attn dim: 256
Output directory: /mmfs1/gscratch/scrubbed/anonymous_user/low-resource-asr/models/xlsr/el-CY/all
Device: cuda
Push to HF: True
HF Repo: anonymous/xlsr-1b-aft-all-el-CY

Loading data for el-CY (Cypriot Greek) split=all...
  Train: /mmfs1/gscratch/scrubbed/anonymous_user/low-resource-asr/data/mozilla_speech_data/el-CY/train-all_el-CY.tsv
  Val: /mmfs1/gscratch/scrubbed/anonymous_user/low-resource-asr/data/mozilla_speech_data/el-CY/validation_el-CY.tsv
  Train: 782 samples (7.15 h)
  Validation: 277 samples (1.47 h)

Building vocabulary...
  Vocabulary saved to /mmfs1/gscratch/scrubbed/anonymous_user/low-resource-asr/models/xlsr/el-CY/all/vocab.json (141 tokens)

Preparing datasets...

Loading XLS-R model (facebook/wav2vec2-xls-r-1b)...
  Trainable parameters: 31,837,071 / 994,334,479 (3.20%)

Training configuration:
  Epochs: 5
  Batch size: 4
  Gradient accumulation: 4
  Effective batch size: 16
  Learning rate: 0.001
  FP16: False, BF16: True

Starting training...
