==========================================
MMS Adapter Fine-tuning on HPC
==========================================
Language: meh  Split: one (task 11 of 21)
Job ID: 33202404 (Array Job: 33196711)
Node: g3120
GPUs: 0
Start time: Mon Feb 16 07:41:48 PST 2026

Checking GPU availability...
CUDA available: True
GPU: NVIDIA L40S

Starting training for meh (split=one)...
============================================================
MMS Adapter Fine-tuning for meh (Southwestern Tlaxiaco Mixtec) split=one
============================================================
Output directory: /mmfs1/gscratch/scrubbed/anonymous_user/low-resource-asr/models/mms/meh/one
Device: cuda
Push to HF: False

Loading data for meh (Southwestern Tlaxiaco Mixtec) split=one...
  Train: /mmfs1/gscratch/scrubbed/anonymous_user/low-resource-asr/data/mozilla_speech_data/meh/train-one_meh.tsv
  Val: /mmfs1/gscratch/scrubbed/anonymous_user/low-resource-asr/data/mozilla_speech_data/meh/validation_meh.tsv
  Train: 157 samples (0.98 h)
  Validation: 93 samples (1.00 h)

Building vocabulary...
  Vocabulary saved to /mmfs1/gscratch/scrubbed/anonymous_user/low-resource-asr/models/mms/meh/one/vocab.json (53 tokens)

Preparing datasets...

Loading MMS model...
  Trainable parameters: 2,221,623 / 964,719,031 (0.23%)

Training configuration:
  Epochs: 5
  Batch size: 4
  Gradient accumulation: 4
  Effective batch size: 16
  Learning rate: 0.001
  FP16: False, BF16: True

Starting training...
{'loss': '269.1', 'grad_norm': '69.72', 'learning_rate': '0.00049', 'epoch': '5'}
{'train_runtime': '263.1', 'train_samples_per_second': '2.984', 'train_steps_per_second': '0.19', 'train_loss': '269.1', 'epoch': '5'}

Saving adapter weights...
  Adapter saved to: /mmfs1/gscratch/scrubbed/anonymous_user/low-resource-asr/models/mms/meh/one/adapter.meh.safetensors
  Saving full model...

Final evaluation (validation):
  WER: 0.9993
  CER: 0.9623

Evaluating on test set...
  Test WER: 0.9998
  Test CER: 0.9699
  Results saved to: /mmfs1/gscratch/scrubbed/anonymous_user/low-resource-asr/models/mms/meh/one/eval_results.json
  Training log saved to: /mmfs1/gscratch/scrubbed/anonymous_user/low-resource-asr/results/training_logs/mms_aft_one_meh_20260216_074232.log

============================================================
Training complete!
============================================================
Model saved to: /mmfs1/gscratch/scrubbed/anonymous_user/low-resource-asr/models/mms/meh/one

==========================================
Training complete for meh!
End time: Mon Feb 16 07:51:40 PST 2026
==========================================
