==========================================
MMS Adapter Fine-tuning on Hyak
==========================================
Language: bxk  Split: all (task 2 of 21)
Job ID: 33602966 (Array Job: 33600007)
Node: g3112
GPUs: 0
Start time: Mon Mar  2 01:13:10 PST 2026

Checking GPU availability...
CUDA available: True
GPU: NVIDIA L40S

Starting training for bxk (split=all)...
============================================================
MMS Adapter Fine-tuning for bxk (Bukusu) split=all
============================================================
Output directory: /mmfs1/gscratch/scrubbed/vitthal1/low-resource-asr/models/mms/bxk/all
Device: cuda
Push to HF: True
HF Repo: vitthalbhandari/mms-1b-all-aft-all-bxk

Loading data for bxk (Bukusu) split=all...
  Train: /mmfs1/gscratch/scrubbed/vitthal1/low-resource-asr/data/mozilla_speech_data/bxk/train-all_bxk.tsv
  Val: /mmfs1/gscratch/scrubbed/vitthal1/low-resource-asr/data/mozilla_speech_data/bxk/validation_bxk.tsv
  Train: 1642 samples (7.85 h)
  Validation: 118 samples (0.61 h)

Building vocabulary...
  Vocabulary saved to /mmfs1/gscratch/scrubbed/vitthal1/low-resource-asr/models/mms/bxk/all/vocab.json (59 tokens)

Preparing datasets...
  Max audio length from CSV (p97.5 for bxk): 29.27s
  Dropped 38 train, 2 val samples (over 29.27s).

Loading MMS model...
  Trainable parameters: 2,229,309 / 964,726,717 (0.23%)

Training configuration:
  Epochs: 15
  Batch size: 2
  Gradient accumulation: 8
  Effective batch size: 16
  Learning rate: 0.001
  FP16: False, BF16: True

Starting training...
{'loss': '74.92', 'grad_norm': '23.21', 'learning_rate': '0.00049', 'epoch': '0.4988'}
{'loss': '7.354', 'grad_norm': '19.57', 'learning_rate': '0.00099', 'epoch': '0.9975'}
{'eval_loss': '0.7121', 'eval_wer': '0.6427', 'eval_cer': '0.1639', 'eval_runtime': '14.62', 'eval_samples_per_second': '7.936', 'eval_steps_per_second': '3.968', 'epoch': '0.9975'}
{'loss': '4.566', 'grad_norm': '5.185', 'learning_rate': '0.0009654', 'epoch': '1.489'}
{'loss': '4.617', 'grad_norm': '5.64', 'learning_rate': '0.00093', 'epoch': '1.988'}
{'eval_loss': '0.5465', 'eval_wer': '0.5336', 'eval_cer': '0.1355', 'eval_runtime': '11.55', 'eval_samples_per_second': '10.05', 'eval_steps_per_second': '5.023', 'epoch': '1.988'}
{'loss': '4.181', 'grad_norm': '4.876', 'learning_rate': '0.0008947', 'epoch': '2.479'}
{'loss': '3.941', 'grad_norm': '13.2', 'learning_rate': '0.0008594', 'epoch': '2.978'}
{'eval_loss': '0.5173', 'eval_wer': '0.5249', 'eval_cer': '0.1341', 'eval_runtime': '11.44', 'eval_samples_per_second': '10.14', 'eval_steps_per_second': '5.068', 'epoch': '2.978'}
{'loss': '3.823', 'grad_norm': '5.15', 'learning_rate': '0.000824', 'epoch': '3.469'}
{'loss': '3.916', 'grad_norm': '4.11', 'learning_rate': '0.0007887', 'epoch': '3.968'}
{'eval_loss': '0.506', 'eval_wer': '0.509', 'eval_cer': '0.1282', 'eval_runtime': '11.91', 'eval_samples_per_second': '9.736', 'eval_steps_per_second': '4.868', 'epoch': '3.968'}
{'loss': '3.769', 'grad_norm': '4.21', 'learning_rate': '0.0007534', 'epoch': '4.459'}
{'loss': '3.63', 'grad_norm': '9.379', 'learning_rate': '0.000718', 'epoch': '4.958'}
{'eval_loss': '0.5149', 'eval_wer': '0.5221', 'eval_cer': '0.132', 'eval_runtime': '12.54', 'eval_samples_per_second': '9.247', 'eval_steps_per_second': '4.624', 'epoch': '4.958'}
{'loss': '3.578', 'grad_norm': '4.839', 'learning_rate': '0.0006827', 'epoch': '5.449'}
{'loss': '3.67', 'grad_norm': '5.473', 'learning_rate': '0.0006473', 'epoch': '5.948'}
{'eval_loss': '0.4991', 'eval_wer': '0.4843', 'eval_cer': '0.1245', 'eval_runtime': '12.04', 'eval_samples_per_second': '9.631', 'eval_steps_per_second': '4.815', 'epoch': '5.948'}
{'loss': '3.42', 'grad_norm': '7.642', 'learning_rate': '0.000612', 'epoch': '6.439'}
{'loss': '3.477', 'grad_norm': '17.57', 'learning_rate': '0.0005767', 'epoch': '6.938'}
{'eval_loss': '0.492', 'eval_wer': '0.4855', 'eval_cer': '0.1257', 'eval_runtime': '11.95', 'eval_samples_per_second': '9.707', 'eval_steps_per_second': '4.853', 'epoch': '6.938'}
{'loss': '3.343', 'grad_norm': '3.754', 'learning_rate': '0.0005413', 'epoch': '7.429'}
{'loss': '3.357', 'grad_norm': '10.37', 'learning_rate': '0.000506', 'epoch': '7.928'}
{'eval_loss': '0.4872', 'eval_wer': '0.4807', 'eval_cer': '0.1234', 'eval_runtime': '11.64', 'eval_samples_per_second': '9.968', 'eval_steps_per_second': '4.984', 'epoch': '7.928'}
{'loss': '3.197', 'grad_norm': '3.655', 'learning_rate': '0.0004707', 'epoch': '8.419'}
{'loss': '3.35', 'grad_norm': '4.195', 'learning_rate': '0.0004353', 'epoch': '8.918'}
{'eval_loss': '0.481', 'eval_wer': '0.4803', 'eval_cer': '0.1239', 'eval_runtime': '11.77', 'eval_samples_per_second': '9.854', 'eval_steps_per_second': '4.927', 'epoch': '8.918'}
{'loss': '3.164', 'grad_norm': '3.631', 'learning_rate': '0.0004', 'epoch': '9.409'}
{'loss': '3.257', 'grad_norm': '17.34', 'learning_rate': '0.0003647', 'epoch': '9.908'}
{'eval_loss': '0.4757', 'eval_wer': '0.4708', 'eval_cer': '0.1234', 'eval_runtime': '11.8', 'eval_samples_per_second': '9.831', 'eval_steps_per_second': '4.915', 'epoch': '9.908'}
{'loss': '3.055', 'grad_norm': '4.402', 'learning_rate': '0.0003293', 'epoch': '10.4'}
{'loss': '3.1', 'grad_norm': '12.03', 'learning_rate': '0.000294', 'epoch': '10.9'}
{'eval_loss': '0.4815', 'eval_wer': '0.4771', 'eval_cer': '0.1234', 'eval_runtime': '11.71', 'eval_samples_per_second': '9.904', 'eval_steps_per_second': '4.952', 'epoch': '10.9'}
{'loss': '2.988', 'grad_norm': '6.543', 'learning_rate': '0.0002587', 'epoch': '11.39'}
{'loss': '3.041', 'grad_norm': '9.265', 'learning_rate': '0.0002233', 'epoch': '11.89'}
{'eval_loss': '0.4798', 'eval_wer': '0.4775', 'eval_cer': '0.1228', 'eval_runtime': '11.87', 'eval_samples_per_second': '9.774', 'eval_steps_per_second': '4.887', 'epoch': '11.89'}
{'loss': '2.931', 'grad_norm': '4.733', 'learning_rate': '0.000188', 'epoch': '12.38'}
{'loss': '3.037', 'grad_norm': '4.019', 'learning_rate': '0.0001527', 'epoch': '12.88'}
{'eval_loss': '0.4765', 'eval_wer': '0.4727', 'eval_cer': '0.1211', 'eval_runtime': '11.88', 'eval_samples_per_second': '9.767', 'eval_steps_per_second': '4.883', 'epoch': '12.88'}
{'loss': '2.863', 'grad_norm': '14.85', 'learning_rate': '0.0001173', 'epoch': '13.37'}
{'loss': '2.937', 'grad_norm': '8.483', 'learning_rate': '8.198e-05', 'epoch': '13.87'}
{'eval_loss': '0.4777', 'eval_wer': '0.4747', 'eval_cer': '0.1211', 'eval_runtime': '11.93', 'eval_samples_per_second': '9.72', 'eval_steps_per_second': '4.86', 'epoch': '13.87'}
{'loss': '2.8', 'grad_norm': '3.083', 'learning_rate': '4.664e-05', 'epoch': '14.36'}
{'loss': '2.956', 'grad_norm': '5.113', 'learning_rate': '1.131e-05', 'epoch': '14.86'}
{'eval_loss': '0.4776', 'eval_wer': '0.4751', 'eval_cer': '0.1214', 'eval_runtime': '11.92', 'eval_samples_per_second': '9.734', 'eval_steps_per_second': '4.867', 'epoch': '14.86'}
{'train_runtime': '4603', 'train_samples_per_second': '5.227', 'train_steps_per_second': '0.329', 'train_loss': '5.909', 'epoch': '15'}

Saving adapter weights...
  Adapter saved to: /mmfs1/gscratch/scrubbed/vitthal1/low-resource-asr/models/mms/bxk/all/adapter.bxk.safetensors
  Saving full model...

Final evaluation (validation, greedy):
  Greedy WER: 0.4727
  Greedy CER: 0.1238

Evaluating on test set (greedy)...
  Test WER (greedy): 0.5204
  Test CER (greedy): 0.1482
  Transcriptions saved to: /mmfs1/gscratch/scrubbed/vitthal1/low-resource-asr/results/transcriptions/transcriptions_mms_bxk_all_20260302_011543.tsv

Building LM decoder...
  LM decoder: beam search with unigrams (no ARPA) (beam_width=100)

Final evaluation (validation, LM decoding)...
  LM WER: 0.4688
  LM CER: 0.1215

Evaluating on test set (LM decoding)...
  Test LM WER: 0.5119
  Test LM CER: 0.1471
  LM transcriptions saved to: /mmfs1/gscratch/scrubbed/vitthal1/low-resource-asr/results/transcriptions/transcriptions_mms_lm_bxk_all_20260302_011543.tsv
  Results saved to: /mmfs1/gscratch/scrubbed/vitthal1/low-resource-asr/models/mms/bxk/all/eval_results.json
  Training log saved to: /mmfs1/gscratch/scrubbed/vitthal1/low-resource-asr/results/training_logs/mms_aft_all_bxk_20260302_011543.log

Pushing to Hugging Face Hub: vitthalbhandari/mms-1b-all-aft-all-bxk
  Pushing model...
  Pushing processor...
  Pushing adapter weights...
  Pushing model card...
  Successfully pushed to: https://huggingface.co/vitthalbhandari/mms-1b-all-aft-all-bxk

============================================================
Training complete!
============================================================
Model saved to: /mmfs1/gscratch/scrubbed/vitthal1/low-resource-asr/models/mms/bxk/all
Model pushed to: https://huggingface.co/vitthalbhandari/mms-1b-all-aft-all-bxk

==========================================
Training complete for bxk!
End time: Mon Mar  2 02:47:41 PST 2026
==========================================
