==========================================
MMS Adapter Fine-tuning on HPC
==========================================
Language: kcn  Split: all (task 6 of 21)
Job ID: 33277816 (Array Job: 33272322)
Node: g3119
GPUs: 0
Start time: Wed Feb 18 21:35:42 PST 2026

Checking GPU availability...
CUDA available: True
GPU: NVIDIA L40

Starting training for kcn (split=all)...
============================================================
MMS Adapter Fine-tuning for kcn (Nubi) split=all
============================================================
Output directory: /mmfs1/gscratch/scrubbed/anonymous_user/low-resource-asr/models/mms/kcn/all
Device: cuda
Push to HF: True
HF Repo: anonymous/mms-1b-all-aft-all-kcn

Loading data for kcn (Nubi) split=all...
  Train: /mmfs1/gscratch/scrubbed/anonymous_user/low-resource-asr/data/mozilla_speech_data/kcn/train-all_kcn.tsv
  Val: /mmfs1/gscratch/scrubbed/anonymous_user/low-resource-asr/data/mozilla_speech_data/kcn/validation_kcn.tsv
  Train: 1395 samples (7.21 h)
  Validation: 152 samples (0.57 h)

Building vocabulary...
  Vocabulary saved to /mmfs1/gscratch/scrubbed/anonymous_user/low-resource-asr/models/mms/kcn/all/vocab.json (62 tokens)

Preparing datasets...

Loading MMS model...
  Trainable parameters: 2,233,152 / 964,730,560 (0.23%)

Training configuration:
  Epochs: 5
  Batch size: 4
  Gradient accumulation: 4
  Effective batch size: 16
  Learning rate: 0.001
  FP16: False, BF16: True

Starting training...
{'loss': '52.38', 'grad_norm': '16.13', 'learning_rate': '0.00049', 'epoch': '0.5731'}
{'loss': '24.8', 'grad_norm': '10.83', 'learning_rate': '0.00099', 'epoch': '1.138'}
{'eval_loss': '3.755', 'eval_wer': '1.002', 'eval_cer': '0.8328', 'eval_runtime': '12.11', 'eval_samples_per_second': '12.56', 'eval_steps_per_second': '3.139', 'epoch': '1.138'}
{'loss': '15.11', 'grad_norm': '104.1', 'learning_rate': '0.0008559', 'epoch': '1.711'}
{'loss': '18.04', 'grad_norm': '7.226', 'learning_rate': '0.0007088', 'epoch': '2.275'}
{'eval_loss': '3.375', 'eval_wer': '1.003', 'eval_cer': '0.7661', 'eval_runtime': '11.77', 'eval_samples_per_second': '12.91', 'eval_steps_per_second': '3.228', 'epoch': '2.275'}
{'loss': '13.89', 'grad_norm': '3.571', 'learning_rate': '0.0005618', 'epoch': '2.848'}
{'loss': '12.3', 'grad_norm': '4.207', 'learning_rate': '0.0004147', 'epoch': '3.413'}
{'eval_loss': '2.969', 'eval_wer': '0.9987', 'eval_cer': '0.7962', 'eval_runtime': '11.83', 'eval_samples_per_second': '12.84', 'eval_steps_per_second': '3.211', 'epoch': '3.413'}
{'loss': '13.64', 'grad_norm': '6.532', 'learning_rate': '0.0002676', 'epoch': '3.986'}
{'loss': '11.83', 'grad_norm': '5.873', 'learning_rate': '0.0001206', 'epoch': '4.55'}
{'eval_loss': '2.805', 'eval_wer': '0.998', 'eval_cer': '0.8315', 'eval_runtime': '11.86', 'eval_samples_per_second': '12.82', 'eval_steps_per_second': '3.205', 'epoch': '4.55'}
{'train_runtime': '1456', 'train_samples_per_second': '4.79', 'train_steps_per_second': '0.302', 'train_loss': '19.51', 'epoch': '5'}

Saving adapter weights...
  Adapter saved to: /mmfs1/gscratch/scrubbed/anonymous_user/low-resource-asr/models/mms/kcn/all/adapter.kcn.safetensors
  Saving full model...

Final evaluation (validation):
  WER: 0.9982
  CER: 0.8316

Evaluating on test set...
  Test WER: 1.0013
  Test CER: 0.8245
  Transcriptions saved to: /mmfs1/gscratch/scrubbed/anonymous_user/low-resource-asr/results/transcriptions/transcriptions_kcn_all_20260218_213822.tsv
  Results saved to: /mmfs1/gscratch/scrubbed/anonymous_user/low-resource-asr/models/mms/kcn/all/eval_results.json
  Training log saved to: /mmfs1/gscratch/scrubbed/anonymous_user/low-resource-asr/results/training_logs/mms_aft_all_kcn_20260218_213822.log

Pushing to Hugging Face Hub: anonymous/mms-1b-all-aft-all-kcn
  Pushing model...
  Pushing processor...
  Pushing adapter weights...
  Pushing model card...
  Successfully pushed to: https://huggingface.co/anonymous/mms-1b-all-aft-all-kcn

============================================================
Training complete!
============================================================
Model saved to: /mmfs1/gscratch/scrubbed/anonymous_user/low-resource-asr/models/mms/kcn/all
Model pushed to: https://huggingface.co/anonymous/mms-1b-all-aft-all-kcn

==========================================
Training complete for kcn!
End time: Wed Feb 18 22:06:59 PST 2026
==========================================
