==========================================
MMS Scaling Experiment — fresh fine-tune
  lang=bew  split=curated-2h
  node=g3122  gpu=NVIDIA L40S
==========================================
Train TSV: /mmfs1/gscratch/scrubbed/vitthal1/low-resource-asr/data/mozilla_speech_data/bew/train-curated-2h_bew.tsv (296 rows)
============================================================
MMS Adapter Fine-tuning for bew (Betawi) split=curated-2h
============================================================
Output directory: /mmfs1/gscratch/scrubbed/vitthal1/low-resource-asr/models/mms/bew/curated-2h
Device: cuda
Push to HF: True
HF Repo: vitthalbhandari/mms-1b-all-aft-curated-2h-bew

Loading data for bew (Betawi) split=curated-2h...
  Train: /mmfs1/gscratch/scrubbed/vitthal1/low-resource-asr/data/mozilla_speech_data/bew/train-curated-2h_bew.tsv
  Val: /mmfs1/gscratch/scrubbed/vitthal1/low-resource-asr/data/mozilla_speech_data/bew/validation_bew.tsv
  Train: 295 samples (2.00 h)
  Validation: 240 samples (2.23 h)

Building vocabulary...
  Vocabulary saved to /mmfs1/gscratch/scrubbed/vitthal1/low-resource-asr/models/mms/bew/curated-2h/vocab.json (71 tokens)

Preparing datasets...
  Max audio length from CSV (p97.5 for bew): 70.47s
  Dropped 0 train, 14 val samples (over 70.47s).

Loading MMS model...
  Trainable parameters: 2,244,681 / 964,742,089 (0.23%)

Training configuration:
  Epochs: 15
  Batch size: 2
  Gradient accumulation: 8
  Effective batch size: 16
  Learning rate: 0.001
  FP16: False, BF16: True

Starting training...
{'loss': '72.03', 'grad_norm': '139.3', 'learning_rate': '0.00049', 'epoch': '2.649'}
{'loss': '32.95', 'grad_norm': '28.24', 'learning_rate': '0.00099', 'epoch': '5.27'}
{'eval_loss': '3.781', 'eval_wer': '1.011', 'eval_cer': '0.79', 'eval_runtime': '59.05', 'eval_samples_per_second': '3.827', 'eval_steps_per_second': '1.914', 'epoch': '5.27'}
{'loss': '27.47', 'grad_norm': '11.04', 'learning_rate': '0.0007351', 'epoch': '7.919'}
{'loss': '25.04', 'grad_norm': '19.26', 'learning_rate': '0.0004649', 'epoch': '10.54'}
{'eval_loss': '3.314', 'eval_wer': '0.9997', 'eval_cer': '0.8767', 'eval_runtime': '57.06', 'eval_samples_per_second': '3.961', 'eval_steps_per_second': '1.981', 'epoch': '10.54'}
{'loss': '23.73', 'grad_norm': '20.51', 'learning_rate': '0.0001946', 'epoch': '13.16'}
{'train_runtime': '1702', 'train_samples_per_second': '2.6', 'train_steps_per_second': '0.167', 'train_loss': '34.6', 'epoch': '15'}

Saving adapter weights...
  Adapter saved to: /mmfs1/gscratch/scrubbed/vitthal1/low-resource-asr/models/mms/bew/curated-2h/adapter.bew.safetensors
  Saving full model...

Final evaluation (validation, greedy):
  Greedy WER: 0.9997
  Greedy CER: 0.8769

Evaluating on test set (greedy)...
  Test WER (greedy): 0.9994
  Test CER (greedy): 0.8828
  Transcriptions saved to: /mmfs1/gscratch/scrubbed/vitthal1/low-resource-asr/results/transcriptions/transcriptions_mms_bew_curated-2h_20260521_000905.tsv
  Results saved to: /mmfs1/gscratch/scrubbed/vitthal1/low-resource-asr/models/mms/bew/curated-2h/eval_results.json
  Training log saved to: /mmfs1/gscratch/scrubbed/vitthal1/low-resource-asr/results/training_logs/mms_aft_curated-2h_bew_20260521_000905.log

Pushing to Hugging Face Hub: vitthalbhandari/mms-1b-all-aft-curated-2h-bew
  Pushing model...
  Pushing processor...
  Pushing adapter weights...
  Pushing model card...
  Successfully pushed to: https://huggingface.co/vitthalbhandari/mms-1b-all-aft-curated-2h-bew

============================================================
Training complete!
============================================================
Model saved to: /mmfs1/gscratch/scrubbed/vitthal1/low-resource-asr/models/mms/bew/curated-2h
Model pushed to: https://huggingface.co/vitthalbhandari/mms-1b-all-aft-curated-2h-bew
