==========================================
MMS Scaling Experiment — fresh fine-tune
  lang=hch  split=5h
  node=g3102  gpu=NVIDIA L40S
==========================================
Train TSV: /mmfs1/gscratch/scrubbed/vitthal1/low-resource-asr/data/mozilla_speech_data/hch/train-5h_hch.tsv (744 rows)
============================================================
MMS Adapter Fine-tuning for hch (Wixárika) split=5h
============================================================
Output directory: /mmfs1/gscratch/scrubbed/vitthal1/low-resource-asr/models/mms/hch/5h
Device: cuda
Push to HF: True
HF Repo: vitthalbhandari/mms-1b-all-aft-5h-hch

Loading data for hch (Wixárika) split=5h...
  Train: /mmfs1/gscratch/scrubbed/vitthal1/low-resource-asr/data/mozilla_speech_data/hch/train-5h_hch.tsv
  Val: /mmfs1/gscratch/scrubbed/vitthal1/low-resource-asr/data/mozilla_speech_data/hch/validation_hch.tsv
  Train: 743 samples (4.99 h)
  Validation: 310 samples (0.97 h)

Building vocabulary...
  Vocabulary saved to /mmfs1/gscratch/scrubbed/vitthal1/low-resource-asr/models/mms/hch/5h/vocab.json (78 tokens)

Preparing datasets...
  Max audio length from CSV (p97.5 for hch): 70.46s
  Dropped 20 train, 0 val samples (over 70.46s).

Loading MMS model...
  Trainable parameters: 2,253,648 / 964,751,056 (0.23%)

Training configuration:
  Epochs: 15
  Batch size: 2
  Gradient accumulation: 8
  Effective batch size: 16
  Learning rate: 0.001
  FP16: False, BF16: True

Starting training...
{'loss': '84.72', 'grad_norm': '19.17', 'learning_rate': '0.00049', 'epoch': '1.088'}
{'loss': '10.21', 'grad_norm': '7.396', 'learning_rate': '0.00099', 'epoch': '2.177'}
{'eval_loss': '0.9097', 'eval_wer': '0.9581', 'eval_cer': '0.2516', 'eval_runtime': '19.06', 'eval_samples_per_second': '16.26', 'eval_steps_per_second': '8.13', 'epoch': '2.177'}
{'loss': '6.928', 'grad_norm': '7.189', 'learning_rate': '0.0009169', 'epoch': '3.265'}
{'loss': '5.964', 'grad_norm': '26.1', 'learning_rate': '0.0008322', 'epoch': '4.354'}
{'eval_loss': '0.7228', 'eval_wer': '0.8956', 'eval_cer': '0.2119', 'eval_runtime': '19.22', 'eval_samples_per_second': '16.13', 'eval_steps_per_second': '8.066', 'epoch': '4.354'}
{'loss': '5.342', 'grad_norm': '79.29', 'learning_rate': '0.0007475', 'epoch': '5.442'}
{'loss': '4.962', 'grad_norm': '8.012', 'learning_rate': '0.0006627', 'epoch': '6.53'}
{'eval_loss': '0.6172', 'eval_wer': '0.7718', 'eval_cer': '0.1741', 'eval_runtime': '19.43', 'eval_samples_per_second': '15.95', 'eval_steps_per_second': '7.976', 'epoch': '6.53'}
{'loss': '4.561', 'grad_norm': '8.849', 'learning_rate': '0.000578', 'epoch': '7.619'}
{'loss': '4.261', 'grad_norm': '19.09', 'learning_rate': '0.0004932', 'epoch': '8.707'}
{'eval_loss': '0.5753', 'eval_wer': '0.7442', 'eval_cer': '0.1618', 'eval_runtime': '19.85', 'eval_samples_per_second': '15.62', 'eval_steps_per_second': '7.807', 'epoch': '8.707'}
{'loss': '4.051', 'grad_norm': '5.043', 'learning_rate': '0.0004085', 'epoch': '9.796'}
{'loss': '3.765', 'grad_norm': '4.507', 'learning_rate': '0.0003237', 'epoch': '10.88'}
{'eval_loss': '0.5372', 'eval_wer': '0.6887', 'eval_cer': '0.1447', 'eval_runtime': '20.23', 'eval_samples_per_second': '15.32', 'eval_steps_per_second': '7.662', 'epoch': '10.88'}
{'loss': '3.647', 'grad_norm': '6.341', 'learning_rate': '0.000239', 'epoch': '11.97'}
{'loss': '3.456', 'grad_norm': '4.255', 'learning_rate': '0.0001542', 'epoch': '13.04'}
{'eval_loss': '0.5246', 'eval_wer': '0.6756', 'eval_cer': '0.1418', 'eval_runtime': '20.43', 'eval_samples_per_second': '15.17', 'eval_steps_per_second': '7.586', 'epoch': '13.04'}
{'loss': '3.35', 'grad_norm': '5.437', 'learning_rate': '6.949e-05', 'epoch': '14.13'}
{'train_runtime': '2686', 'train_samples_per_second': '4.037', 'train_steps_per_second': '0.257', 'train_loss': '10.71', 'epoch': '15'}

Saving adapter weights...
  Adapter saved to: /mmfs1/gscratch/scrubbed/vitthal1/low-resource-asr/models/mms/hch/5h/adapter.hch.safetensors
  Saving full model...

Final evaluation (validation, greedy):
  Greedy WER: 0.6744
  Greedy CER: 0.1417

Evaluating on test set (greedy)...
  Test WER (greedy): 0.6751
  Test CER (greedy): 0.1595
  Transcriptions saved to: /mmfs1/gscratch/scrubbed/vitthal1/low-resource-asr/results/transcriptions/transcriptions_mms_hch_5h_20260521_002401.tsv
  Results saved to: /mmfs1/gscratch/scrubbed/vitthal1/low-resource-asr/models/mms/hch/5h/eval_results.json
  Training log saved to: /mmfs1/gscratch/scrubbed/vitthal1/low-resource-asr/results/training_logs/mms_aft_5h_hch_20260521_002401.log

Pushing to Hugging Face Hub: vitthalbhandari/mms-1b-all-aft-5h-hch
  Pushing model...
  Pushing processor...
  Pushing adapter weights...
  Pushing model card...
  Successfully pushed to: https://huggingface.co/vitthalbhandari/mms-1b-all-aft-5h-hch

============================================================
Training complete!
============================================================
Model saved to: /mmfs1/gscratch/scrubbed/vitthal1/low-resource-asr/models/mms/hch/5h
Model pushed to: https://huggingface.co/vitthalbhandari/mms-1b-all-aft-5h-hch
