==========================================
MMS Adapter Fine-tuning on Hyak
==========================================
Language: aln  Split: all (task 0 of 21)
Job ID: 33589037 (Array Job: 33589036)
Node: g3103
GPUs: 0
Start time: Sun Mar  1 08:53:42 PST 2026

Checking GPU availability...
CUDA available: True
GPU: NVIDIA L40S

Starting training for aln (split=all)...
============================================================
MMS Adapter Fine-tuning for aln (Gheg Albanian) split=all
============================================================
Output directory: /mmfs1/gscratch/scrubbed/vitthal1/low-resource-asr/models/mms/aln/all
Device: cuda
Push to HF: True
HF Repo: vitthalbhandari/mms-1b-all-aft-all-aln

Loading data for aln (Gheg Albanian) split=all...
  Train: /mmfs1/gscratch/scrubbed/vitthal1/low-resource-asr/data/mozilla_speech_data/aln/train-all_aln.tsv
  Val: /mmfs1/gscratch/scrubbed/vitthal1/low-resource-asr/data/mozilla_speech_data/aln/validation_aln.tsv
  Train: 965 samples (6.39 h)
  Validation: 150 samples (1.45 h)

Building vocabulary...
  Vocabulary saved to /mmfs1/gscratch/scrubbed/vitthal1/low-resource-asr/models/mms/aln/all/vocab.json (87 tokens)

Preparing datasets...
