==========================================
MMS Adapter Fine-tuning on Hyak
==========================================
Language: bxk  Split: all (task 2 of 21)
Job ID: 33449071 (Array Job: 33447755)
Node: g3115
GPUs: 0
Start time: Mon Feb 23 01:23:51 PST 2026

Checking GPU availability...
CUDA available: True
GPU: NVIDIA L40

Starting training for bxk (split=all)...
============================================================
XLS-R 1B Adapter Fine-tuning for bxk (Bukusu) split=all
============================================================
Base model: facebook/wav2vec2-xls-r-1b
Adapter attn dim: 256
Output directory: /mmfs1/gscratch/scrubbed/vitthal1/low-resource-asr/models/xlsr/bxk/all
Device: cuda
Push to HF: True
HF Repo: vitthalbhandari/xlsr-1b-aft-all-bxk

Loading data for bxk (Bukusu) split=all...
  Train: /mmfs1/gscratch/scrubbed/vitthal1/low-resource-asr/data/mozilla_speech_data/bxk/train-all_bxk.tsv
  Val: /mmfs1/gscratch/scrubbed/vitthal1/low-resource-asr/data/mozilla_speech_data/bxk/validation_bxk.tsv
  Train: 1642 samples (7.85 h)
  Validation: 118 samples (0.61 h)

Building vocabulary...
  Vocabulary saved to /mmfs1/gscratch/scrubbed/vitthal1/low-resource-asr/models/xlsr/bxk/all/vocab.json (59 tokens)

Preparing datasets...

Loading XLS-R model (facebook/wav2vec2-xls-r-1b)...
  Trainable parameters: 31,732,029 / 994,229,437 (3.19%)

Training configuration:
  Epochs: 5
  Batch size: 4
  Gradient accumulation: 4
  Effective batch size: 16
  Learning rate: 0.001
  FP16: False, BF16: True

Starting training...
{'loss': '30.1', 'grad_norm': '65.69', 'learning_rate': '0.00049', 'epoch': '0.4866'}
{'loss': '14.53', 'grad_norm': '34.37', 'learning_rate': '0.00099', 'epoch': '0.9732'}
{'eval_loss': '2.977', 'eval_wer': '1', 'eval_cer': '0.994', 'eval_runtime': '18.4', 'eval_samples_per_second': '6.412', 'eval_steps_per_second': '1.63', 'epoch': '0.9732'}
{'loss': '11.75', 'grad_norm': '6.887', 'learning_rate': '0.0008819', 'epoch': '1.457'}
{'loss': '11.54', 'grad_norm': '12.39', 'learning_rate': '0.0007614', 'epoch': '1.944'}
{'eval_loss': '2.837', 'eval_wer': '1', 'eval_cer': '0.9863', 'eval_runtime': '16.01', 'eval_samples_per_second': '7.369', 'eval_steps_per_second': '1.873', 'epoch': '1.944'}
{'loss': '10.96', 'grad_norm': '10.69', 'learning_rate': '0.000641', 'epoch': '2.428'}
{'loss': '5.507', 'grad_norm': '3.68', 'learning_rate': '0.0005205', 'epoch': '2.915'}
{'eval_loss': '0.9711', 'eval_wer': '0.9791', 'eval_cer': '0.276', 'eval_runtime': '12.98', 'eval_samples_per_second': '9.091', 'eval_steps_per_second': '2.311', 'epoch': '2.915'}
{'loss': '3.449', 'grad_norm': '2.009', 'learning_rate': '0.0004', 'epoch': '3.399'}
{'loss': '3.079', 'grad_norm': '3.127', 'learning_rate': '0.0002795', 'epoch': '3.886'}
{'eval_loss': '0.7793', 'eval_wer': '0.7854', 'eval_cer': '0.2057', 'eval_runtime': '12.42', 'eval_samples_per_second': '9.504', 'eval_steps_per_second': '2.416', 'epoch': '3.886'}
{'loss': '2.596', 'grad_norm': '1.826', 'learning_rate': '0.000159', 'epoch': '4.37'}
{'loss': '2.44', 'grad_norm': '6.028', 'learning_rate': '3.855e-05', 'epoch': '4.856'}
{'eval_loss': '0.7066', 'eval_wer': '0.7284', 'eval_cer': '0.1883', 'eval_runtime': '12.05', 'eval_samples_per_second': '9.792', 'eval_steps_per_second': '2.49', 'epoch': '4.856'}
{'train_runtime': '1536', 'train_samples_per_second': '5.344', 'train_steps_per_second': '0.335', 'train_loss': '9.381', 'epoch': '5'}

Saving adapter weights...
  Adapter saved to: /mmfs1/gscratch/scrubbed/vitthal1/low-resource-asr/models/xlsr/bxk/all/adapter_bxk.safetensors
  Saving full model...

Final evaluation (validation):
  WER: 0.7842
  CER: 0.2054

Evaluating on test set...
  Test WER: 0.8135
  Test CER: 0.2363
  Transcriptions saved to: /mmfs1/gscratch/scrubbed/vitthal1/low-resource-asr/results/transcriptions/transcriptions_xlsr_bxk_all_20260223_012610.tsv
  Results saved to: /mmfs1/gscratch/scrubbed/vitthal1/low-resource-asr/models/xlsr/bxk/all/eval_results.json
  Training log saved to: /mmfs1/gscratch/scrubbed/vitthal1/low-resource-asr/results/training_logs/xlsr_aft_all_bxk_20260223_012610.log

Pushing to Hugging Face Hub: vitthalbhandari/xlsr-1b-aft-all-bxk
  Pushing model...
