==========================================
MMS Scaling Experiment — fresh fine-tune
  lang=aln  split=curated-full
  node=g3112  gpu=NVIDIA L40S
==========================================
Train TSV: /mmfs1/gscratch/scrubbed/vitthal1/low-resource-asr/data/mozilla_speech_data/aln/train-curated-full_aln.tsv (516 rows)
============================================================
MMS Adapter Fine-tuning for aln (Gheg Albanian) split=curated-full
============================================================
Output directory: /mmfs1/gscratch/scrubbed/vitthal1/low-resource-asr/models/mms/aln/curated-full
Device: cuda
Push to HF: True
HF Repo: vitthalbhandari/mms-1b-all-aft-curated-full-aln

Loading data for aln (Gheg Albanian) split=curated-full...
  Train: /mmfs1/gscratch/scrubbed/vitthal1/low-resource-asr/data/mozilla_speech_data/aln/train-curated-full_aln.tsv
  Val: /mmfs1/gscratch/scrubbed/vitthal1/low-resource-asr/data/mozilla_speech_data/aln/validation_aln.tsv
  Train: 515 samples (3.50 h)
  Validation: 150 samples (1.45 h)

Building vocabulary...
  Vocabulary saved to /mmfs1/gscratch/scrubbed/vitthal1/low-resource-asr/models/mms/aln/curated-full/vocab.json (85 tokens)

Preparing datasets...
  Max audio length from CSV (p97.5 for aln): 38.86s
  Dropped 0 train, 24 val samples (over 38.86s).

Loading MMS model...
  Trainable parameters: 2,262,615 / 964,760,023 (0.23%)

Training configuration:
  Epochs: 15
  Batch size: 2
  Gradient accumulation: 8
  Effective batch size: 16
  Learning rate: 0.001
  FP16: False, BF16: True

Starting training...
{'loss': '105.3', 'grad_norm': '24.87', 'learning_rate': '0.00049', 'epoch': '1.527'}
{'loss': '31.93', 'grad_norm': '20', 'learning_rate': '0.00099', 'epoch': '3.031'}
{'eval_loss': '3.339', 'eval_wer': '0.9939', 'eval_cer': '0.8489', 'eval_runtime': '21.72', 'eval_samples_per_second': '5.801', 'eval_steps_per_second': '2.9', 'epoch': '3.031'}
{'loss': '27.99', 'grad_norm': '46.66', 'learning_rate': '0.0008759', 'epoch': '4.558'}
{'loss': '28.2', 'grad_norm': '50.31', 'learning_rate': '0.0007494', 'epoch': '6.062'}
{'eval_loss': '3.135', 'eval_wer': '0.9943', 'eval_cer': '0.8785', 'eval_runtime': '22.3', 'eval_samples_per_second': '5.65', 'eval_steps_per_second': '2.825', 'epoch': '6.062'}
{'loss': '27.56', 'grad_norm': '22.78', 'learning_rate': '0.0006228', 'epoch': '7.589'}
{'loss': '25.06', 'grad_norm': '47.87', 'learning_rate': '0.0004962', 'epoch': '9.093'}
{'eval_loss': '2.967', 'eval_wer': '0.9908', 'eval_cer': '0.7937', 'eval_runtime': '21.64', 'eval_samples_per_second': '5.823', 'eval_steps_per_second': '2.912', 'epoch': '9.093'}
{'loss': '26.48', 'grad_norm': '17.39', 'learning_rate': '0.0003696', 'epoch': '10.62'}
{'loss': '25.18', 'grad_norm': '130', 'learning_rate': '0.000243', 'epoch': '12.12'}
{'eval_loss': '2.88', 'eval_wer': '0.9941', 'eval_cer': '0.7381', 'eval_runtime': '21.69', 'eval_samples_per_second': '5.809', 'eval_steps_per_second': '2.904', 'epoch': '12.12'}
{'loss': '23.58', 'grad_norm': '95.94', 'learning_rate': '0.0001165', 'epoch': '13.65'}
{'train_runtime': '2012', 'train_samples_per_second': '3.84', 'train_steps_per_second': '0.246', 'train_loss': '34.63', 'epoch': '15'}

Saving adapter weights...
  Adapter saved to: /mmfs1/gscratch/scrubbed/vitthal1/low-resource-asr/models/mms/aln/curated-full/adapter.aln.safetensors
  Saving full model...

Final evaluation (validation, greedy):
  Greedy WER: 0.9912
  Greedy CER: 0.7940

Evaluating on test set (greedy)...
  Test WER (greedy): 0.9903
  Test CER (greedy): 0.8195
  Transcriptions saved to: /mmfs1/gscratch/scrubbed/vitthal1/low-resource-asr/results/transcriptions/transcriptions_mms_aln_curated-full_20260520_235137.tsv
  Results saved to: /mmfs1/gscratch/scrubbed/vitthal1/low-resource-asr/models/mms/aln/curated-full/eval_results.json
  Training log saved to: /mmfs1/gscratch/scrubbed/vitthal1/low-resource-asr/results/training_logs/mms_aft_curated-full_aln_20260520_235137.log

Pushing to Hugging Face Hub: vitthalbhandari/mms-1b-all-aft-curated-full-aln
  Pushing model...
  Pushing processor...
  Pushing adapter weights...
  Pushing model card...
  Successfully pushed to: https://huggingface.co/vitthalbhandari/mms-1b-all-aft-curated-full-aln

============================================================
Training complete!
============================================================
Model saved to: /mmfs1/gscratch/scrubbed/vitthal1/low-resource-asr/models/mms/aln/curated-full
Model pushed to: https://huggingface.co/vitthalbhandari/mms-1b-all-aft-curated-full-aln
