==========================================
MMS Adapter Fine-tuning on Hyak
==========================================
Language: sco  Split: all (task 16 of 21)
Job ID: 33603981 (Array Job: 33600007)
Node: g3109
GPUs: 0
Start time: Mon Mar  2 03:44:12 PST 2026

Checking GPU availability...
CUDA available: True
GPU: NVIDIA L40S

Starting training for sco (split=all)...
============================================================
MMS Adapter Fine-tuning for sco (Scots) split=all
============================================================
Output directory: /mmfs1/gscratch/scrubbed/vitthal1/low-resource-asr/models/mms/sco/all
Device: cuda
Push to HF: True
HF Repo: vitthalbhandari/mms-1b-all-aft-all-sco

Loading data for sco (Scots) split=all...
  Train: /mmfs1/gscratch/scrubbed/vitthal1/low-resource-asr/data/mozilla_speech_data/sco/train-all_sco.tsv
  Val: /mmfs1/gscratch/scrubbed/vitthal1/low-resource-asr/data/mozilla_speech_data/sco/validation_sco.tsv
  Train: 423 samples (6.35 h)
  Validation: 37 samples (0.99 h)

Building vocabulary...
  Vocabulary saved to /mmfs1/gscratch/scrubbed/vitthal1/low-resource-asr/models/mms/sco/all/vocab.json (72 tokens)

Preparing datasets...
  Max audio length from CSV (p97.5 for sco): 129.64s
  Dropped 3 train, 12 val samples (over 129.64s).

Loading MMS model...
  Trainable parameters: 2,245,962 / 964,743,370 (0.23%)
