==========================================
MMS Scaling Experiment — fresh fine-tune
  lang=bew  split=2h
  node=g3124  gpu=NVIDIA L40S
==========================================
Train TSV: /mmfs1/gscratch/scrubbed/vitthal1/low-resource-asr/data/mozilla_speech_data/bew/train-2h_bew.tsv (314 rows)
============================================================
MMS Adapter Fine-tuning for bew (Betawi) split=2h
============================================================
Output directory: /mmfs1/gscratch/scrubbed/vitthal1/low-resource-asr/models/mms/bew/2h
Device: cuda
Push to HF: True
HF Repo: vitthalbhandari/mms-1b-all-aft-2h-bew

Loading data for bew (Betawi) split=2h...
  Train: /mmfs1/gscratch/scrubbed/vitthal1/low-resource-asr/data/mozilla_speech_data/bew/train-2h_bew.tsv
  Val: /mmfs1/gscratch/scrubbed/vitthal1/low-resource-asr/data/mozilla_speech_data/bew/validation_bew.tsv
  Train: 313 samples (1.99 h)
  Validation: 240 samples (2.23 h)

Building vocabulary...
  Vocabulary saved to /mmfs1/gscratch/scrubbed/vitthal1/low-resource-asr/models/mms/bew/2h/vocab.json (73 tokens)

Preparing datasets...
  Max audio length from CSV (p97.5 for bew): 70.47s
  Dropped 1 train, 14 val samples (over 70.47s).

Loading MMS model...
  Trainable parameters: 2,247,243 / 964,744,651 (0.23%)

Training configuration:
  Epochs: 15
  Batch size: 2
  Gradient accumulation: 8
  Effective batch size: 16
  Learning rate: 0.001
  FP16: False, BF16: True

Starting training...
{'loss': '53.42', 'grad_norm': '18.68', 'learning_rate': '0.00049', 'epoch': '2.513'}
{'loss': '6.521', 'grad_norm': '5.328', 'learning_rate': '0.00099', 'epoch': '5'}
{'eval_loss': '0.8062', 'eval_wer': '0.5716', 'eval_cer': '0.1919', 'eval_runtime': '60.78', 'eval_samples_per_second': '3.718', 'eval_steps_per_second': '1.859', 'epoch': '5'}
{'loss': '5.021', 'grad_norm': '3.704', 'learning_rate': '0.000755', 'epoch': '7.513'}
{'loss': '4.568', 'grad_norm': '3.923', 'learning_rate': '0.000505', 'epoch': '10'}
{'eval_loss': '0.7644', 'eval_wer': '0.5403', 'eval_cer': '0.1839', 'eval_runtime': '56.1', 'eval_samples_per_second': '4.028', 'eval_steps_per_second': '2.014', 'epoch': '10'}
{'loss': '4.226', 'grad_norm': '4.584', 'learning_rate': '0.000255', 'epoch': '12.51'}
{'loss': '4.009', 'grad_norm': '2.689', 'learning_rate': '5e-06', 'epoch': '15'}
{'eval_loss': '0.7501', 'eval_wer': '0.537', 'eval_cer': '0.1822', 'eval_runtime': '56.18', 'eval_samples_per_second': '4.023', 'eval_steps_per_second': '2.012', 'epoch': '15'}
{'train_runtime': '1892', 'train_samples_per_second': '2.474', 'train_steps_per_second': '0.159', 'train_loss': '12.96', 'epoch': '15'}

Saving adapter weights...
  Adapter saved to: /mmfs1/gscratch/scrubbed/vitthal1/low-resource-asr/models/mms/bew/2h/adapter.bew.safetensors
  Saving full model...

Final evaluation (validation, greedy):
  Greedy WER: 0.5363
  Greedy CER: 0.1822

Evaluating on test set (greedy)...
  Test WER (greedy): 0.5285
  Test CER (greedy): 0.1799
  Transcriptions saved to: /mmfs1/gscratch/scrubbed/vitthal1/low-resource-asr/results/transcriptions/transcriptions_mms_bew_2h_20260520_235519.tsv
  Results saved to: /mmfs1/gscratch/scrubbed/vitthal1/low-resource-asr/models/mms/bew/2h/eval_results.json
  Training log saved to: /mmfs1/gscratch/scrubbed/vitthal1/low-resource-asr/results/training_logs/mms_aft_2h_bew_20260520_235519.log

Pushing to Hugging Face Hub: vitthalbhandari/mms-1b-all-aft-2h-bew
  Pushing model...
  Pushing processor...
  Pushing adapter weights...
  Pushing model card...
  Successfully pushed to: https://huggingface.co/vitthalbhandari/mms-1b-all-aft-2h-bew

============================================================
Training complete!
============================================================
Model saved to: /mmfs1/gscratch/scrubbed/vitthal1/low-resource-asr/models/mms/bew/2h
Model pushed to: https://huggingface.co/vitthalbhandari/mms-1b-all-aft-2h-bew
