==========================================
MMS Adapter Fine-tuning on Hyak
==========================================
Language: ukv  Split: all (task 20 of 21)
Job ID: 33272322 (Array Job: 33272322)
Node: g3099
GPUs: 0
Start time: Thu Feb 19 04:01:29 PST 2026

Checking GPU availability...
CUDA available: True
GPU: NVIDIA L40

Starting training for ukv (split=all)...
============================================================
MMS Adapter Fine-tuning for ukv (Kuku) split=all
============================================================
Output directory: /mmfs1/gscratch/scrubbed/vitthal1/low-resource-asr/models/mms/ukv/all
Device: cuda
Push to HF: True
HF Repo: vitthalbhandari/mms-1b-all-aft-all-ukv

Loading data for ukv (Kuku) split=all...
  Train: /mmfs1/gscratch/scrubbed/vitthal1/low-resource-asr/data/mozilla_speech_data/ukv/train-all_ukv.tsv
  Val: /mmfs1/gscratch/scrubbed/vitthal1/low-resource-asr/data/mozilla_speech_data/ukv/validation_ukv.tsv
  Train: 1505 samples (7.21 h)
  Validation: 142 samples (0.65 h)

Building vocabulary...
  Vocabulary saved to /mmfs1/gscratch/scrubbed/vitthal1/low-resource-asr/models/mms/ukv/all/vocab.json (61 tokens)

Preparing datasets...

Loading MMS model...
  Trainable parameters: 2,231,871 / 964,729,279 (0.23%)

Training configuration:
  Epochs: 5
  Batch size: 4
  Gradient accumulation: 4
  Effective batch size: 16
  Learning rate: 0.001
  FP16: False, BF16: True

Starting training...
{'loss': '45.03', 'grad_norm': '50.85', 'learning_rate': '0.00049', 'epoch': '0.5305'}
{'loss': '19.95', 'grad_norm': '17.69', 'learning_rate': '0.00099', 'epoch': '1.053'}
{'eval_loss': '4.009', 'eval_wer': '0.9653', 'eval_cer': '0.8128', 'eval_runtime': '21.32', 'eval_samples_per_second': '6.662', 'eval_steps_per_second': '1.689', 'epoch': '1.053'}
{'loss': '17.31', 'grad_norm': '14.14', 'learning_rate': '0.0008693', 'epoch': '1.584'}
{'loss': '18.26', 'grad_norm': '25.66', 'learning_rate': '0.000736', 'epoch': '2.106'}
{'eval_loss': '3.663', 'eval_wer': '0.9997', 'eval_cer': '0.9166', 'eval_runtime': '21.01', 'eval_samples_per_second': '6.758', 'eval_steps_per_second': '1.713', 'epoch': '2.106'}
{'loss': '15', 'grad_norm': '12.84', 'learning_rate': '0.0006027', 'epoch': '2.637'}
{'loss': '13.08', 'grad_norm': '12.55', 'learning_rate': '0.0004693', 'epoch': '3.159'}
{'eval_loss': '3.169', 'eval_wer': '0.9882', 'eval_cer': '0.9242', 'eval_runtime': '19.52', 'eval_samples_per_second': '7.274', 'eval_steps_per_second': '1.844', 'epoch': '3.159'}
{'loss': '13.13', 'grad_norm': '5.422', 'learning_rate': '0.000336', 'epoch': '3.69'}
{'loss': '13.62', 'grad_norm': '14.18', 'learning_rate': '0.0002027', 'epoch': '4.212'}
{'eval_loss': '3.05', 'eval_wer': '0.9941', 'eval_cer': '0.96', 'eval_runtime': '19.73', 'eval_samples_per_second': '7.196', 'eval_steps_per_second': '1.824', 'epoch': '4.212'}
{'loss': '13.47', 'grad_norm': '5.603', 'learning_rate': '6.933e-05', 'epoch': '4.743'}
{'train_runtime': '1924', 'train_samples_per_second': '3.911', 'train_steps_per_second': '0.247', 'train_loss': '18.4', 'epoch': '5'}

Saving adapter weights...
  Adapter saved to: /mmfs1/gscratch/scrubbed/vitthal1/low-resource-asr/models/mms/ukv/all/adapter.ukv.safetensors
  Saving full model...

Final evaluation (validation):
  WER: 0.9930
  CER: 0.9671

Evaluating on test set...
  Test WER: 0.9897
  Test CER: 0.9622
  Transcriptions saved to: /mmfs1/gscratch/scrubbed/vitthal1/low-resource-asr/results/transcriptions/transcriptions_ukv_all_20260219_040319.tsv
  Results saved to: /mmfs1/gscratch/scrubbed/vitthal1/low-resource-asr/models/mms/ukv/all/eval_results.json
  Training log saved to: /mmfs1/gscratch/scrubbed/vitthal1/low-resource-asr/results/training_logs/mms_aft_all_ukv_20260219_040319.log

Pushing to Hugging Face Hub: vitthalbhandari/mms-1b-all-aft-all-ukv
  Pushing model...
  Pushing processor...
  Pushing adapter weights...
  Pushing model card...
  Successfully pushed to: https://huggingface.co/vitthalbhandari/mms-1b-all-aft-all-ukv

============================================================
Training complete!
============================================================
Model saved to: /mmfs1/gscratch/scrubbed/vitthal1/low-resource-asr/models/mms/ukv/all
Model pushed to: https://huggingface.co/vitthalbhandari/mms-1b-all-aft-all-ukv

==========================================
Training complete for ukv!
End time: Thu Feb 19 04:41:22 PST 2026
==========================================
