==========================================
MMS Adapter Fine-tuning on Hyak
==========================================
Language: pne  Split: all
Job ID: 33663082
Node: g3115
GPUs: 0
Start time: Thu Mar  5 09:33:45 PST 2026

Checking GPU availability...
CUDA available: True
GPU: NVIDIA L40

Starting training for pne (split=all)...
============================================================
MMS Adapter Fine-tuning for pne (Western Penan) split=all
============================================================
Output directory: /mmfs1/gscratch/scrubbed/vitthal1/low-resource-asr/models/mms/pne/all
Device: cuda
Push to HF: True
HF Repo: vitthalbhandari/mms-1b-all-aft-all-pne

Loading data for pne (Western Penan) split=all...
  Train: /mmfs1/gscratch/scrubbed/vitthal1/low-resource-asr/data/mozilla_speech_data/pne/train-all_pne.tsv
  Val: /mmfs1/gscratch/scrubbed/vitthal1/low-resource-asr/data/mozilla_speech_data/pne/validation_pne.tsv
  Train: 1811 samples (8.48 h)
  Validation: 310 samples (1.30 h)

Building vocabulary...
  Vocabulary saved to /mmfs1/gscratch/scrubbed/vitthal1/low-resource-asr/models/mms/pne/all/vocab.json (61 tokens)

Preparing datasets...
  Max audio length from CSV (p97.5 for pne): 24.19s
  Dropped 44 train, 0 val samples (over 24.19s).

Loading MMS model...
  Trainable parameters: 2,231,871 / 964,729,279 (0.23%)

Training configuration:
  Epochs: 15
  Batch size: 2
  Gradient accumulation: 8
  Effective batch size: 16
  Learning rate: 0.001
  FP16: False, BF16: True

Starting training...
{'loss': '78.42', 'grad_norm': '30.8', 'learning_rate': '0.00049', 'epoch': '0.4525'}
{'loss': '34.96', 'grad_norm': '102.6', 'learning_rate': '0.00099', 'epoch': '0.905'}
{'eval_loss': '3.799', 'eval_wer': '1.018', 'eval_cer': '0.7352', 'eval_runtime': '27.49', 'eval_samples_per_second': '11.28', 'eval_steps_per_second': '5.639', 'epoch': '0.905'}
{'loss': '31.05', 'grad_norm': '52.67', 'learning_rate': '0.0009687', 'epoch': '1.353'}
{'loss': '28.83', 'grad_norm': '56.05', 'learning_rate': '0.0009367', 'epoch': '1.805'}
{'eval_loss': '3.551', 'eval_wer': '0.9999', 'eval_cer': '0.907', 'eval_runtime': '28.49', 'eval_samples_per_second': '10.88', 'eval_steps_per_second': '5.44', 'epoch': '1.805'}
{'loss': '28.85', 'grad_norm': '44.76', 'learning_rate': '0.0009048', 'epoch': '2.253'}
{'loss': '27.17', 'grad_norm': '40.02', 'learning_rate': '0.0008728', 'epoch': '2.706'}
{'eval_loss': '3.098', 'eval_wer': '0.9997', 'eval_cer': '0.7952', 'eval_runtime': '26.13', 'eval_samples_per_second': '11.86', 'eval_steps_per_second': '5.931', 'epoch': '2.706'}
{'loss': '26.03', 'grad_norm': '64.99', 'learning_rate': '0.0008409', 'epoch': '3.154'}
{'loss': '24.89', 'grad_norm': '46.1', 'learning_rate': '0.0008089', 'epoch': '3.606'}
{'eval_loss': '2.891', 'eval_wer': '1.002', 'eval_cer': '0.7383', 'eval_runtime': '26.45', 'eval_samples_per_second': '11.72', 'eval_steps_per_second': '5.86', 'epoch': '3.606'}
{'loss': '21.11', 'grad_norm': '24.53', 'learning_rate': '0.000777', 'epoch': '4.054'}
{'loss': '12.28', 'grad_norm': '20.23', 'learning_rate': '0.000745', 'epoch': '4.507'}
{'eval_loss': '1.012', 'eval_wer': '0.7771', 'eval_cer': '0.2748', 'eval_runtime': '26.54', 'eval_samples_per_second': '11.68', 'eval_steps_per_second': '5.84', 'epoch': '4.507'}
{'loss': '7.798', 'grad_norm': '6.372', 'learning_rate': '0.0007131', 'epoch': '4.959'}
{'loss': '6.548', 'grad_norm': '11.36', 'learning_rate': '0.0006812', 'epoch': '5.407'}
{'eval_loss': '0.7043', 'eval_wer': '0.507', 'eval_cer': '0.1738', 'eval_runtime': '26.64', 'eval_samples_per_second': '11.64', 'eval_steps_per_second': '5.819', 'epoch': '5.407'}
{'loss': '6.054', 'grad_norm': '7.672', 'learning_rate': '0.0006492', 'epoch': '5.86'}
{'loss': '5.477', 'grad_norm': '5.202', 'learning_rate': '0.0006173', 'epoch': '6.308'}
{'eval_loss': '0.6307', 'eval_wer': '0.4332', 'eval_cer': '0.1514', 'eval_runtime': '26.81', 'eval_samples_per_second': '11.56', 'eval_steps_per_second': '5.782', 'epoch': '6.308'}
{'loss': '5.383', 'grad_norm': '6.563', 'learning_rate': '0.0005853', 'epoch': '6.76'}
{'loss': '5.4', 'grad_norm': '5.448', 'learning_rate': '0.0005534', 'epoch': '7.208'}
{'eval_loss': '0.5771', 'eval_wer': '0.4006', 'eval_cer': '0.1411', 'eval_runtime': '26.32', 'eval_samples_per_second': '11.78', 'eval_steps_per_second': '5.89', 'epoch': '7.208'}
{'loss': '4.954', 'grad_norm': '7.818', 'learning_rate': '0.0005214', 'epoch': '7.661'}
{'loss': '4.984', 'grad_norm': '4.874', 'learning_rate': '0.0004895', 'epoch': '8.109'}
{'eval_loss': '0.572', 'eval_wer': '0.3872', 'eval_cer': '0.1354', 'eval_runtime': '29.99', 'eval_samples_per_second': '10.34', 'eval_steps_per_second': '5.169', 'epoch': '8.109'}
{'loss': '4.842', 'grad_norm': '4.216', 'learning_rate': '0.0004575', 'epoch': '8.561'}
{'loss': '4.728', 'grad_norm': '5.564', 'learning_rate': '0.0004256', 'epoch': '9.009'}
{'eval_loss': '0.5444', 'eval_wer': '0.3572', 'eval_cer': '0.1286', 'eval_runtime': '26.48', 'eval_samples_per_second': '11.71', 'eval_steps_per_second': '5.854', 'epoch': '9.009'}
{'loss': '4.661', 'grad_norm': '20.38', 'learning_rate': '0.0003936', 'epoch': '9.462'}
{'loss': '4.675', 'grad_norm': '4.731', 'learning_rate': '0.0003617', 'epoch': '9.914'}
{'eval_loss': '0.5289', 'eval_wer': '0.3541', 'eval_cer': '0.1262', 'eval_runtime': '26.29', 'eval_samples_per_second': '11.79', 'eval_steps_per_second': '5.895', 'epoch': '9.914'}
{'loss': '4.216', 'grad_norm': '6.713', 'learning_rate': '0.0003297', 'epoch': '10.36'}
{'loss': '4.55', 'grad_norm': '3.771', 'learning_rate': '0.0002978', 'epoch': '10.81'}
{'eval_loss': '0.5299', 'eval_wer': '0.3543', 'eval_cer': '0.125', 'eval_runtime': '26.43', 'eval_samples_per_second': '11.73', 'eval_steps_per_second': '5.864', 'epoch': '10.81'}
{'loss': '4.449', 'grad_norm': '3.916', 'learning_rate': '0.0002658', 'epoch': '11.26'}
{'loss': '4.14', 'grad_norm': '38.42', 'learning_rate': '0.0002339', 'epoch': '11.71'}
{'eval_loss': '0.5163', 'eval_wer': '0.3422', 'eval_cer': '0.1226', 'eval_runtime': '26.38', 'eval_samples_per_second': '11.75', 'eval_steps_per_second': '5.877', 'epoch': '11.71'}
{'loss': '4.238', 'grad_norm': '8.097', 'learning_rate': '0.0002019', 'epoch': '12.16'}
{'loss': '4.191', 'grad_norm': '61.9', 'learning_rate': '0.00017', 'epoch': '12.62'}
{'eval_loss': '0.5153', 'eval_wer': '0.3389', 'eval_cer': '0.1218', 'eval_runtime': '26.57', 'eval_samples_per_second': '11.67', 'eval_steps_per_second': '5.834', 'epoch': '12.62'}
{'loss': '4.168', 'grad_norm': '4.837', 'learning_rate': '0.000138', 'epoch': '13.06'}
{'loss': '3.965', 'grad_norm': '5.061', 'learning_rate': '0.0001061', 'epoch': '13.52'}
{'eval_loss': '0.5084', 'eval_wer': '0.3369', 'eval_cer': '0.1203', 'eval_runtime': '27.42', 'eval_samples_per_second': '11.31', 'eval_steps_per_second': '5.653', 'epoch': '13.52'}
{'loss': '4.218', 'grad_norm': '32.42', 'learning_rate': '7.412e-05', 'epoch': '13.97'}
{'loss': '4.087', 'grad_norm': '3.829', 'learning_rate': '4.217e-05', 'epoch': '14.42'}
{'eval_loss': '0.5059', 'eval_wer': '0.3341', 'eval_cer': '0.1198', 'eval_runtime': '27.46', 'eval_samples_per_second': '11.29', 'eval_steps_per_second': '5.645', 'epoch': '14.42'}
{'loss': '3.93', 'grad_norm': '11.95', 'learning_rate': '1.022e-05', 'epoch': '14.87'}
{'train_runtime': '5443', 'train_samples_per_second': '4.87', 'train_steps_per_second': '0.306', 'train_loss': '12.81', 'epoch': '15'}

Saving adapter weights...
  Adapter saved to: /mmfs1/gscratch/scrubbed/vitthal1/low-resource-asr/models/mms/pne/all/adapter.pne.safetensors
  Saving full model...

Final evaluation (validation, greedy):
  Greedy WER: 0.3342
  Greedy CER: 0.1199

Evaluating on test set (greedy)...
  Test WER (greedy): 0.3479
  Test CER (greedy): 0.1267
  Transcriptions saved to: /mmfs1/gscratch/scrubbed/vitthal1/low-resource-asr/results/transcriptions/transcriptions_mms_pne_all_20260305_093913.tsv

Building LM decoder...
  LM decoder: beam search with unigrams (no ARPA) (beam_width=100)

Final evaluation (validation, LM decoding)...
  LM WER: 0.3256
  LM CER: 0.1174

Evaluating on test set (LM decoding)...
  Test LM WER: 0.3422
  Test LM CER: 0.1251
  LM transcriptions saved to: /mmfs1/gscratch/scrubbed/vitthal1/low-resource-asr/results/transcriptions/transcriptions_mms_lm_pne_all_20260305_093913.tsv
  Results saved to: /mmfs1/gscratch/scrubbed/vitthal1/low-resource-asr/models/mms/pne/all/eval_results.json
  Training log saved to: /mmfs1/gscratch/scrubbed/vitthal1/low-resource-asr/results/training_logs/mms_aft_all_pne_20260305_093913.log

Pushing to Hugging Face Hub: vitthalbhandari/mms-1b-all-aft-all-pne
  Pushing model...
  Pushing processor...
  Pushing adapter weights...
  Pushing model card...
  Successfully pushed to: https://huggingface.co/vitthalbhandari/mms-1b-all-aft-all-pne

============================================================
Training complete!
============================================================
Model saved to: /mmfs1/gscratch/scrubbed/vitthal1/low-resource-asr/models/mms/pne/all
Model pushed to: https://huggingface.co/vitthalbhandari/mms-1b-all-aft-all-pne

==========================================
Training complete!
End time: Thu Mar  5 11:24:59 PST 2026
==========================================
