==========================================
MMS Adapter Fine-tuning on Hyak
==========================================
Language: lth  Split: all (task 10 of 21)
Job ID: 33281006 (Array Job: 33272322)
Node: g3092
GPUs: 0
Start time: Wed Feb 18 23:59:28 PST 2026

Checking GPU availability...
CUDA available: True
GPU: NVIDIA L40

Starting training for lth (split=all)...
============================================================
MMS Adapter Fine-tuning for lth (Thur) split=all
============================================================
Output directory: /mmfs1/gscratch/scrubbed/vitthal1/low-resource-asr/models/mms/lth/all
Device: cuda
Push to HF: True
HF Repo: vitthalbhandari/mms-1b-all-aft-all-lth

Loading data for lth (Thur) split=all...
  Train: /mmfs1/gscratch/scrubbed/vitthal1/low-resource-asr/data/mozilla_speech_data/lth/train-all_lth.tsv
  Val: /mmfs1/gscratch/scrubbed/vitthal1/low-resource-asr/data/mozilla_speech_data/lth/validation_lth.tsv
  Train: 1434 samples (7.49 h)
  Validation: 52 samples (0.27 h)

Building vocabulary...
  Vocabulary saved to /mmfs1/gscratch/scrubbed/vitthal1/low-resource-asr/models/mms/lth/all/vocab.json (63 tokens)

Preparing datasets...

Loading MMS model...
  Trainable parameters: 2,234,433 / 964,731,841 (0.23%)

Training configuration:
  Epochs: 5
  Batch size: 4
  Gradient accumulation: 4
  Effective batch size: 16
  Learning rate: 0.001
  FP16: False, BF16: True

Starting training...
