==========================================
MMS Adapter Fine-tuning on HPC
==========================================
Language: hch  Split: mid (task 5 of 21)
Job ID: 33210231 (Array Job: 33207815)
Node: g3120
GPUs: 0
Start time: Mon Feb 16 13:16:54 PST 2026

Checking GPU availability...
CUDA available: True
GPU: NVIDIA L40S

Starting training for hch (split=mid)...
============================================================
MMS Adapter Fine-tuning for hch (Wixárika) split=mid
============================================================
Output directory: /mmfs1/gscratch/scrubbed/anonymous_user/low-resource-asr/models/mms/hch/mid
Device: cuda
Push to HF: True
HF Repo: anonymous/mms-1b-all-aft-mid-hch

Loading data for hch (Wixárika) split=mid...
  Train: /mmfs1/gscratch/scrubbed/anonymous_user/low-resource-asr/data/mozilla_speech_data/hch/train-mid_hch.tsv
  Val: /mmfs1/gscratch/scrubbed/anonymous_user/low-resource-asr/data/mozilla_speech_data/hch/validation_hch.tsv
  Train: 523 samples (3.00 h)
  Validation: 310 samples (0.97 h)

Building vocabulary...
  Vocabulary saved to /mmfs1/gscratch/scrubbed/anonymous_user/low-resource-asr/models/mms/hch/mid/vocab.json (75 tokens)

Preparing datasets...

Loading MMS model...
  Trainable parameters: 2,249,805 / 964,747,213 (0.23%)

Training configuration:
  Epochs: 5
  Batch size: 4
  Gradient accumulation: 4
  Effective batch size: 16
  Learning rate: 0.001
  FP16: False, BF16: True

Starting training...
{'loss': '55.35', 'grad_norm': '17.4', 'learning_rate': '0.00049', 'epoch': '1.519'}
{'loss': '20.35', 'grad_norm': '39.52', 'learning_rate': '0.00099', 'epoch': '3.031'}
{'eval_loss': '3.771', 'eval_wer': '1', 'eval_cer': '0.9576', 'eval_runtime': '29.98', 'eval_samples_per_second': '10.34', 'eval_steps_per_second': '2.601', 'epoch': '3.031'}
{'loss': '15.8', 'grad_norm': '7.856', 'learning_rate': '0.0002462', 'epoch': '4.55'}
{'train_runtime': '752', 'train_samples_per_second': '3.478', 'train_steps_per_second': '0.219', 'train_loss': '29.05', 'epoch': '5'}

Saving adapter weights...
  Adapter saved to: /mmfs1/gscratch/scrubbed/anonymous_user/low-resource-asr/models/mms/hch/mid/adapter.hch.safetensors
  Saving full model...

Final evaluation (validation):
  WER: 0.9951
  CER: 0.9482

Evaluating on test set...
  Test WER: 0.9987
  Test CER: 0.9431
  Results saved to: /mmfs1/gscratch/scrubbed/anonymous_user/low-resource-asr/models/mms/hch/mid/eval_results.json
  Training log saved to: /mmfs1/gscratch/scrubbed/anonymous_user/low-resource-asr/results/training_logs/mms_aft_mid_hch_20260216_131756.log

Pushing to Hugging Face Hub: anonymous/mms-1b-all-aft-mid-hch
  Pushing model...
  Pushing processor...
  Pushing adapter weights...
  Pushing model card...
  Successfully pushed to: https://huggingface.co/anonymous/mms-1b-all-aft-mid-hch

============================================================
Training complete!
============================================================
Model saved to: /mmfs1/gscratch/scrubbed/anonymous_user/low-resource-asr/models/mms/hch/mid
Model pushed to: https://huggingface.co/anonymous/mms-1b-all-aft-mid-hch

==========================================
Training complete for hch!
End time: Mon Feb 16 13:35:25 PST 2026
==========================================
