==========================================
MMS Scaling Experiment — fresh fine-tune
  lang=hch  split=curated-1h
  node=g3112  gpu=NVIDIA L40S
==========================================
Train TSV: /mmfs1/gscratch/scrubbed/vitthal1/low-resource-asr/data/mozilla_speech_data/hch/train-curated-1h_hch.tsv (158 rows)
============================================================
MMS Adapter Fine-tuning for hch (Wixárika) split=curated-1h
============================================================
Output directory: /mmfs1/gscratch/scrubbed/vitthal1/low-resource-asr/models/mms/hch/curated-1h
Device: cuda
Push to HF: True
HF Repo: vitthalbhandari/mms-1b-all-aft-curated-1h-hch

Loading data for hch (Wixárika) split=curated-1h...
  Train: /mmfs1/gscratch/scrubbed/vitthal1/low-resource-asr/data/mozilla_speech_data/hch/train-curated-1h_hch.tsv
  Val: /mmfs1/gscratch/scrubbed/vitthal1/low-resource-asr/data/mozilla_speech_data/hch/validation_hch.tsv
  Train: 157 samples (1.00 h)
  Validation: 310 samples (0.97 h)

Building vocabulary...
  Vocabulary saved to /mmfs1/gscratch/scrubbed/vitthal1/low-resource-asr/models/mms/hch/curated-1h/vocab.json (67 tokens)

Preparing datasets...
  Max audio length from CSV (p97.5 for hch): 70.46s

Loading MMS model...
  Trainable parameters: 2,239,557 / 964,736,965 (0.23%)

Training configuration:
  Epochs: 15
  Batch size: 2
  Gradient accumulation: 8
  Effective batch size: 16
  Learning rate: 0.001
  FP16: False, BF16: True

Starting training...
{'loss': '94.02', 'grad_norm': '20.45', 'learning_rate': '0.00049', 'epoch': '5'}
{'loss': '8.56', 'grad_norm': '8.339', 'learning_rate': '0.00099', 'epoch': '10'}
{'eval_loss': '0.89', 'eval_wer': '0.934', 'eval_cer': '0.2359', 'eval_runtime': '19.24', 'eval_samples_per_second': '16.11', 'eval_steps_per_second': '8.057', 'epoch': '10'}
{'loss': '5.164', 'grad_norm': '4.926', 'learning_rate': '2e-05', 'epoch': '15'}
{'train_runtime': '596.5', 'train_samples_per_second': '3.948', 'train_steps_per_second': '0.251', 'train_loss': '35.92', 'epoch': '15'}

Saving adapter weights...
  Adapter saved to: /mmfs1/gscratch/scrubbed/vitthal1/low-resource-asr/models/mms/hch/curated-1h/adapter.hch.safetensors
  Saving full model...

Final evaluation (validation, greedy):
  Greedy WER: 0.9337
  Greedy CER: 0.2356

Evaluating on test set (greedy)...
  Test WER (greedy): 0.9424
  Test CER (greedy): 0.2555
  Transcriptions saved to: /mmfs1/gscratch/scrubbed/vitthal1/low-resource-asr/results/transcriptions/transcriptions_mms_hch_curated-1h_20260521_003034.tsv
  Results saved to: /mmfs1/gscratch/scrubbed/vitthal1/low-resource-asr/models/mms/hch/curated-1h/eval_results.json
  Training log saved to: /mmfs1/gscratch/scrubbed/vitthal1/low-resource-asr/results/training_logs/mms_aft_curated-1h_hch_20260521_003034.log

Pushing to Hugging Face Hub: vitthalbhandari/mms-1b-all-aft-curated-1h-hch
  Pushing model...
  Pushing processor...
  Pushing adapter weights...
  Pushing model card...
  Successfully pushed to: https://huggingface.co/vitthalbhandari/mms-1b-all-aft-curated-1h-hch

============================================================
Training complete!
============================================================
Model saved to: /mmfs1/gscratch/scrubbed/vitthal1/low-resource-asr/models/mms/hch/curated-1h
Model pushed to: https://huggingface.co/vitthalbhandari/mms-1b-all-aft-curated-1h-hch
