==========================================
MMS Adapter Fine-tuning on Hyak
==========================================
Language: lth  Split: one (task 10 of 21)
Job ID: 33202289 (Array Job: 33196711)
Node: g3120
GPUs: 0
Start time: Mon Feb 16 07:37:41 PST 2026

Checking GPU availability...
CUDA available: True
GPU: NVIDIA L40S

Starting training for lth (split=one)...
============================================================
MMS Adapter Fine-tuning for lth (Thur) split=one
============================================================
Output directory: /mmfs1/gscratch/scrubbed/vitthal1/low-resource-asr/models/mms/lth/one
Device: cuda
Push to HF: False

Loading data for lth (Thur) split=one...
  Train: /mmfs1/gscratch/scrubbed/vitthal1/low-resource-asr/data/mozilla_speech_data/lth/train-one_lth.tsv
  Val: /mmfs1/gscratch/scrubbed/vitthal1/low-resource-asr/data/mozilla_speech_data/lth/validation_lth.tsv
  Train: 90 samples (1.00 h)
  Validation: 52 samples (0.27 h)

Building vocabulary...
  Vocabulary saved to /mmfs1/gscratch/scrubbed/vitthal1/low-resource-asr/models/mms/lth/one/vocab.json (53 tokens)

Preparing datasets...

Loading MMS model...
  Trainable parameters: 2,221,623 / 964,719,031 (0.23%)

Training configuration:
  Epochs: 5
  Batch size: 4
  Gradient accumulation: 4
  Effective batch size: 16
  Learning rate: 0.001
  FP16: False, BF16: True

Starting training...
