==========================================
MMS Adapter Fine-tuning on HPC
==========================================
Language: aln  Split: all (task 0 of 21)
Job ID: 33448619 (Array Job: 33447755)
Node: g3119
GPUs: 0
Start time: Mon Feb 23 00:14:51 PST 2026

Checking GPU availability...
CUDA available: True
GPU: NVIDIA L40

Starting training for aln (split=all)...
============================================================
XLS-R 1B Adapter Fine-tuning for aln (Gheg Albanian) split=all
============================================================
Base model: facebook/wav2vec2-xls-r-1b
Adapter attn dim: 256
Output directory: /mmfs1/gscratch/scrubbed/anonymous_user/low-resource-asr/models/xlsr/aln/all
Device: cuda
Push to HF: True
HF Repo: anonymous/xlsr-1b-aft-all-aln

Loading data for aln (Gheg Albanian) split=all...
  Train: /mmfs1/gscratch/scrubbed/anonymous_user/low-resource-asr/data/mozilla_speech_data/aln/train-all_aln.tsv
  Val: /mmfs1/gscratch/scrubbed/anonymous_user/low-resource-asr/data/mozilla_speech_data/aln/validation_aln.tsv
  Train: 965 samples (6.39 h)
  Validation: 150 samples (1.45 h)

Building vocabulary...
  Vocabulary saved to /mmfs1/gscratch/scrubbed/anonymous_user/low-resource-asr/models/xlsr/aln/all/vocab.json (87 tokens)

Preparing datasets...

Loading XLS-R model (facebook/wav2vec2-xls-r-1b)...
  Trainable parameters: 31,767,897 / 994,265,305 (3.20%)

Training configuration:
  Epochs: 5
  Batch size: 4
  Gradient accumulation: 4
  Effective batch size: 16
  Learning rate: 0.001
  FP16: False, BF16: True

Starting training...
{'loss': '30.94', 'grad_norm': '19.04', 'learning_rate': '0.00049', 'epoch': '0.8264'}
{'loss': '11.7', 'grad_norm': '27.46', 'learning_rate': '0.00099', 'epoch': '1.645'}
{'eval_loss': '2.261', 'eval_wer': '0.999', 'eval_cer': '0.9709', 'eval_runtime': '29.91', 'eval_samples_per_second': '5.015', 'eval_steps_per_second': '1.27', 'epoch': '1.645'}
{'loss': '6.69', 'grad_norm': '8.689', 'learning_rate': '0.000761', 'epoch': '2.463'}
{'loss': '4.641', 'grad_norm': '2.445', 'learning_rate': '0.0005171', 'epoch': '3.281'}
{'eval_loss': '1.053', 'eval_wer': '0.6976', 'eval_cer': '0.262', 'eval_runtime': '29.44', 'eval_samples_per_second': '5.096', 'eval_steps_per_second': '1.291', 'epoch': '3.281'}
{'loss': '3.794', 'grad_norm': '4.791', 'learning_rate': '0.0002732', 'epoch': '4.099'}
{'loss': '3.25', 'grad_norm': '1.619', 'learning_rate': '2.927e-05', 'epoch': '4.926'}
{'eval_loss': '0.9867', 'eval_wer': '0.6964', 'eval_cer': '0.2853', 'eval_runtime': '28.72', 'eval_samples_per_second': '5.222', 'eval_steps_per_second': '1.323', 'epoch': '4.926'}
{'train_runtime': '1351', 'train_samples_per_second': '3.573', 'train_steps_per_second': '0.226', 'train_loss': '10.04', 'epoch': '5'}

Saving adapter weights...
  Adapter saved to: /mmfs1/gscratch/scrubbed/anonymous_user/low-resource-asr/models/xlsr/aln/all/adapter_aln.safetensors
  Saving full model...

Final evaluation (validation):
  WER: 0.6967
  CER: 0.2617

Evaluating on test set...
  Test WER: 0.7418
  Test CER: 0.3525
  Transcriptions saved to: /mmfs1/gscratch/scrubbed/anonymous_user/low-resource-asr/results/transcriptions/transcriptions_xlsr_aln_all_20260223_001720.tsv
  Results saved to: /mmfs1/gscratch/scrubbed/anonymous_user/low-resource-asr/models/xlsr/aln/all/eval_results.json
  Training log saved to: /mmfs1/gscratch/scrubbed/anonymous_user/low-resource-asr/results/training_logs/xlsr_aft_all_aln_20260223_001720.log

Pushing to Hugging Face Hub: anonymous/xlsr-1b-aft-all-aln
  Pushing model...
