==========================================
MMS Scaling Experiment — fresh fine-tune
  lang=bew  split=5h
  node=g3112  gpu=NVIDIA L40S
==========================================
Train TSV: /mmfs1/gscratch/scrubbed/vitthal1/low-resource-asr/data/mozilla_speech_data/bew/train-5h_bew.tsv (705 rows)
============================================================
MMS Adapter Fine-tuning for bew (Betawi) split=5h
============================================================
Output directory: /mmfs1/gscratch/scrubbed/vitthal1/low-resource-asr/models/mms/bew/5h
Device: cuda
Push to HF: True
HF Repo: vitthalbhandari/mms-1b-all-aft-5h-bew

Loading data for bew (Betawi) split=5h...
  Train: /mmfs1/gscratch/scrubbed/vitthal1/low-resource-asr/data/mozilla_speech_data/bew/train-5h_bew.tsv
  Val: /mmfs1/gscratch/scrubbed/vitthal1/low-resource-asr/data/mozilla_speech_data/bew/validation_bew.tsv
  Train: 704 samples (5.00 h)
  Validation: 240 samples (2.23 h)

Building vocabulary...
  Vocabulary saved to /mmfs1/gscratch/scrubbed/vitthal1/low-resource-asr/models/mms/bew/5h/vocab.json (74 tokens)

Preparing datasets...
  Max audio length from CSV (p97.5 for bew): 70.47s
  Dropped 8 train, 14 val samples (over 70.47s).

Loading MMS model...
  Trainable parameters: 2,248,524 / 964,745,932 (0.23%)

Training configuration:
  Epochs: 15
  Batch size: 2
  Gradient accumulation: 8
  Effective batch size: 16
  Learning rate: 0.001
  FP16: False, BF16: True

Starting training...
{'loss': '64.87', 'grad_norm': '13.55', 'learning_rate': '0.00049', 'epoch': '1.138'}
{'loss': '11.34', 'grad_norm': '10.33', 'learning_rate': '0.00099', 'epoch': '2.276'}
{'eval_loss': '0.8132', 'eval_wer': '0.578', 'eval_cer': '0.1942', 'eval_runtime': '40.21', 'eval_samples_per_second': '5.62', 'eval_steps_per_second': '2.81', 'epoch': '2.276'}
{'loss': '5.957', 'grad_norm': '4.909', 'learning_rate': '0.0009125', 'epoch': '3.414'}
{'loss': '5.506', 'grad_norm': '3.999', 'learning_rate': '0.0008232', 'epoch': '4.552'}
{'eval_loss': '0.7238', 'eval_wer': '0.5244', 'eval_cer': '0.1794', 'eval_runtime': '40.22', 'eval_samples_per_second': '5.619', 'eval_steps_per_second': '2.81', 'epoch': '4.552'}
{'loss': '5.259', 'grad_norm': '8.156', 'learning_rate': '0.0007339', 'epoch': '5.69'}
{'loss': '5.05', 'grad_norm': '6.968', 'learning_rate': '0.0006446', 'epoch': '6.828'}
{'eval_loss': '0.6968', 'eval_wer': '0.4977', 'eval_cer': '0.1717', 'eval_runtime': '40.27', 'eval_samples_per_second': '5.613', 'eval_steps_per_second': '2.806', 'epoch': '6.828'}
{'loss': '4.902', 'grad_norm': '6.514', 'learning_rate': '0.0005554', 'epoch': '7.966'}
{'loss': '4.699', 'grad_norm': '3.231', 'learning_rate': '0.0004661', 'epoch': '9.092'}
{'eval_loss': '0.6888', 'eval_wer': '0.4919', 'eval_cer': '0.1689', 'eval_runtime': '40.24', 'eval_samples_per_second': '5.617', 'eval_steps_per_second': '2.808', 'epoch': '9.092'}
{'loss': '4.654', 'grad_norm': '83.63', 'learning_rate': '0.0003768', 'epoch': '10.23'}
{'loss': '4.645', 'grad_norm': '4.301', 'learning_rate': '0.0002875', 'epoch': '11.37'}
{'eval_loss': '0.6784', 'eval_wer': '0.4891', 'eval_cer': '0.168', 'eval_runtime': '40.66', 'eval_samples_per_second': '5.558', 'eval_steps_per_second': '2.779', 'epoch': '11.37'}
{'loss': '4.414', 'grad_norm': '4.155', 'learning_rate': '0.0001982', 'epoch': '12.51'}
{'loss': '4.513', 'grad_norm': '4.897', 'learning_rate': '0.0001089', 'epoch': '13.64'}
{'eval_loss': '0.6799', 'eval_wer': '0.4823', 'eval_cer': '0.1667', 'eval_runtime': '40.61', 'eval_samples_per_second': '5.565', 'eval_steps_per_second': '2.783', 'epoch': '13.64'}
{'loss': '4.335', 'grad_norm': '4.555', 'learning_rate': '1.964e-05', 'epoch': '14.78'}
{'train_runtime': '3132', 'train_samples_per_second': '3.333', 'train_steps_per_second': '0.211', 'train_loss': '9.924', 'epoch': '15'}

Saving adapter weights...
  Adapter saved to: /mmfs1/gscratch/scrubbed/vitthal1/low-resource-asr/models/mms/bew/5h/adapter.bew.safetensors
  Saving full model...

Final evaluation (validation, greedy):
  Greedy WER: 0.4818
  Greedy CER: 0.1666

Evaluating on test set (greedy)...
  Test WER (greedy): 0.5012
  Test CER (greedy): 0.1704
  Transcriptions saved to: /mmfs1/gscratch/scrubbed/vitthal1/low-resource-asr/results/transcriptions/transcriptions_mms_bew_5h_20260520_235618.tsv
  Results saved to: /mmfs1/gscratch/scrubbed/vitthal1/low-resource-asr/models/mms/bew/5h/eval_results.json
  Training log saved to: /mmfs1/gscratch/scrubbed/vitthal1/low-resource-asr/results/training_logs/mms_aft_5h_bew_20260520_235618.log

Pushing to Hugging Face Hub: vitthalbhandari/mms-1b-all-aft-5h-bew
  Pushing model...
  Pushing processor...
  Pushing adapter weights...
  Pushing model card...
  Successfully pushed to: https://huggingface.co/vitthalbhandari/mms-1b-all-aft-5h-bew

============================================================
Training complete!
============================================================
Model saved to: /mmfs1/gscratch/scrubbed/vitthal1/low-resource-asr/models/mms/bew/5h
Model pushed to: https://huggingface.co/vitthalbhandari/mms-1b-all-aft-5h-bew
