==========================================
MMS Adapter Fine-tuning on HPC
==========================================
Language: lke  Split: one (task 9 of 21)
Job ID: 33202126 (Array Job: 33196711)
Node: g3120
GPUs: 0
Start time: Mon Feb 16 07:27:49 PST 2026

Checking GPU availability...
CUDA available: True
GPU: NVIDIA L40S

Starting training for lke (split=one)...
============================================================
MMS Adapter Fine-tuning for lke (Kenyi) split=one
============================================================
Output directory: /mmfs1/gscratch/scrubbed/anonymous_user/low-resource-asr/models/mms/lke/one
Device: cuda
Push to HF: False

Loading data for lke (Kenyi) split=one...
  Train: /mmfs1/gscratch/scrubbed/anonymous_user/low-resource-asr/data/mozilla_speech_data/lke/train-one_lke.tsv
  Val: /mmfs1/gscratch/scrubbed/anonymous_user/low-resource-asr/data/mozilla_speech_data/lke/validation_lke.tsv
  Train: 234 samples (0.99 h)
  Validation: 146 samples (0.66 h)

Building vocabulary...
  Vocabulary saved to /mmfs1/gscratch/scrubbed/anonymous_user/low-resource-asr/models/mms/lke/one/vocab.json (54 tokens)

Preparing datasets...

Loading MMS model...
  Trainable parameters: 2,222,904 / 964,720,312 (0.23%)

Training configuration:
  Epochs: 5
  Batch size: 4
  Gradient accumulation: 4
  Effective batch size: 16
  Learning rate: 0.001
  FP16: False, BF16: True

Starting training...
{'loss': '48.95', 'grad_norm': '12.82', 'learning_rate': '0.00049', 'epoch': '3.339'}
{'train_runtime': '268.1', 'train_samples_per_second': '4.364', 'train_steps_per_second': '0.28', 'train_loss': '43.11', 'epoch': '5'}

Saving adapter weights...
  Adapter saved to: /mmfs1/gscratch/scrubbed/anonymous_user/low-resource-asr/models/mms/lke/one/adapter.lke.safetensors
  Saving full model...

Final evaluation (validation):
  WER: 1.0000
  CER: 0.8544

Evaluating on test set...
  Test WER: 1.0000
  Test CER: 0.8624
  Results saved to: /mmfs1/gscratch/scrubbed/anonymous_user/low-resource-asr/models/mms/lke/one/eval_results.json
  Training log saved to: /mmfs1/gscratch/scrubbed/anonymous_user/low-resource-asr/results/training_logs/mms_aft_one_lke_20260216_072855.log

============================================================
Training complete!
============================================================
Model saved to: /mmfs1/gscratch/scrubbed/anonymous_user/low-resource-asr/models/mms/lke/one

==========================================
Training complete for lke!
End time: Mon Feb 16 07:36:49 PST 2026
==========================================
