==========================================
MMS Adapter Fine-tuning on Hyak
==========================================
Language: mmc  Split: one (task 12 of 21)
Job ID: 33202955 (Array Job: 33196711)
Node: g3102
GPUs: 0
Start time: Mon Feb 16 07:52:49 PST 2026

Checking GPU availability...
CUDA available: True
GPU: NVIDIA L40S

Starting training for mmc (split=one)...
============================================================
MMS Adapter Fine-tuning for mmc (Michoacán Mazahua) split=one
============================================================
Output directory: /mmfs1/gscratch/scrubbed/vitthal1/low-resource-asr/models/mms/mmc/one
Device: cuda
Push to HF: False

Loading data for mmc (Michoacán Mazahua) split=one...
  Train: /mmfs1/gscratch/scrubbed/vitthal1/low-resource-asr/data/mozilla_speech_data/mmc/train-one_mmc.tsv
  Val: /mmfs1/gscratch/scrubbed/vitthal1/low-resource-asr/data/mozilla_speech_data/mmc/validation_mmc.tsv
  Train: 150 samples (0.99 h)
  Validation: 172 samples (1.54 h)

Building vocabulary...
  Vocabulary saved to /mmfs1/gscratch/scrubbed/vitthal1/low-resource-asr/models/mms/mmc/one/vocab.json (85 tokens)

Preparing datasets...

Loading MMS model...
  Trainable parameters: 2,262,615 / 964,760,023 (0.23%)

Training configuration:
  Epochs: 5
  Batch size: 4
  Gradient accumulation: 4
  Effective batch size: 16
  Learning rate: 0.001
  FP16: False, BF16: True

Starting training...
{'loss': '83.69', 'grad_norm': '127.3', 'learning_rate': '0.00049', 'epoch': '5'}
{'train_runtime': '235.7', 'train_samples_per_second': '3.182', 'train_steps_per_second': '0.212', 'train_loss': '83.69', 'epoch': '5'}

Saving adapter weights...
  Adapter saved to: /mmfs1/gscratch/scrubbed/vitthal1/low-resource-asr/models/mms/mmc/one/adapter.mmc.safetensors
  Saving full model...

Final evaluation (validation):
  WER: 1.0000
  CER: 0.9986

Evaluating on test set...
  Test WER: 1.0000
  Test CER: 0.9961
  Results saved to: /mmfs1/gscratch/scrubbed/vitthal1/low-resource-asr/models/mms/mmc/one/eval_results.json
  Training log saved to: /mmfs1/gscratch/scrubbed/vitthal1/low-resource-asr/results/training_logs/mms_aft_one_mmc_20260216_075337.log

============================================================
Training complete!
============================================================
Model saved to: /mmfs1/gscratch/scrubbed/vitthal1/low-resource-asr/models/mms/mmc/one

==========================================
Training complete for mmc!
End time: Mon Feb 16 08:00:13 PST 2026
==========================================
