==========================================
MMS Adapter Fine-tuning on HPC
==========================================
Language: top  Split: all (task 18 of 21)
Job ID: 33458642 (Array Job: 33447755)
Node: g3097
GPUs: 0
Start time: Mon Feb 23 09:22:27 PST 2026

Checking GPU availability...
CUDA available: True
GPU: NVIDIA L40

Starting training for top (split=all)...
============================================================
XLS-R 1B Adapter Fine-tuning for top (Papantla Totonac) split=all
============================================================
Base model: facebook/wav2vec2-xls-r-1b
Adapter attn dim: 256
Output directory: /mmfs1/gscratch/scrubbed/anonymous_user/low-resource-asr/models/xlsr/top/all
Device: cuda
Push to HF: True
HF Repo: anonymous/xlsr-1b-aft-all-top

Loading data for top (Papantla Totonac) split=all...
  Train: /mmfs1/gscratch/scrubbed/anonymous_user/low-resource-asr/data/mozilla_speech_data/top/train-all_top.tsv
  Val: /mmfs1/gscratch/scrubbed/anonymous_user/low-resource-asr/data/mozilla_speech_data/top/validation_top.tsv
  Train: 189 samples (5.87 h)
  Validation: 59 samples (1.68 h)

Building vocabulary...
  Vocabulary saved to /mmfs1/gscratch/scrubbed/anonymous_user/low-resource-asr/models/xlsr/top/all/vocab.json (74 tokens)

Preparing datasets...

Loading XLS-R model (facebook/wav2vec2-xls-r-1b)...
  Trainable parameters: 31,751,244 / 994,248,652 (3.19%)

Training configuration:
  Epochs: 5
  Batch size: 4
  Gradient accumulation: 4
  Effective batch size: 16
  Learning rate: 0.001
  FP16: False, BF16: True

Starting training...
