==========================================
MMS Adapter Fine-tuning on HPC
==========================================
Language: bew  Split: one (task 1 of 21)
Job ID: 33201029 (Array Job: 33196711)
Node: g3103
GPUs: 0
Start time: Mon Feb 16 06:13:16 PST 2026

Checking GPU availability...
CUDA available: True
GPU: NVIDIA L40S

Starting training for bew (split=one)...
============================================================
MMS Adapter Fine-tuning for bew (Betawi) split=one
============================================================
Output directory: /mmfs1/gscratch/scrubbed/anonymous_user/low-resource-asr/models/mms/bew/one
Device: cuda
Push to HF: False

Loading data for bew (Betawi) split=one...
  Train: /mmfs1/gscratch/scrubbed/anonymous_user/low-resource-asr/data/mozilla_speech_data/bew/train-one_bew.tsv
  Val: /mmfs1/gscratch/scrubbed/anonymous_user/low-resource-asr/data/mozilla_speech_data/bew/validation_bew.tsv
  Train: 135 samples (1.00 h)
  Validation: 240 samples (2.23 h)

Building vocabulary...
  Vocabulary saved to /mmfs1/gscratch/scrubbed/anonymous_user/low-resource-asr/models/mms/bew/one/vocab.json (71 tokens)

Preparing datasets...

Loading MMS model...
  Trainable parameters: 2,244,681 / 964,742,089 (0.23%)

Training configuration:
  Epochs: 5
  Batch size: 4
  Gradient accumulation: 4
  Effective batch size: 16
  Learning rate: 0.001
  FP16: False, BF16: True

Starting training...
{'train_runtime': '216.9', 'train_samples_per_second': '3.111', 'train_steps_per_second': '0.207', 'train_loss': '31.47', 'epoch': '5'}

Saving adapter weights...
  Adapter saved to: /mmfs1/gscratch/scrubbed/anonymous_user/low-resource-asr/models/mms/bew/one/adapter.bew.safetensors
  Saving full model...

Final evaluation (validation):
  WER: 0.9924
  CER: 0.6285

Evaluating on test set...
  Test WER: 0.9947
  Test CER: 0.6271
  Results saved to: /mmfs1/gscratch/scrubbed/anonymous_user/low-resource-asr/models/mms/bew/one/eval_results.json
  Training log saved to: /mmfs1/gscratch/scrubbed/anonymous_user/low-resource-asr/results/training_logs/mms_aft_one_bew_20260216_061411.log

============================================================
Training complete!
============================================================
Model saved to: /mmfs1/gscratch/scrubbed/anonymous_user/low-resource-asr/models/mms/bew/one

==========================================
Training complete for bew!
End time: Mon Feb 16 06:21:14 PST 2026
==========================================
