==========================================
MMS Adapter Fine-tuning on Hyak
==========================================
Language: bxk  Split: one (task 2 of 21)
Job ID: 33201056 (Array Job: 33196711)
Node: g3101
GPUs: 0
Start time: Mon Feb 16 06:21:52 PST 2026

Checking GPU availability...
CUDA available: True
GPU: NVIDIA L40S

Starting training for bxk (split=one)...
============================================================
MMS Adapter Fine-tuning for bxk (Bukusu) split=one
============================================================
Output directory: /mmfs1/gscratch/scrubbed/vitthal1/low-resource-asr/models/mms/bxk/one
Device: cuda
Push to HF: False

Loading data for bxk (Bukusu) split=one...
  Train: /mmfs1/gscratch/scrubbed/vitthal1/low-resource-asr/data/mozilla_speech_data/bxk/train-one_bxk.tsv
  Val: /mmfs1/gscratch/scrubbed/vitthal1/low-resource-asr/data/mozilla_speech_data/bxk/validation_bxk.tsv
  Train: 198 samples (1.00 h)
  Validation: 118 samples (0.61 h)

Building vocabulary...
  Vocabulary saved to /mmfs1/gscratch/scrubbed/vitthal1/low-resource-asr/models/mms/bxk/one/vocab.json (47 tokens)

Preparing datasets...

Loading MMS model...
  Trainable parameters: 2,213,937 / 964,711,345 (0.23%)

Training configuration:
  Epochs: 5
  Batch size: 4
  Gradient accumulation: 4
  Effective batch size: 16
  Learning rate: 0.001
  FP16: False, BF16: True

Starting training...
{'loss': '36.22', 'grad_norm': '7.981', 'learning_rate': '0.00049', 'epoch': '3.88'}
{'train_runtime': '192.4', 'train_samples_per_second': '5.145', 'train_steps_per_second': '0.338', 'train_loss': '30.79', 'epoch': '5'}

Saving adapter weights...
  Adapter saved to: /mmfs1/gscratch/scrubbed/vitthal1/low-resource-asr/models/mms/bxk/one/adapter.bxk.safetensors
  Saving full model...

Final evaluation (validation):
  WER: 1.2487
  CER: 0.6823

Evaluating on test set...
  Test WER: 1.2934
  Test CER: 0.6746
  Results saved to: /mmfs1/gscratch/scrubbed/vitthal1/low-resource-asr/models/mms/bxk/one/eval_results.json
  Training log saved to: /mmfs1/gscratch/scrubbed/vitthal1/low-resource-asr/results/training_logs/mms_aft_one_bxk_20260216_062552.log

============================================================
Training complete!
============================================================
Model saved to: /mmfs1/gscratch/scrubbed/vitthal1/low-resource-asr/models/mms/bxk/one

==========================================
Training complete for bxk!
End time: Mon Feb 16 06:31:58 PST 2026
==========================================
