==========================================
MMS Scaling Experiment — fresh fine-tune
  lang=bew  split=curated-full
  node=g3121  gpu=NVIDIA L40S
==========================================
Train TSV: /mmfs1/gscratch/scrubbed/vitthal1/low-resource-asr/data/mozilla_speech_data/bew/train-curated-full_bew.tsv (437 rows)
============================================================
MMS Adapter Fine-tuning for bew (Betawi) split=curated-full
============================================================
Output directory: /mmfs1/gscratch/scrubbed/vitthal1/low-resource-asr/models/mms/bew/curated-full
Device: cuda
Push to HF: True
HF Repo: vitthalbhandari/mms-1b-all-aft-curated-full-bew

Loading data for bew (Betawi) split=curated-full...
  Train: /mmfs1/gscratch/scrubbed/vitthal1/low-resource-asr/data/mozilla_speech_data/bew/train-curated-full_bew.tsv
  Val: /mmfs1/gscratch/scrubbed/vitthal1/low-resource-asr/data/mozilla_speech_data/bew/validation_bew.tsv
  Train: 436 samples (2.95 h)
  Validation: 240 samples (2.23 h)

Building vocabulary...
  Vocabulary saved to /mmfs1/gscratch/scrubbed/vitthal1/low-resource-asr/models/mms/bew/curated-full/vocab.json (72 tokens)

Preparing datasets...
  Max audio length from CSV (p97.5 for bew): 70.47s
  Dropped 0 train, 14 val samples (over 70.47s).

Loading MMS model...
  Trainable parameters: 2,245,962 / 964,743,370 (0.23%)

Training configuration:
  Epochs: 15
  Batch size: 2
  Gradient accumulation: 8
  Effective batch size: 16
  Learning rate: 0.001
  FP16: False, BF16: True

Starting training...
{'loss': '66.24', 'grad_norm': '12.82', 'learning_rate': '0.00049', 'epoch': '1.807'}
{'loss': '18.68', 'grad_norm': '7.517', 'learning_rate': '0.00099', 'epoch': '3.587'}
{'eval_loss': '1.461', 'eval_wer': '0.7372', 'eval_cer': '0.2488', 'eval_runtime': '59.1', 'eval_samples_per_second': '3.824', 'eval_steps_per_second': '1.912', 'epoch': '3.587'}
{'loss': '7.913', 'grad_norm': '5.567', 'learning_rate': '0.0008469', 'epoch': '5.367'}
{'loss': '5.579', 'grad_norm': '4.657', 'learning_rate': '0.0006906', 'epoch': '7.147'}
{'eval_loss': '0.7599', 'eval_wer': '0.5146', 'eval_cer': '0.1774', 'eval_runtime': '55.95', 'eval_samples_per_second': '4.039', 'eval_steps_per_second': '2.02', 'epoch': '7.147'}
{'loss': '4.906', 'grad_norm': '3.609', 'learning_rate': '0.0005344', 'epoch': '8.954'}
{'loss': '4.506', 'grad_norm': '5.136', 'learning_rate': '0.0003781', 'epoch': '10.73'}
{'eval_loss': '0.7324', 'eval_wer': '0.4953', 'eval_cer': '0.1717', 'eval_runtime': '56.45', 'eval_samples_per_second': '4.004', 'eval_steps_per_second': '2.002', 'epoch': '10.73'}
{'loss': '4.484', 'grad_norm': '7.009', 'learning_rate': '0.0002219', 'epoch': '12.51'}
{'loss': '4.175', 'grad_norm': '4.747', 'learning_rate': '6.563e-05', 'epoch': '14.29'}
{'eval_loss': '0.7244', 'eval_wer': '0.4857', 'eval_cer': '0.1695', 'eval_runtime': '56.16', 'eval_samples_per_second': '4.025', 'eval_steps_per_second': '2.012', 'epoch': '14.29'}
{'train_runtime': '2643', 'train_samples_per_second': '2.475', 'train_steps_per_second': '0.159', 'train_loss': '14.06', 'epoch': '15'}

Saving adapter weights...
  Adapter saved to: /mmfs1/gscratch/scrubbed/vitthal1/low-resource-asr/models/mms/bew/curated-full/adapter.bew.safetensors
  Saving full model...

Final evaluation (validation, greedy):
  Greedy WER: 0.4863
  Greedy CER: 0.1696

Evaluating on test set (greedy)...
  Test WER (greedy): 0.4975
  Test CER (greedy): 0.1719
  Transcriptions saved to: /mmfs1/gscratch/scrubbed/vitthal1/low-resource-asr/results/transcriptions/transcriptions_mms_bew_curated-full_20260521_001354.tsv
  Results saved to: /mmfs1/gscratch/scrubbed/vitthal1/low-resource-asr/models/mms/bew/curated-full/eval_results.json
  Training log saved to: /mmfs1/gscratch/scrubbed/vitthal1/low-resource-asr/results/training_logs/mms_aft_curated-full_bew_20260521_001354.log

Pushing to Hugging Face Hub: vitthalbhandari/mms-1b-all-aft-curated-full-bew
  Pushing model...
  Pushing processor...
  Pushing adapter weights...
  Pushing model card...
  Successfully pushed to: https://huggingface.co/vitthalbhandari/mms-1b-all-aft-curated-full-bew

============================================================
Training complete!
============================================================
Model saved to: /mmfs1/gscratch/scrubbed/vitthal1/low-resource-asr/models/mms/bew/curated-full
Model pushed to: https://huggingface.co/vitthalbhandari/mms-1b-all-aft-curated-full-bew
