==========================================
MMS Scaling Experiment — fresh fine-tune
  lang=hch  split=full
  node=g3110  gpu=NVIDIA L40S
==========================================
Train TSV: /mmfs1/gscratch/scrubbed/vitthal1/low-resource-asr/data/mozilla_speech_data/hch/train-full_hch.tsv (845 rows)
============================================================
MMS Adapter Fine-tuning for hch (Wixárika) split=full
============================================================
Output directory: /mmfs1/gscratch/scrubbed/vitthal1/low-resource-asr/models/mms/hch/full
Device: cuda
Push to HF: True
HF Repo: vitthalbhandari/mms-1b-all-aft-full-hch

Loading data for hch (Wixárika) split=full...
  Train: /mmfs1/gscratch/scrubbed/vitthal1/low-resource-asr/data/mozilla_speech_data/hch/train-full_hch.tsv
  Val: /mmfs1/gscratch/scrubbed/vitthal1/low-resource-asr/data/mozilla_speech_data/hch/validation_hch.tsv
  Train: 844 samples (6.27 h)
  Validation: 310 samples (0.97 h)

Building vocabulary...
  Vocabulary saved to /mmfs1/gscratch/scrubbed/vitthal1/low-resource-asr/models/mms/hch/full/vocab.json (78 tokens)

Preparing datasets...
  Max audio length from CSV (p97.5 for hch): 70.46s
  Dropped 33 train, 0 val samples (over 70.46s).

Loading MMS model...
  Trainable parameters: 2,253,648 / 964,751,056 (0.23%)

Training configuration:
  Epochs: 15
  Batch size: 2
  Gradient accumulation: 8
  Effective batch size: 16
  Learning rate: 0.001
  FP16: False, BF16: True

Starting training...
{'loss': '115.1', 'grad_norm': '252.8', 'learning_rate': '0.00049', 'epoch': '0.9852'}
{'loss': '51.91', 'grad_norm': '103.5', 'learning_rate': '0.00099', 'epoch': '1.966'}
{'eval_loss': '3.769', 'eval_wer': '1', 'eval_cer': '0.9516', 'eval_runtime': '20.32', 'eval_samples_per_second': '15.25', 'eval_steps_per_second': '7.627', 'epoch': '1.966'}
{'loss': '26.93', 'grad_norm': '13.17', 'learning_rate': '0.0009263', 'epoch': '2.946'}
{'loss': '24.22', 'grad_norm': '13.62', 'learning_rate': '0.0008511', 'epoch': '3.926'}
{'eval_loss': '2.932', 'eval_wer': '0.9945', 'eval_cer': '0.9243', 'eval_runtime': '20.24', 'eval_samples_per_second': '15.31', 'eval_steps_per_second': '7.656', 'epoch': '3.926'}
{'loss': '23.5', 'grad_norm': '37.31', 'learning_rate': '0.0007759', 'epoch': '4.906'}
{'loss': '23.25', 'grad_norm': '7.066', 'learning_rate': '0.0007008', 'epoch': '5.887'}
{'eval_loss': '2.885', 'eval_wer': '0.9637', 'eval_cer': '0.9099', 'eval_runtime': '20.38', 'eval_samples_per_second': '15.21', 'eval_steps_per_second': '7.606', 'epoch': '5.887'}
{'loss': '22.97', 'grad_norm': '14.71', 'learning_rate': '0.0006256', 'epoch': '6.867'}
{'loss': '22.83', 'grad_norm': '11.21', 'learning_rate': '0.0005504', 'epoch': '7.847'}
{'eval_loss': '2.866', 'eval_wer': '0.9593', 'eval_cer': '0.9202', 'eval_runtime': '20.55', 'eval_samples_per_second': '15.09', 'eval_steps_per_second': '7.543', 'epoch': '7.847'}
{'loss': '22.74', 'grad_norm': '22.82', 'learning_rate': '0.0004752', 'epoch': '8.828'}
{'loss': '22.56', 'grad_norm': '6.582', 'learning_rate': '0.0004', 'epoch': '9.808'}
{'eval_loss': '2.842', 'eval_wer': '0.9576', 'eval_cer': '0.9145', 'eval_runtime': '20.54', 'eval_samples_per_second': '15.1', 'eval_steps_per_second': '7.548', 'epoch': '9.808'}
{'loss': '22.63', 'grad_norm': '12.89', 'learning_rate': '0.0003248', 'epoch': '10.79'}
{'loss': '22.53', 'grad_norm': '9.231', 'learning_rate': '0.0002496', 'epoch': '11.77'}
{'eval_loss': '2.811', 'eval_wer': '0.9584', 'eval_cer': '0.918', 'eval_runtime': '20.8', 'eval_samples_per_second': '14.9', 'eval_steps_per_second': '7.453', 'epoch': '11.77'}
{'loss': '22.41', 'grad_norm': '8.84', 'learning_rate': '0.0001744', 'epoch': '12.75'}
{'loss': '22.26', 'grad_norm': '14.35', 'learning_rate': '9.925e-05', 'epoch': '13.73'}
{'eval_loss': '2.806', 'eval_wer': '0.9584', 'eval_cer': '0.9061', 'eval_runtime': '20.73', 'eval_samples_per_second': '14.96', 'eval_steps_per_second': '7.477', 'epoch': '13.73'}
{'loss': '22.27', 'grad_norm': '6.802', 'learning_rate': '2.406e-05', 'epoch': '14.71'}
{'train_runtime': '3337', 'train_samples_per_second': '3.645', 'train_steps_per_second': '0.229', 'train_loss': '31.03', 'epoch': '15'}

Saving adapter weights...
  Adapter saved to: /mmfs1/gscratch/scrubbed/vitthal1/low-resource-asr/models/mms/hch/full/adapter.hch.safetensors
  Saving full model...

Final evaluation (validation, greedy):
  Greedy WER: 0.9576
  Greedy CER: 0.9139

Evaluating on test set (greedy)...
  Test WER (greedy): 0.9567
  Test CER (greedy): 0.8992
  Transcriptions saved to: /mmfs1/gscratch/scrubbed/vitthal1/low-resource-asr/results/transcriptions/transcriptions_mms_hch_full_20260521_002542.tsv
  Results saved to: /mmfs1/gscratch/scrubbed/vitthal1/low-resource-asr/models/mms/hch/full/eval_results.json
  Training log saved to: /mmfs1/gscratch/scrubbed/vitthal1/low-resource-asr/results/training_logs/mms_aft_full_hch_20260521_002542.log

Pushing to Hugging Face Hub: vitthalbhandari/mms-1b-all-aft-full-hch
  Pushing model...
  Pushing processor...
  Pushing adapter weights...
  Pushing model card...
  Successfully pushed to: https://huggingface.co/vitthalbhandari/mms-1b-all-aft-full-hch

============================================================
Training complete!
============================================================
Model saved to: /mmfs1/gscratch/scrubbed/vitthal1/low-resource-asr/models/mms/hch/full
Model pushed to: https://huggingface.co/vitthalbhandari/mms-1b-all-aft-full-hch
