==========================================
MMS Adapter Fine-tuning on HPC
==========================================
Language: ukv  Split: one (task 20 of 21)
Job ID: 33196711 (Array Job: 33196711)
Node: g3108
GPUs: 0
Start time: Mon Feb 16 09:11:49 PST 2026

Checking GPU availability...
CUDA available: True
GPU: NVIDIA L40S

Starting training for ukv (split=one)...
============================================================
MMS Adapter Fine-tuning for ukv (Kuku) split=one
============================================================
Output directory: /mmfs1/gscratch/scrubbed/anonymous_user/low-resource-asr/models/mms/ukv/one
Device: cuda
Push to HF: False

Loading data for ukv (Kuku) split=one...
  Train: /mmfs1/gscratch/scrubbed/anonymous_user/low-resource-asr/data/mozilla_speech_data/ukv/train-one_ukv.tsv
  Val: /mmfs1/gscratch/scrubbed/anonymous_user/low-resource-asr/data/mozilla_speech_data/ukv/validation_ukv.tsv
  Train: 188 samples (1.00 h)
  Validation: 142 samples (0.65 h)

Building vocabulary...
  Vocabulary saved to /mmfs1/gscratch/scrubbed/anonymous_user/low-resource-asr/models/mms/ukv/one/vocab.json (50 tokens)

Preparing datasets...

Loading MMS model...
  Trainable parameters: 2,217,780 / 964,715,188 (0.23%)

Training configuration:
  Epochs: 5
  Batch size: 4
  Gradient accumulation: 4
  Effective batch size: 16
  Learning rate: 0.001
  FP16: False, BF16: True

Starting training...
{'loss': '38.67', 'grad_norm': '17.74', 'learning_rate': '0.00049', 'epoch': '4.17'}
{'train_runtime': '186.6', 'train_samples_per_second': '5.037', 'train_steps_per_second': '0.322', 'train_loss': '35.96', 'epoch': '5'}

Saving adapter weights...
  Adapter saved to: /mmfs1/gscratch/scrubbed/anonymous_user/low-resource-asr/models/mms/ukv/one/adapter.ukv.safetensors
  Saving full model...

Final evaluation (validation):
  WER: 1.0463
  CER: 0.8474

Evaluating on test set...
  Test WER: 1.0054
  Test CER: 0.8786
  Results saved to: /mmfs1/gscratch/scrubbed/anonymous_user/low-resource-asr/models/mms/ukv/one/eval_results.json
  Training log saved to: /mmfs1/gscratch/scrubbed/anonymous_user/low-resource-asr/results/training_logs/mms_aft_one_ukv_20260216_091530.log

============================================================
Training complete!
============================================================
Model saved to: /mmfs1/gscratch/scrubbed/anonymous_user/low-resource-asr/models/mms/ukv/one

==========================================
Training complete for ukv!
End time: Mon Feb 16 09:21:22 PST 2026
==========================================
