==========================================
MMS Scaling Experiment — fresh fine-tune
  lang=bew  split=1h
  node=g3124  gpu=NVIDIA L40S
==========================================
Train TSV: /mmfs1/gscratch/scrubbed/vitthal1/low-resource-asr/data/mozilla_speech_data/bew/train-1h_bew.tsv (136 rows)
============================================================
MMS Adapter Fine-tuning for bew (Betawi) split=1h
============================================================
Output directory: /mmfs1/gscratch/scrubbed/vitthal1/low-resource-asr/models/mms/bew/1h
Device: cuda
Push to HF: True
HF Repo: vitthalbhandari/mms-1b-all-aft-1h-bew

Loading data for bew (Betawi) split=1h...
  Train: /mmfs1/gscratch/scrubbed/vitthal1/low-resource-asr/data/mozilla_speech_data/bew/train-1h_bew.tsv
  Val: /mmfs1/gscratch/scrubbed/vitthal1/low-resource-asr/data/mozilla_speech_data/bew/validation_bew.tsv
  Train: 135 samples (1.00 h)
  Validation: 240 samples (2.23 h)

Building vocabulary...
  Vocabulary saved to /mmfs1/gscratch/scrubbed/vitthal1/low-resource-asr/models/mms/bew/1h/vocab.json (71 tokens)

Preparing datasets...
  Max audio length from CSV (p97.5 for bew): 70.47s
  Dropped 0 train, 14 val samples (over 70.47s).

Loading MMS model...
  Trainable parameters: 2,244,681 / 964,742,089 (0.23%)

Training configuration:
  Epochs: 15
  Batch size: 2
  Gradient accumulation: 8
  Effective batch size: 16
  Learning rate: 0.001
  FP16: False, BF16: True

Starting training...
{'loss': '63.74', 'grad_norm': '24.37', 'learning_rate': '0.00049', 'epoch': '5.588'}
{'loss': '7.301', 'grad_norm': '3.715', 'learning_rate': '0.00099', 'epoch': '11.12'}
{'eval_loss': '0.8273', 'eval_wer': '0.5884', 'eval_cer': '0.1953', 'eval_runtime': '56.16', 'eval_samples_per_second': '4.024', 'eval_steps_per_second': '2.012', 'epoch': '11.12'}
{'train_runtime': '937.6', 'train_samples_per_second': '2.16', 'train_steps_per_second': '0.144', 'train_loss': '27.49', 'epoch': '15'}

Saving adapter weights...
  Adapter saved to: /mmfs1/gscratch/scrubbed/vitthal1/low-resource-asr/models/mms/bew/1h/adapter.bew.safetensors
  Saving full model...

Final evaluation (validation, greedy):
  Greedy WER: 0.5877
  Greedy CER: 0.1952

Evaluating on test set (greedy)...
  Test WER (greedy): 0.5682
  Test CER (greedy): 0.1900
  Transcriptions saved to: /mmfs1/gscratch/scrubbed/vitthal1/low-resource-asr/results/transcriptions/transcriptions_mms_bew_1h_20260520_235313.tsv
  Results saved to: /mmfs1/gscratch/scrubbed/vitthal1/low-resource-asr/models/mms/bew/1h/eval_results.json
  Training log saved to: /mmfs1/gscratch/scrubbed/vitthal1/low-resource-asr/results/training_logs/mms_aft_1h_bew_20260520_235313.log

Pushing to Hugging Face Hub: vitthalbhandari/mms-1b-all-aft-1h-bew
  Pushing model...
  Pushing processor...
  Pushing adapter weights...
  Pushing model card...
  Successfully pushed to: https://huggingface.co/vitthalbhandari/mms-1b-all-aft-1h-bew

============================================================
Training complete!
============================================================
Model saved to: /mmfs1/gscratch/scrubbed/vitthal1/low-resource-asr/models/mms/bew/1h
Model pushed to: https://huggingface.co/vitthalbhandari/mms-1b-all-aft-1h-bew
