==========================================
MMS Adapter Fine-tuning on Hyak
==========================================
Language: lke  Split: all (task 9 of 21)
Job ID: 33586585 (Array Job: 33585633)
Node: g3103
GPUs: 0
Start time: Sat Feb 28 22:46:27 PST 2026

Checking GPU availability...
CUDA available: True
GPU: NVIDIA L40S

Starting training for lke (split=all)...
============================================================
XLS-R 1B Adapter Fine-tuning for lke (Kenyi) split=all
============================================================
Base model: facebook/wav2vec2-xls-r-1b
Adapter attn dim: 256
Output directory: /mmfs1/gscratch/scrubbed/vitthal1/low-resource-asr/models/xlsr/lke/all
Device: cuda
Push to HF: True
HF Repo: vitthalbhandari/xlsr-1b-aft-all-lke

Loading data for lke (Kenyi) split=all...
  Train: /mmfs1/gscratch/scrubbed/vitthal1/low-resource-asr/data/mozilla_speech_data/lke/train-all_lke.tsv
  Val: /mmfs1/gscratch/scrubbed/vitthal1/low-resource-asr/data/mozilla_speech_data/lke/validation_lke.tsv
  Train: 1712 samples (7.44 h)
  Validation: 146 samples (0.66 h)

Building vocabulary...
  Vocabulary saved to /mmfs1/gscratch/scrubbed/vitthal1/low-resource-asr/models/xlsr/lke/all/vocab.json (58 tokens)

Preparing datasets...
  Max audio length from CSV (p97.5 for lke): 27.53s
  Dropped 22 train, 6 val samples (over 27.53s).

Loading XLS-R model (facebook/wav2vec2-xls-r-1b)...
  Trainable parameters: 31,730,748 / 994,228,156 (3.19%)

Training configuration:
  Epochs: 15
  Batch size: 2
  Gradient accumulation: 8
  Effective batch size: 16
  Learning rate: 0.0001
  FP16: False, BF16: True

Starting training...
{'loss': '108.9', 'grad_norm': '97.46', 'learning_rate': '4.9e-05', 'epoch': '0.4734'}
{'loss': '53.8', 'grad_norm': '132.5', 'learning_rate': '9.9e-05', 'epoch': '0.9467'}
{'eval_loss': '3.902', 'eval_wer': '1', 'eval_cer': '0.9756', 'eval_runtime': '15.46', 'eval_samples_per_second': '9.054', 'eval_steps_per_second': '4.527', 'epoch': '0.9467'}
{'loss': '28.01', 'grad_norm': '10.78', 'learning_rate': '9.671e-05', 'epoch': '1.417'}
{'loss': '23.46', 'grad_norm': '155.6', 'learning_rate': '9.336e-05', 'epoch': '1.89'}
{'eval_loss': '2.842', 'eval_wer': '1', 'eval_cer': '1', 'eval_runtime': '15.81', 'eval_samples_per_second': '8.853', 'eval_steps_per_second': '4.427', 'epoch': '1.89'}
{'loss': '22.54', 'grad_norm': '9.204', 'learning_rate': '9e-05', 'epoch': '2.36'}
{'loss': '21.21', 'grad_norm': '28.31', 'learning_rate': '8.664e-05', 'epoch': '2.833'}
{'eval_loss': '2.781', 'eval_wer': '1', 'eval_cer': '0.9932', 'eval_runtime': '12.21', 'eval_samples_per_second': '11.47', 'eval_steps_per_second': '5.735', 'epoch': '2.833'}
{'loss': '13.83', 'grad_norm': '8.268', 'learning_rate': '8.329e-05', 'epoch': '3.303'}
{'loss': '9.162', 'grad_norm': '5.505', 'learning_rate': '7.993e-05', 'epoch': '3.776'}
{'eval_loss': '2.153', 'eval_wer': '1', 'eval_cer': '0.9029', 'eval_runtime': '12.26', 'eval_samples_per_second': '11.42', 'eval_steps_per_second': '5.711', 'epoch': '3.776'}
{'loss': '7.986', 'grad_norm': '13.11', 'learning_rate': '7.658e-05', 'epoch': '4.246'}
{'loss': '7.362', 'grad_norm': '15.08', 'learning_rate': '7.322e-05', 'epoch': '4.72'}
{'eval_loss': '2.09', 'eval_wer': '0.9989', 'eval_cer': '0.9002', 'eval_runtime': '12.3', 'eval_samples_per_second': '11.38', 'eval_steps_per_second': '5.69', 'epoch': '4.72'}
{'loss': '6.626', 'grad_norm': '10.03', 'learning_rate': '6.987e-05', 'epoch': '5.189'}
{'loss': '6.232', 'grad_norm': '10.07', 'learning_rate': '6.651e-05', 'epoch': '5.663'}
{'eval_loss': '1.919', 'eval_wer': '0.9996', 'eval_cer': '0.852', 'eval_runtime': '12.3', 'eval_samples_per_second': '11.38', 'eval_steps_per_second': '5.69', 'epoch': '5.663'}
{'loss': '6.177', 'grad_norm': '6.774', 'learning_rate': '6.315e-05', 'epoch': '6.133'}
{'loss': '6.025', 'grad_norm': '7.577', 'learning_rate': '5.98e-05', 'epoch': '6.606'}
{'eval_loss': '1.7', 'eval_wer': '0.9989', 'eval_cer': '0.7736', 'eval_runtime': '12.3', 'eval_samples_per_second': '11.38', 'eval_steps_per_second': '5.69', 'epoch': '6.606'}
{'loss': '5.369', 'grad_norm': '9.558', 'learning_rate': '5.644e-05', 'epoch': '7.076'}
{'loss': '5.2', 'grad_norm': '8.701', 'learning_rate': '5.309e-05', 'epoch': '7.549'}
{'eval_loss': '1.88', 'eval_wer': '1', 'eval_cer': '0.8154', 'eval_runtime': '12.46', 'eval_samples_per_second': '11.23', 'eval_steps_per_second': '5.617', 'epoch': '7.549'}
{'loss': '5.297', 'grad_norm': '6.363', 'learning_rate': '4.973e-05', 'epoch': '8.019'}
{'loss': '4.852', 'grad_norm': '18.13', 'learning_rate': '4.638e-05', 'epoch': '8.492'}
{'eval_loss': '1.683', 'eval_wer': '0.9979', 'eval_cer': '0.7125', 'eval_runtime': '12.39', 'eval_samples_per_second': '11.3', 'eval_steps_per_second': '5.65', 'epoch': '8.492'}
{'loss': '4.955', 'grad_norm': '9.762', 'learning_rate': '4.302e-05', 'epoch': '8.966'}
{'loss': '4.532', 'grad_norm': '9.896', 'learning_rate': '3.966e-05', 'epoch': '9.436'}
{'eval_loss': '1.698', 'eval_wer': '0.9979', 'eval_cer': '0.7125', 'eval_runtime': '12.46', 'eval_samples_per_second': '11.24', 'eval_steps_per_second': '5.619', 'epoch': '9.436'}
{'loss': '4.58', 'grad_norm': '6.166', 'learning_rate': '3.631e-05', 'epoch': '9.909'}
{'loss': '4.443', 'grad_norm': '7.825', 'learning_rate': '3.295e-05', 'epoch': '10.38'}
{'eval_loss': '1.722', 'eval_wer': '0.9993', 'eval_cer': '0.7646', 'eval_runtime': '12.55', 'eval_samples_per_second': '11.16', 'eval_steps_per_second': '5.578', 'epoch': '10.38'}
{'loss': '4.296', 'grad_norm': '8.117', 'learning_rate': '2.96e-05', 'epoch': '10.85'}
{'loss': '4.191', 'grad_norm': '7.436', 'learning_rate': '2.624e-05', 'epoch': '11.32'}
{'eval_loss': '1.745', 'eval_wer': '0.9979', 'eval_cer': '0.7502', 'eval_runtime': '12.56', 'eval_samples_per_second': '11.14', 'eval_steps_per_second': '5.572', 'epoch': '11.32'}
{'loss': '3.943', 'grad_norm': '8.079', 'learning_rate': '2.289e-05', 'epoch': '11.8'}
{'loss': '3.901', 'grad_norm': '8.541', 'learning_rate': '1.953e-05', 'epoch': '12.27'}
{'eval_loss': '1.789', 'eval_wer': '0.9979', 'eval_cer': '0.7438', 'eval_runtime': '12.59', 'eval_samples_per_second': '11.12', 'eval_steps_per_second': '5.558', 'epoch': '12.27'}
{'loss': '3.677', 'grad_norm': '17.71', 'learning_rate': '1.617e-05', 'epoch': '12.74'}
{'loss': '3.788', 'grad_norm': '8.845', 'learning_rate': '1.282e-05', 'epoch': '13.21'}
{'eval_loss': '1.732', 'eval_wer': '0.9979', 'eval_cer': '0.7431', 'eval_runtime': '12.6', 'eval_samples_per_second': '11.11', 'eval_steps_per_second': '5.555', 'epoch': '13.21'}
{'loss': '3.742', 'grad_norm': '8.3', 'learning_rate': '9.463e-06', 'epoch': '13.68'}
{'loss': '3.738', 'grad_norm': '11.04', 'learning_rate': '6.107e-06', 'epoch': '14.15'}
{'eval_loss': '1.778', 'eval_wer': '0.9979', 'eval_cer': '0.7524', 'eval_runtime': '12.54', 'eval_samples_per_second': '11.17', 'eval_steps_per_second': '5.583', 'epoch': '14.15'}
{'loss': '3.451', 'grad_norm': '7.743', 'learning_rate': '2.752e-06', 'epoch': '14.62'}
{'train_runtime': '4218', 'train_samples_per_second': '6.011', 'train_steps_per_second': '0.377', 'train_loss': '12.51', 'epoch': '15'}

Saving adapter weights...
  Adapter saved to: /mmfs1/gscratch/scrubbed/vitthal1/low-resource-asr/models/xlsr/lke/all/adapter_lke.safetensors
  Saving full model...

Final evaluation (validation, greedy):
  Greedy WER: 0.9979
  Greedy CER: 0.7677

Evaluating on test set (greedy)...
  Test WER (greedy): 0.9969
  Test CER (greedy): 0.7830
  Transcriptions saved to: /mmfs1/gscratch/scrubbed/vitthal1/low-resource-asr/results/transcriptions/transcriptions_xlsr_lke_all_20260228_225008.tsv

Building LM decoder...
  LM decoder: beam search with unigrams (no ARPA) (beam_width=100)

Final evaluation (validation, LM decoding)...
  LM WER: 0.9979
  LM CER: 0.7028

Evaluating on test set (LM decoding)...
  Test LM WER: 0.9949
  Test LM CER: 0.7183
  LM transcriptions saved to: /mmfs1/gscratch/scrubbed/vitthal1/low-resource-asr/results/transcriptions/transcriptions_xlsr_lm_lke_all_20260228_225008.tsv
  Results saved to: /mmfs1/gscratch/scrubbed/vitthal1/low-resource-asr/models/xlsr/lke/all/eval_results.json
  Training log saved to: /mmfs1/gscratch/scrubbed/vitthal1/low-resource-asr/results/training_logs/xlsr_aft_all_lke_20260228_225008.log

Pushing to Hugging Face Hub: vitthalbhandari/xlsr-1b-aft-all-lke
  Pushing model...
  Pushing processor...
  Pushing adapter weights...
  Pushing model card...
  Successfully pushed to: https://huggingface.co/vitthalbhandari/xlsr-1b-aft-all-lke

============================================================
Training complete!
============================================================
Model saved to: /mmfs1/gscratch/scrubbed/vitthal1/low-resource-asr/models/xlsr/lke/all
Model pushed to: https://huggingface.co/vitthalbhandari/xlsr-1b-aft-all-lke

==========================================
Training complete for lke!
End time: Sun Mar  1 00:10:46 PST 2026
==========================================
