==========================================
MMS Adapter Fine-tuning on Hyak
==========================================
Language: led  Split: all (task 8 of 21)
Job ID: 33593756 (Array Job: 33591209)
Node: g3115
GPUs: 0
Start time: Sun Mar  1 16:01:39 PST 2026

Checking GPU availability...
CUDA available: True
GPU: NVIDIA L40

Starting training for led (split=all)...
============================================================
XLS-R 1B Adapter Fine-tuning for led (Lendu) split=all
============================================================
Base model: facebook/wav2vec2-xls-r-1b
Adapter attn dim: 256
Output directory: /mmfs1/gscratch/scrubbed/vitthal1/low-resource-asr/models/xlsr/led/all
Device: cuda
Push to HF: True
HF Repo: vitthalbhandari/xlsr-1b-aft-all-led

Loading data for led (Lendu) split=all...
  Train: /mmfs1/gscratch/scrubbed/vitthal1/low-resource-asr/data/mozilla_speech_data/led/train-all_led.tsv
  Val: /mmfs1/gscratch/scrubbed/vitthal1/low-resource-asr/data/mozilla_speech_data/led/validation_led.tsv
  Train: 1491 samples (7.84 h)
  Validation: 104 samples (0.56 h)

Building vocabulary...
  Vocabulary saved to /mmfs1/gscratch/scrubbed/vitthal1/low-resource-asr/models/xlsr/led/all/vocab.json (88 tokens)

Preparing datasets...
  Max audio length from CSV (p97.5 for led): 26.64s
  Dropped 30 train, 3 val samples (over 26.64s).

Loading XLS-R model (facebook/wav2vec2-xls-r-1b)...
  Trainable parameters: 31,769,178 / 994,266,586 (3.20%)

Training configuration:
  Epochs: 15
  Batch size: 2
  Gradient accumulation: 8
  Effective batch size: 16
  Learning rate: 0.001
  FP16: False, BF16: True

Starting training...
{'loss': '58.59', 'grad_norm': '42.44', 'learning_rate': '0.00049', 'epoch': '0.5472'}
{'loss': '22.73', 'grad_norm': '31.28', 'learning_rate': '0.00099', 'epoch': '1.088'}
{'eval_loss': '1.511', 'eval_wer': '0.9536', 'eval_cer': '0.5095', 'eval_runtime': '16.82', 'eval_samples_per_second': '6.005', 'eval_steps_per_second': '3.032', 'epoch': '1.088'}
{'loss': '7.175', 'grad_norm': '3.995', 'learning_rate': '0.0009617', 'epoch': '1.635'}
{'loss': '4.695', 'grad_norm': '4.781', 'learning_rate': '0.0009227', 'epoch': '2.175'}
{'eval_loss': '0.5769', 'eval_wer': '0.4109', 'eval_cer': '0.1422', 'eval_runtime': '19.36', 'eval_samples_per_second': '5.218', 'eval_steps_per_second': '2.635', 'epoch': '2.175'}
{'loss': '3.956', 'grad_norm': '7.515', 'learning_rate': '0.0008836', 'epoch': '2.722'}
{'loss': '3.601', 'grad_norm': '3.531', 'learning_rate': '0.0008445', 'epoch': '3.263'}
{'eval_loss': '0.4774', 'eval_wer': '0.3588', 'eval_cer': '0.1197', 'eval_runtime': '16.91', 'eval_samples_per_second': '5.974', 'eval_steps_per_second': '3.016', 'epoch': '3.263'}
{'loss': '3.205', 'grad_norm': '4.262', 'learning_rate': '0.0008055', 'epoch': '3.81'}
{'loss': '2.835', 'grad_norm': '3.901', 'learning_rate': '0.0007664', 'epoch': '4.35'}
{'eval_loss': '0.4491', 'eval_wer': '0.3455', 'eval_cer': '0.1141', 'eval_runtime': '17.42', 'eval_samples_per_second': '5.8', 'eval_steps_per_second': '2.928', 'epoch': '4.35'}
{'loss': '2.739', 'grad_norm': '3.259', 'learning_rate': '0.0007273', 'epoch': '4.897'}
{'loss': '2.415', 'grad_norm': '3.356', 'learning_rate': '0.0006883', 'epoch': '5.438'}
{'eval_loss': '0.414', 'eval_wer': '0.3191', 'eval_cer': '0.1054', 'eval_runtime': '15.52', 'eval_samples_per_second': '6.508', 'eval_steps_per_second': '3.286', 'epoch': '5.438'}
{'loss': '2.327', 'grad_norm': '4.139', 'learning_rate': '0.0006492', 'epoch': '5.985'}
{'loss': '2.107', 'grad_norm': '4.562', 'learning_rate': '0.0006102', 'epoch': '6.525'}
{'eval_loss': '0.4185', 'eval_wer': '0.3216', 'eval_cer': '0.1041', 'eval_runtime': '16.59', 'eval_samples_per_second': '6.089', 'eval_steps_per_second': '3.075', 'epoch': '6.525'}
{'loss': '2.03', 'grad_norm': '2.96', 'learning_rate': '0.0005711', 'epoch': '7.066'}
{'loss': '1.832', 'grad_norm': '2.473', 'learning_rate': '0.000532', 'epoch': '7.613'}
{'eval_loss': '0.4061', 'eval_wer': '0.3058', 'eval_cer': '0.101', 'eval_runtime': '13.76', 'eval_samples_per_second': '7.339', 'eval_steps_per_second': '3.706', 'epoch': '7.613'}
{'loss': '1.837', 'grad_norm': '4.717', 'learning_rate': '0.000493', 'epoch': '8.153'}
{'loss': '1.51', 'grad_norm': '3.31', 'learning_rate': '0.0004539', 'epoch': '8.7'}
{'eval_loss': '0.4212', 'eval_wer': '0.302', 'eval_cer': '0.09743', 'eval_runtime': '14.7', 'eval_samples_per_second': '6.869', 'eval_steps_per_second': '3.468', 'epoch': '8.7'}
{'loss': '1.497', 'grad_norm': '4.424', 'learning_rate': '0.0004148', 'epoch': '9.241'}
{'loss': '1.394', 'grad_norm': '2.772', 'learning_rate': '0.0003758', 'epoch': '9.788'}
{'eval_loss': '0.4268', 'eval_wer': '0.311', 'eval_cer': '0.1006', 'eval_runtime': '14.17', 'eval_samples_per_second': '7.129', 'eval_steps_per_second': '3.6', 'epoch': '9.788'}
{'loss': '1.256', 'grad_norm': '2.77', 'learning_rate': '0.0003367', 'epoch': '10.33'}
{'loss': '1.183', 'grad_norm': '3.214', 'learning_rate': '0.0002977', 'epoch': '10.88'}
{'eval_loss': '0.4326', 'eval_wer': '0.3058', 'eval_cer': '0.09956', 'eval_runtime': '15.66', 'eval_samples_per_second': '6.45', 'eval_steps_per_second': '3.257', 'epoch': '10.88'}
{'loss': '1.012', 'grad_norm': '11.8', 'learning_rate': '0.0002586', 'epoch': '11.42'}
{'loss': '0.9455', 'grad_norm': '4.274', 'learning_rate': '0.0002195', 'epoch': '11.96'}
{'eval_loss': '0.4458', 'eval_wer': '0.3061', 'eval_cer': '0.09983', 'eval_runtime': '13.76', 'eval_samples_per_second': '7.341', 'eval_steps_per_second': '3.707', 'epoch': '11.96'}
{'loss': '0.8741', 'grad_norm': '4.493', 'learning_rate': '0.0001805', 'epoch': '12.5'}
{'loss': '0.8321', 'grad_norm': '2.668', 'learning_rate': '0.0001414', 'epoch': '13.04'}
{'eval_loss': '0.488', 'eval_wer': '0.3107', 'eval_cer': '0.1008', 'eval_runtime': '13.33', 'eval_samples_per_second': '7.576', 'eval_steps_per_second': '3.825', 'epoch': '13.04'}
{'loss': '0.699', 'grad_norm': '4.289', 'learning_rate': '0.0001023', 'epoch': '13.59'}
{'loss': '0.7208', 'grad_norm': '2.408', 'learning_rate': '6.328e-05', 'epoch': '14.13'}
{'eval_loss': '0.507', 'eval_wer': '0.308', 'eval_cer': '0.1', 'eval_runtime': '15.92', 'eval_samples_per_second': '6.342', 'eval_steps_per_second': '3.203', 'epoch': '14.13'}
{'loss': '0.5989', 'grad_norm': '3.341', 'learning_rate': '2.422e-05', 'epoch': '14.68'}
{'train_runtime': '4648', 'train_samples_per_second': '4.715', 'train_steps_per_second': '0.297', 'train_loss': '4.89', 'epoch': '15'}

Saving adapter weights...
  Adapter saved to: /mmfs1/gscratch/scrubbed/vitthal1/low-resource-asr/models/xlsr/led/all/adapter_led.safetensors
  Saving full model...

Final evaluation (validation, greedy):
  Greedy WER: 0.3031
  Greedy CER: 0.0980

Evaluating on test set (greedy)...
  Test WER (greedy): 0.3222
  Test CER (greedy): 0.1199
  Transcriptions saved to: /mmfs1/gscratch/scrubbed/vitthal1/low-resource-asr/results/transcriptions/transcriptions_xlsr_led_all_20260301_160544.tsv

Building LM decoder...
  LM decoder: beam search with unigrams (no ARPA) (beam_width=100)

Final evaluation (validation, LM decoding)...
  LM WER: 0.3047
  LM CER: 0.1019

Evaluating on test set (LM decoding)...
  Test LM WER: 0.3179
  Test LM CER: 0.1199
  LM transcriptions saved to: /mmfs1/gscratch/scrubbed/vitthal1/low-resource-asr/results/transcriptions/transcriptions_xlsr_lm_led_all_20260301_160544.tsv
  Results saved to: /mmfs1/gscratch/scrubbed/vitthal1/low-resource-asr/models/xlsr/led/all/eval_results.json
  Training log saved to: /mmfs1/gscratch/scrubbed/vitthal1/low-resource-asr/results/training_logs/xlsr_aft_all_led_20260301_160544.log

Pushing to Hugging Face Hub: vitthalbhandari/xlsr-1b-aft-all-led
  Pushing model...
  Pushing processor...
  Pushing adapter weights...
  Pushing model card...
  Successfully pushed to: https://huggingface.co/vitthalbhandari/xlsr-1b-aft-all-led

============================================================
Training complete!
============================================================
Model saved to: /mmfs1/gscratch/scrubbed/vitthal1/low-resource-asr/models/xlsr/led/all
Model pushed to: https://huggingface.co/vitthalbhandari/xlsr-1b-aft-all-led

==========================================
Training complete for led!
End time: Sun Mar  1 17:37:12 PST 2026
==========================================
