==========================================
MMS Adapter Fine-tuning on Hyak
==========================================
Language: cgg  Split: all (task 3 of 21)
Job ID: 33603683 (Array Job: 33600007)
Node: g3103
GPUs: 0
Start time: Mon Mar  2 02:28:40 PST 2026

Checking GPU availability...
CUDA available: True
GPU: NVIDIA L40S

Starting training for cgg (split=all)...
============================================================
MMS Adapter Fine-tuning for cgg (Chiga) split=all
============================================================
Output directory: /mmfs1/gscratch/scrubbed/vitthal1/low-resource-asr/models/mms/cgg/all
Device: cuda
Push to HF: True
HF Repo: vitthalbhandari/mms-1b-all-aft-all-cgg

Loading data for cgg (Chiga) split=all...
  Train: /mmfs1/gscratch/scrubbed/vitthal1/low-resource-asr/data/mozilla_speech_data/cgg/train-all_cgg.tsv
  Val: /mmfs1/gscratch/scrubbed/vitthal1/low-resource-asr/data/mozilla_speech_data/cgg/validation_cgg.tsv
  Train: 1769 samples (7.02 h)
  Validation: 308 samples (0.99 h)

Building vocabulary...
  Vocabulary saved to /mmfs1/gscratch/scrubbed/vitthal1/low-resource-asr/models/mms/cgg/all/vocab.json (59 tokens)

Preparing datasets...
  Max audio length from CSV (p97.5 for cgg): 34.11s
  Dropped 49 train, 0 val samples (over 34.11s).

Loading MMS model...
  Trainable parameters: 2,229,309 / 964,726,717 (0.23%)

Training configuration:
  Epochs: 15
  Batch size: 2
  Gradient accumulation: 8
  Effective batch size: 16
  Learning rate: 0.001
  FP16: False, BF16: True

Starting training...
{'loss': '80.58', 'grad_norm': '30.26', 'learning_rate': '0.00049', 'epoch': '0.4651'}
{'loss': '27.76', 'grad_norm': '17.46', 'learning_rate': '0.00099', 'epoch': '0.9302'}
{'eval_loss': '1.528', 'eval_wer': '0.9908', 'eval_cer': '0.5229', 'eval_runtime': '23.36', 'eval_samples_per_second': '13.19', 'eval_steps_per_second': '6.593', 'epoch': '0.9302'}
{'loss': '5.949', 'grad_norm': '8.861', 'learning_rate': '0.0009678', 'epoch': '1.391'}
{'loss': '4.233', 'grad_norm': '9.743', 'learning_rate': '0.0009349', 'epoch': '1.856'}
{'eval_loss': '0.4719', 'eval_wer': '0.5455', 'eval_cer': '0.1178', 'eval_runtime': '20.35', 'eval_samples_per_second': '15.13', 'eval_steps_per_second': '7.568', 'epoch': '1.856'}
{'loss': '4.115', 'grad_norm': '3.699', 'learning_rate': '0.000902', 'epoch': '2.316'}
{'loss': '4.007', 'grad_norm': '5.294', 'learning_rate': '0.0008691', 'epoch': '2.781'}
{'eval_loss': '0.4347', 'eval_wer': '0.5118', 'eval_cer': '0.1092', 'eval_runtime': '20.41', 'eval_samples_per_second': '15.09', 'eval_steps_per_second': '7.544', 'epoch': '2.781'}
{'loss': '3.578', 'grad_norm': '8.232', 'learning_rate': '0.0008362', 'epoch': '3.242'}
{'loss': '3.634', 'grad_norm': '5.716', 'learning_rate': '0.0008033', 'epoch': '3.707'}
{'eval_loss': '0.4151', 'eval_wer': '0.4759', 'eval_cer': '0.1026', 'eval_runtime': '19.8', 'eval_samples_per_second': '15.55', 'eval_steps_per_second': '7.776', 'epoch': '3.707'}
{'loss': '3.486', 'grad_norm': '21.58', 'learning_rate': '0.0007704', 'epoch': '4.167'}
{'loss': '3.359', 'grad_norm': '4.728', 'learning_rate': '0.0007375', 'epoch': '4.633'}
{'eval_loss': '0.3935', 'eval_wer': '0.4576', 'eval_cer': '0.09843', 'eval_runtime': '20.95', 'eval_samples_per_second': '14.7', 'eval_steps_per_second': '7.35', 'epoch': '4.633'}
{'loss': '3.533', 'grad_norm': '4.566', 'learning_rate': '0.0007046', 'epoch': '5.093'}
{'loss': '3.161', 'grad_norm': '7.984', 'learning_rate': '0.0006717', 'epoch': '5.558'}
{'eval_loss': '0.3869', 'eval_wer': '0.437', 'eval_cer': '0.09363', 'eval_runtime': '20', 'eval_samples_per_second': '15.4', 'eval_steps_per_second': '7.701', 'epoch': '5.558'}
{'loss': '3.231', 'grad_norm': '3.501', 'learning_rate': '0.0006388', 'epoch': '6.019'}
{'loss': '3.068', 'grad_norm': '7.695', 'learning_rate': '0.0006059', 'epoch': '6.484'}
{'eval_loss': '0.3797', 'eval_wer': '0.4328', 'eval_cer': '0.09399', 'eval_runtime': '19.94', 'eval_samples_per_second': '15.45', 'eval_steps_per_second': '7.723', 'epoch': '6.484'}
{'loss': '3.152', 'grad_norm': '6.565', 'learning_rate': '0.000573', 'epoch': '6.949'}
{'loss': '3.062', 'grad_norm': '4.95', 'learning_rate': '0.0005401', 'epoch': '7.409'}
{'eval_loss': '0.3776', 'eval_wer': '0.4228', 'eval_cer': '0.09168', 'eval_runtime': '20.05', 'eval_samples_per_second': '15.36', 'eval_steps_per_second': '7.68', 'epoch': '7.409'}
{'loss': '3.064', 'grad_norm': '4.341', 'learning_rate': '0.0005072', 'epoch': '7.874'}
{'loss': '2.922', 'grad_norm': '3.792', 'learning_rate': '0.0004743', 'epoch': '8.335'}
{'eval_loss': '0.3729', 'eval_wer': '0.4126', 'eval_cer': '0.08927', 'eval_runtime': '20.07', 'eval_samples_per_second': '15.35', 'eval_steps_per_second': '7.675', 'epoch': '8.335'}
{'loss': '2.921', 'grad_norm': '4.463', 'learning_rate': '0.0004414', 'epoch': '8.8'}
{'loss': '2.904', 'grad_norm': '9.943', 'learning_rate': '0.0004086', 'epoch': '9.26'}
{'eval_loss': '0.3683', 'eval_wer': '0.4095', 'eval_cer': '0.08924', 'eval_runtime': '20.07', 'eval_samples_per_second': '15.35', 'eval_steps_per_second': '7.674', 'epoch': '9.26'}
{'loss': '2.79', 'grad_norm': '18.4', 'learning_rate': '0.0003757', 'epoch': '9.726'}
{'loss': '2.949', 'grad_norm': '4.697', 'learning_rate': '0.0003428', 'epoch': '10.19'}
{'eval_loss': '0.3654', 'eval_wer': '0.408', 'eval_cer': '0.0888', 'eval_runtime': '20.35', 'eval_samples_per_second': '15.13', 'eval_steps_per_second': '7.567', 'epoch': '10.19'}
{'loss': '2.801', 'grad_norm': '46.26', 'learning_rate': '0.0003099', 'epoch': '10.65'}
{'loss': '2.588', 'grad_norm': '37.24', 'learning_rate': '0.000277', 'epoch': '11.11'}
{'eval_loss': '0.3653', 'eval_wer': '0.407', 'eval_cer': '0.08854', 'eval_runtime': '20.01', 'eval_samples_per_second': '15.39', 'eval_steps_per_second': '7.696', 'epoch': '11.11'}
{'loss': '2.765', 'grad_norm': '13.38', 'learning_rate': '0.0002441', 'epoch': '11.58'}
{'loss': '2.596', 'grad_norm': '3.212', 'learning_rate': '0.0002112', 'epoch': '12.04'}
{'eval_loss': '0.362', 'eval_wer': '0.4016', 'eval_cer': '0.08859', 'eval_runtime': '20.03', 'eval_samples_per_second': '15.37', 'eval_steps_per_second': '7.687', 'epoch': '12.04'}
{'loss': '2.538', 'grad_norm': '9.857', 'learning_rate': '0.0001783', 'epoch': '12.5'}
{'loss': '2.713', 'grad_norm': '5.931', 'learning_rate': '0.0001454', 'epoch': '12.97'}
{'eval_loss': '0.3612', 'eval_wer': '0.4007', 'eval_cer': '0.08771', 'eval_runtime': '20.14', 'eval_samples_per_second': '15.29', 'eval_steps_per_second': '7.645', 'epoch': '12.97'}
{'loss': '2.74', 'grad_norm': '8.547', 'learning_rate': '0.0001125', 'epoch': '13.43'}
{'loss': '2.457', 'grad_norm': '3.936', 'learning_rate': '7.961e-05', 'epoch': '13.89'}
{'eval_loss': '0.3625', 'eval_wer': '0.3978', 'eval_cer': '0.08755', 'eval_runtime': '20.29', 'eval_samples_per_second': '15.18', 'eval_steps_per_second': '7.588', 'epoch': '13.89'}
{'loss': '2.632', 'grad_norm': '350.8', 'learning_rate': '4.671e-05', 'epoch': '14.35'}
{'loss': '2.562', 'grad_norm': '113.1', 'learning_rate': '1.382e-05', 'epoch': '14.82'}
{'eval_loss': '0.36', 'eval_wer': '0.3989', 'eval_cer': '0.0876', 'eval_runtime': '20.31', 'eval_samples_per_second': '15.16', 'eval_steps_per_second': '7.582', 'epoch': '14.82'}
{'train_runtime': '4587', 'train_samples_per_second': '5.624', 'train_steps_per_second': '0.353', 'train_loss': '6.32', 'epoch': '15'}

Saving adapter weights...
  Adapter saved to: /mmfs1/gscratch/scrubbed/vitthal1/low-resource-asr/models/mms/cgg/all/adapter.cgg.safetensors
  Saving full model...

Final evaluation (validation, greedy):
  Greedy WER: 0.4016
  Greedy CER: 0.0879

Evaluating on test set (greedy)...
  Test WER (greedy): 0.4731
  Test CER (greedy): 0.1184
  Transcriptions saved to: /mmfs1/gscratch/scrubbed/vitthal1/low-resource-asr/results/transcriptions/transcriptions_mms_cgg_all_20260302_023534.tsv

Building LM decoder...
  LM decoder: beam search with unigrams (no ARPA) (beam_width=100)

Final evaluation (validation, LM decoding)...
  LM WER: 0.3993
  LM CER: 0.0907

Evaluating on test set (LM decoding)...
  Test LM WER: 0.4751
  Test LM CER: 0.1217
  LM transcriptions saved to: /mmfs1/gscratch/scrubbed/vitthal1/low-resource-asr/results/transcriptions/transcriptions_mms_lm_cgg_all_20260302_023534.tsv
  Results saved to: /mmfs1/gscratch/scrubbed/vitthal1/low-resource-asr/models/mms/cgg/all/eval_results.json
  Training log saved to: /mmfs1/gscratch/scrubbed/vitthal1/low-resource-asr/results/training_logs/mms_aft_all_cgg_20260302_023534.log

Pushing to Hugging Face Hub: vitthalbhandari/mms-1b-all-aft-all-cgg
  Pushing model...
  Pushing processor...
  Pushing adapter weights...
  Pushing model card...
  Successfully pushed to: https://huggingface.co/vitthalbhandari/mms-1b-all-aft-all-cgg

============================================================
Training complete!
============================================================
Model saved to: /mmfs1/gscratch/scrubbed/vitthal1/low-resource-asr/models/mms/cgg/all
Model pushed to: https://huggingface.co/vitthalbhandari/mms-1b-all-aft-all-cgg

==========================================
Training complete for cgg!
End time: Mon Mar  2 04:04:59 PST 2026
==========================================
