==========================================
MMS Adapter Fine-tuning on Hyak
==========================================
Language: ukv  Split: all
Job ID: 33389521
Node: g3090
GPUs: 0
Start time: Sat Feb 21 09:46:33 PST 2026

Checking GPU availability...
CUDA available: True
GPU: NVIDIA L40

Starting training for ukv (split=all)...
Random seed set to: 42
============================================================
MMS Adapter Fine-tuning for ukv (Kuku) split=all
============================================================
Output directory: /mmfs1/gscratch/scrubbed/vitthal1/low-resource-asr/models/mms/ukv/all
Device: cuda
Push to HF: False

Loading data for ukv (Kuku) split=all...
  Train: /mmfs1/gscratch/scrubbed/vitthal1/low-resource-asr/data/mozilla_speech_data/ukv/train-all_ukv.tsv
  Val: /mmfs1/gscratch/scrubbed/vitthal1/low-resource-asr/data/mozilla_speech_data/ukv/validation_ukv.tsv
  Train: 1505 samples (7.21 h)
  Validation: 142 samples (0.65 h)

Building vocabulary...
  Vocabulary saved to /mmfs1/gscratch/scrubbed/vitthal1/low-resource-asr/models/mms/ukv/all/vocab.json (61 tokens)

Preparing datasets...

Loading MMS model...
  lm_head trainable: True
  Trainable parameters: 2,231,871 / 964,729,279 (0.23%)

Training configuration:
  Epochs: 10
  Batch size: 4
  Gradient accumulation: 4
  Effective batch size: 16
  Learning rate: 0.0001
  FP16: False, BF16: True

Starting training...
  DataCollator batch.keys(): ['input_values', 'attention_mask', 'labels']
{'loss': '79.14', 'grad_norm': '144.2', 'learning_rate': '5.158e-05', 'epoch': '0.5305'}
{'loss': '47.01', 'grad_norm': '34.35', 'learning_rate': '9.953e-05', 'epoch': '1.053'}
{'eval_loss': '6.858', 'eval_wer': '1', 'eval_cer': '0.9917', 'eval_runtime': '20.27', 'eval_samples_per_second': '7.004', 'eval_steps_per_second': '1.776', 'epoch': '1.053'}
{'loss': '23.43', 'grad_norm': '21.19', 'learning_rate': '9.368e-05', 'epoch': '1.584'}
{'loss': '20.98', 'grad_norm': '18.12', 'learning_rate': '8.784e-05', 'epoch': '2.106'}
{'eval_loss': '4.894', 'eval_wer': '1.141', 'eval_cer': '0.8101', 'eval_runtime': '19.91', 'eval_samples_per_second': '7.13', 'eval_steps_per_second': '1.808', 'epoch': '2.106'}
{'loss': '19.79', 'grad_norm': '21.68', 'learning_rate': '8.199e-05', 'epoch': '2.637'}
{'loss': '19.6', 'grad_norm': '27.6', 'learning_rate': '7.614e-05', 'epoch': '3.159'}
{'eval_loss': '4.618', 'eval_wer': '1.044', 'eval_cer': '0.827', 'eval_runtime': '19.94', 'eval_samples_per_second': '7.122', 'eval_steps_per_second': '1.805', 'epoch': '3.159'}
{'loss': '20.49', 'grad_norm': '28.66', 'learning_rate': '7.029e-05', 'epoch': '3.69'}
{'loss': '17.67', 'grad_norm': '33.88', 'learning_rate': '6.444e-05', 'epoch': '4.212'}
{'eval_loss': '4.652', 'eval_wer': '1.017', 'eval_cer': '0.8596', 'eval_runtime': '20.02', 'eval_samples_per_second': '7.094', 'eval_steps_per_second': '1.798', 'epoch': '4.212'}
{'loss': '20.4', 'grad_norm': '22.23', 'learning_rate': '5.86e-05', 'epoch': '4.743'}
{'loss': '18.33', 'grad_norm': '15.64', 'learning_rate': '5.275e-05', 'epoch': '5.265'}
{'eval_loss': '4.518', 'eval_wer': '1.008', 'eval_cer': '0.8621', 'eval_runtime': '19.96', 'eval_samples_per_second': '7.114', 'eval_steps_per_second': '1.804', 'epoch': '5.265'}
{'loss': '18.63', 'grad_norm': '4.742', 'learning_rate': '4.69e-05', 'epoch': '5.796'}
{'loss': '18.21', 'grad_norm': '10.73', 'learning_rate': '4.105e-05', 'epoch': '6.318'}
{'eval_loss': '4.439', 'eval_wer': '1.003', 'eval_cer': '0.8754', 'eval_runtime': '20', 'eval_samples_per_second': '7.1', 'eval_steps_per_second': '1.8', 'epoch': '6.318'}
{'loss': '18.91', 'grad_norm': '9.914', 'learning_rate': '3.52e-05', 'epoch': '6.849'}
{'loss': '17.94', 'grad_norm': '8.774', 'learning_rate': '2.936e-05', 'epoch': '7.371'}
{'eval_loss': '4.354', 'eval_wer': '1.004', 'eval_cer': '0.8755', 'eval_runtime': '20.06', 'eval_samples_per_second': '7.078', 'eval_steps_per_second': '1.794', 'epoch': '7.371'}
{'loss': '17.63', 'grad_norm': '9.214', 'learning_rate': '2.351e-05', 'epoch': '7.902'}
{'loss': '18.78', 'grad_norm': '7.063', 'learning_rate': '1.766e-05', 'epoch': '8.424'}
{'eval_loss': '4.369', 'eval_wer': '1.011', 'eval_cer': '0.8777', 'eval_runtime': '20.05', 'eval_samples_per_second': '7.083', 'eval_steps_per_second': '1.796', 'epoch': '8.424'}
{'loss': '18.71', 'grad_norm': '88.61', 'learning_rate': '1.181e-05', 'epoch': '8.955'}
{'loss': '19.58', 'grad_norm': '228.3', 'learning_rate': '5.965e-06', 'epoch': '9.477'}
{'eval_loss': '4.342', 'eval_wer': '1.013', 'eval_cer': '0.8745', 'eval_runtime': '20', 'eval_samples_per_second': '7.102', 'eval_steps_per_second': '1.8', 'epoch': '9.477'}
{'loss': '18.25', 'grad_norm': '12.26', 'learning_rate': '1.17e-07', 'epoch': '10'}
{'train_runtime': '3934', 'train_samples_per_second': '3.826', 'train_steps_per_second': '0.241', 'train_loss': '23.87', 'epoch': '10'}

Saving adapter weights...
  Adapter saved to: /mmfs1/gscratch/scrubbed/vitthal1/low-resource-asr/models/mms/ukv/all/adapter.ukv.safetensors
  Saving full model...

Final evaluation (validation):
  WER: 1.0000
  CER: 0.9917

Evaluating on test set...
  Test WER: 0.9994
  Test CER: 0.9929
  Transcriptions saved to: /mmfs1/gscratch/scrubbed/vitthal1/low-resource-asr/results/transcriptions/transcriptions_ukv_all_20260221_094715.tsv
  Results saved to: /mmfs1/gscratch/scrubbed/vitthal1/low-resource-asr/models/mms/ukv/all/eval_results.json
  Training log saved to: /mmfs1/gscratch/scrubbed/vitthal1/low-resource-asr/results/training_logs/mms_aft_all_ukv_20260221_094715.log

============================================================
Training complete!
============================================================
Model saved to: /mmfs1/gscratch/scrubbed/vitthal1/low-resource-asr/models/mms/ukv/all

==========================================
Training complete!
End time: Sat Feb 21 10:57:49 PST 2026
==========================================
