==========================================
MMS Adapter Fine-tuning on Hyak
==========================================
Language: led  Split: all (task 8 of 21)
Job ID: 33586567 (Array Job: 33585633)
Node: g3107
GPUs: 0
Start time: Sat Feb 28 22:36:21 PST 2026

Checking GPU availability...
CUDA available: True
GPU: NVIDIA L40S

Starting training for led (split=all)...
============================================================
XLS-R 1B Adapter Fine-tuning for led (Lendu) split=all
============================================================
Base model: facebook/wav2vec2-xls-r-1b
Adapter attn dim: 256
Output directory: /mmfs1/gscratch/scrubbed/vitthal1/low-resource-asr/models/xlsr/led/all
Device: cuda
Push to HF: True
HF Repo: vitthalbhandari/xlsr-1b-aft-all-led

Loading data for led (Lendu) split=all...
  Train: /mmfs1/gscratch/scrubbed/vitthal1/low-resource-asr/data/mozilla_speech_data/led/train-all_led.tsv
  Val: /mmfs1/gscratch/scrubbed/vitthal1/low-resource-asr/data/mozilla_speech_data/led/validation_led.tsv
  Train: 1491 samples (7.84 h)
  Validation: 104 samples (0.56 h)

Building vocabulary...
  Vocabulary saved to /mmfs1/gscratch/scrubbed/vitthal1/low-resource-asr/models/xlsr/led/all/vocab.json (88 tokens)

Preparing datasets...
  Max audio length from CSV (p97.5 for led): 26.64s
  Dropped 30 train, 3 val samples (over 26.64s).

Loading XLS-R model (facebook/wav2vec2-xls-r-1b)...
  Trainable parameters: 31,769,178 / 994,266,586 (3.20%)

Training configuration:
  Epochs: 15
  Batch size: 2
  Gradient accumulation: 8
  Effective batch size: 16
  Learning rate: 0.0001
  FP16: False, BF16: True

Starting training...
{'loss': '112.5', 'grad_norm': '27.85', 'learning_rate': '4.9e-05', 'epoch': '0.5472'}
{'loss': '25.96', 'grad_norm': '26.11', 'learning_rate': '9.9e-05', 'epoch': '1.088'}
{'eval_loss': '3.198', 'eval_wer': '1', 'eval_cer': '1', 'eval_runtime': '10.24', 'eval_samples_per_second': '9.865', 'eval_steps_per_second': '4.981', 'epoch': '1.088'}
{'loss': '24.67', 'grad_norm': '17.1', 'learning_rate': '9.617e-05', 'epoch': '1.635'}
{'loss': '13.63', 'grad_norm': '9.378', 'learning_rate': '9.227e-05', 'epoch': '2.175'}
{'eval_loss': '1.377', 'eval_wer': '0.8783', 'eval_cer': '0.4715', 'eval_runtime': '10.28', 'eval_samples_per_second': '9.826', 'eval_steps_per_second': '4.962', 'epoch': '2.175'}
{'loss': '6.884', 'grad_norm': '13.36', 'learning_rate': '8.836e-05', 'epoch': '2.722'}
{'loss': '5.349', 'grad_norm': '6.131', 'learning_rate': '8.445e-05', 'epoch': '3.263'}
{'eval_loss': '0.8231', 'eval_wer': '0.6964', 'eval_cer': '0.2428', 'eval_runtime': '10.35', 'eval_samples_per_second': '9.754', 'eval_steps_per_second': '4.925', 'epoch': '3.263'}
{'loss': '4.619', 'grad_norm': '8.048', 'learning_rate': '8.055e-05', 'epoch': '3.81'}
{'loss': '4.13', 'grad_norm': '13.2', 'learning_rate': '7.664e-05', 'epoch': '4.35'}
{'eval_loss': '0.81', 'eval_wer': '0.6847', 'eval_cer': '0.2657', 'eval_runtime': '10.33', 'eval_samples_per_second': '9.774', 'eval_steps_per_second': '4.936', 'epoch': '4.35'}
{'loss': '3.877', 'grad_norm': '6.354', 'learning_rate': '7.273e-05', 'epoch': '4.897'}
{'loss': '3.523', 'grad_norm': '8.885', 'learning_rate': '6.883e-05', 'epoch': '5.438'}
{'eval_loss': '0.6642', 'eval_wer': '0.5407', 'eval_cer': '0.19', 'eval_runtime': '10.45', 'eval_samples_per_second': '9.663', 'eval_steps_per_second': '4.879', 'epoch': '5.438'}
{'loss': '3.384', 'grad_norm': '7.256', 'learning_rate': '6.492e-05', 'epoch': '5.985'}
{'loss': '3.151', 'grad_norm': '5.502', 'learning_rate': '6.102e-05', 'epoch': '6.525'}
{'eval_loss': '0.6759', 'eval_wer': '0.5921', 'eval_cer': '0.1967', 'eval_runtime': '12.37', 'eval_samples_per_second': '8.167', 'eval_steps_per_second': '4.124', 'epoch': '6.525'}
{'loss': '3.004', 'grad_norm': '4.876', 'learning_rate': '5.711e-05', 'epoch': '7.066'}
{'loss': '2.805', 'grad_norm': '5.506', 'learning_rate': '5.32e-05', 'epoch': '7.613'}
{'eval_loss': '0.6932', 'eval_wer': '0.6089', 'eval_cer': '0.2086', 'eval_runtime': '13.61', 'eval_samples_per_second': '7.423', 'eval_steps_per_second': '3.748', 'epoch': '7.613'}
{'loss': '2.81', 'grad_norm': '7.286', 'learning_rate': '4.93e-05', 'epoch': '8.153'}
{'loss': '2.504', 'grad_norm': '5.98', 'learning_rate': '4.539e-05', 'epoch': '8.7'}
{'eval_loss': '0.6424', 'eval_wer': '0.5242', 'eval_cer': '0.1753', 'eval_runtime': '10.47', 'eval_samples_per_second': '9.649', 'eval_steps_per_second': '4.873', 'epoch': '8.7'}
{'loss': '2.483', 'grad_norm': '9.927', 'learning_rate': '4.148e-05', 'epoch': '9.241'}
{'loss': '2.408', 'grad_norm': '8.686', 'learning_rate': '3.758e-05', 'epoch': '9.788'}
{'eval_loss': '0.7273', 'eval_wer': '0.6355', 'eval_cer': '0.2169', 'eval_runtime': '10.58', 'eval_samples_per_second': '9.546', 'eval_steps_per_second': '4.82', 'epoch': '9.788'}
{'loss': '2.286', 'grad_norm': '5.323', 'learning_rate': '3.367e-05', 'epoch': '10.33'}
{'loss': '2.221', 'grad_norm': '6.978', 'learning_rate': '2.977e-05', 'epoch': '10.88'}
{'eval_loss': '0.6699', 'eval_wer': '0.5456', 'eval_cer': '0.1841', 'eval_runtime': '10.49', 'eval_samples_per_second': '9.63', 'eval_steps_per_second': '4.863', 'epoch': '10.88'}
{'loss': '2.092', 'grad_norm': '7.512', 'learning_rate': '2.586e-05', 'epoch': '11.42'}
{'loss': '2.005', 'grad_norm': '9.911', 'learning_rate': '2.195e-05', 'epoch': '11.96'}
{'eval_loss': '0.7348', 'eval_wer': '0.607', 'eval_cer': '0.2109', 'eval_runtime': '10.59', 'eval_samples_per_second': '9.536', 'eval_steps_per_second': '4.815', 'epoch': '11.96'}
{'loss': '2.002', 'grad_norm': '6.461', 'learning_rate': '1.805e-05', 'epoch': '12.5'}
{'loss': '1.968', 'grad_norm': '6.252', 'learning_rate': '1.414e-05', 'epoch': '13.04'}
{'eval_loss': '0.7158', 'eval_wer': '0.5847', 'eval_cer': '0.2016', 'eval_runtime': '10.57', 'eval_samples_per_second': '9.556', 'eval_steps_per_second': '4.825', 'epoch': '13.04'}
{'loss': '1.882', 'grad_norm': '5.942', 'learning_rate': '1.023e-05', 'epoch': '13.59'}
{'loss': '1.943', 'grad_norm': '9.117', 'learning_rate': '6.328e-06', 'epoch': '14.13'}
{'eval_loss': '0.747', 'eval_wer': '0.5951', 'eval_cer': '0.212', 'eval_runtime': '10.42', 'eval_samples_per_second': '9.696', 'eval_steps_per_second': '4.896', 'epoch': '14.13'}
{'loss': '1.771', 'grad_norm': '5.823', 'learning_rate': '2.422e-06', 'epoch': '14.68'}
{'train_runtime': '3985', 'train_samples_per_second': '5.5', 'train_steps_per_second': '0.346', 'train_loss': '8.947', 'epoch': '15'}

Saving adapter weights...
  Adapter saved to: /mmfs1/gscratch/scrubbed/vitthal1/low-resource-asr/models/xlsr/led/all/adapter_led.safetensors
  Saving full model...

Final evaluation (validation, greedy):
  Greedy WER: 0.5231
  Greedy CER: 0.1753

Evaluating on test set (greedy)...
  Test WER (greedy): 0.5356
  Test CER (greedy): 0.1956
  Transcriptions saved to: /mmfs1/gscratch/scrubbed/vitthal1/low-resource-asr/results/transcriptions/transcriptions_xlsr_led_all_20260228_223656.tsv

Building LM decoder...
  LM decoder: beam search with unigrams (no ARPA) (beam_width=100)

Final evaluation (validation, LM decoding)...
  LM WER: 0.5090
  LM CER: 0.1693

Evaluating on test set (LM decoding)...
  Test LM WER: 0.5116
  Test LM CER: 0.1858
  LM transcriptions saved to: /mmfs1/gscratch/scrubbed/vitthal1/low-resource-asr/results/transcriptions/transcriptions_xlsr_lm_led_all_20260228_223656.tsv
  Results saved to: /mmfs1/gscratch/scrubbed/vitthal1/low-resource-asr/models/xlsr/led/all/eval_results.json
  Training log saved to: /mmfs1/gscratch/scrubbed/vitthal1/low-resource-asr/results/training_logs/xlsr_aft_all_led_20260228_223656.log

Pushing to Hugging Face Hub: vitthalbhandari/xlsr-1b-aft-all-led
  Pushing model...
  Pushing processor...
  Pushing adapter weights...
  Pushing model card...
  Successfully pushed to: https://huggingface.co/vitthalbhandari/xlsr-1b-aft-all-led

============================================================
Training complete!
============================================================
Model saved to: /mmfs1/gscratch/scrubbed/vitthal1/low-resource-asr/models/xlsr/led/all
Model pushed to: https://huggingface.co/vitthalbhandari/xlsr-1b-aft-all-led

==========================================
Training complete for led!
End time: Sat Feb 28 23:51:18 PST 2026
==========================================
