==========================================
MMS Adapter Fine-tuning on Hyak
==========================================
Language: aln  Split: all (task 0 of 21)
Job ID: 33272323 (Array Job: 33272322)
Node: g3092
GPUs: 0
Start time: Wed Feb 18 17:32:14 PST 2026

Checking GPU availability...
CUDA available: True
GPU: NVIDIA L40

Starting training for aln (split=all)...
============================================================
MMS Adapter Fine-tuning for aln (Gheg Albanian) split=all
============================================================
Output directory: /mmfs1/gscratch/scrubbed/vitthal1/low-resource-asr/models/mms/aln/all
Device: cuda
Push to HF: True
HF Repo: vitthalbhandari/mms-1b-all-aft-all-aln

Loading data for aln (Gheg Albanian) split=all...
  Train: /mmfs1/gscratch/scrubbed/vitthal1/low-resource-asr/data/mozilla_speech_data/aln/train-all_aln.tsv
  Val: /mmfs1/gscratch/scrubbed/vitthal1/low-resource-asr/data/mozilla_speech_data/aln/validation_aln.tsv
  Train: 965 samples (6.39 h)
  Validation: 150 samples (1.45 h)

Building vocabulary...
  Vocabulary saved to /mmfs1/gscratch/scrubbed/vitthal1/low-resource-asr/models/mms/aln/all/vocab.json (87 tokens)

Preparing datasets...

Loading MMS model...
  Trainable parameters: 2,265,177 / 964,762,585 (0.23%)

Training configuration:
  Epochs: 5
  Batch size: 4
  Gradient accumulation: 4
  Effective batch size: 16
  Learning rate: 0.001
  FP16: False, BF16: True

Starting training...
{'loss': '54.9', 'grad_norm': '35.22', 'learning_rate': '0.00049', 'epoch': '0.8264'}
{'loss': '8.621', 'grad_norm': '8.31', 'learning_rate': '0.00099', 'epoch': '1.645'}
{'eval_loss': '0.9925', 'eval_wer': '0.6216', 'eval_cer': '0.2152', 'eval_runtime': '51.01', 'eval_samples_per_second': '2.941', 'eval_steps_per_second': '0.745', 'epoch': '1.645'}
{'loss': '5.122', 'grad_norm': '43.22', 'learning_rate': '0.000761', 'epoch': '2.463'}
{'loss': '4.745', 'grad_norm': '4.268', 'learning_rate': '0.0005171', 'epoch': '3.281'}
{'eval_loss': '0.9035', 'eval_wer': '0.5371', 'eval_cer': '0.1924', 'eval_runtime': '46.46', 'eval_samples_per_second': '3.229', 'eval_steps_per_second': '0.818', 'epoch': '3.281'}
{'loss': '4.423', 'grad_norm': '5.849', 'learning_rate': '0.0002732', 'epoch': '4.099'}
{'loss': '4.378', 'grad_norm': '2.965', 'learning_rate': '2.927e-05', 'epoch': '4.926'}
{'eval_loss': '0.8939', 'eval_wer': '0.5176', 'eval_cer': '0.1861', 'eval_runtime': '44.25', 'eval_samples_per_second': '3.39', 'eval_steps_per_second': '0.859', 'epoch': '4.926'}
{'train_runtime': '1833', 'train_samples_per_second': '2.632', 'train_steps_per_second': '0.166', 'train_loss': '13.53', 'epoch': '5'}

Saving adapter weights...
  Adapter saved to: /mmfs1/gscratch/scrubbed/vitthal1/low-resource-asr/models/mms/aln/all/adapter.aln.safetensors
  Saving full model...

Final evaluation (validation):
  WER: 0.5371
  CER: 0.1923

Evaluating on test set...
  Test WER: 0.6885
  Test CER: 0.3096
  Transcriptions saved to: /mmfs1/gscratch/scrubbed/vitthal1/low-resource-asr/results/transcriptions/transcriptions_aln_all_20260218_173432.tsv
  Results saved to: /mmfs1/gscratch/scrubbed/vitthal1/low-resource-asr/models/mms/aln/all/eval_results.json
  Training log saved to: /mmfs1/gscratch/scrubbed/vitthal1/low-resource-asr/results/training_logs/mms_aft_all_aln_20260218_173432.log

Pushing to Hugging Face Hub: vitthalbhandari/mms-1b-all-aft-all-aln
  Pushing model...
  Pushing processor...
  Pushing adapter weights...
  Pushing model card...
  Successfully pushed to: https://huggingface.co/vitthalbhandari/mms-1b-all-aft-all-aln

============================================================
Training complete!
============================================================
Model saved to: /mmfs1/gscratch/scrubbed/vitthal1/low-resource-asr/models/mms/aln/all
Model pushed to: https://huggingface.co/vitthalbhandari/mms-1b-all-aft-all-aln

==========================================
Training complete for aln!
End time: Wed Feb 18 18:11:58 PST 2026
==========================================
