==========================================
MMS Adapter Fine-tuning on HPC
==========================================
Language: pne  Split: all (task 13 of 21)
Job ID: 33451582 (Array Job: 33447755)
Node: g3099
GPUs: 0
Start time: Mon Feb 23 06:35:08 PST 2026

Checking GPU availability...
CUDA available: True
GPU: NVIDIA L40

Starting training for pne (split=all)...
============================================================
XLS-R 1B Adapter Fine-tuning for pne (Western Penan) split=all
============================================================
Base model: facebook/wav2vec2-xls-r-1b
Adapter attn dim: 256
Output directory: /mmfs1/gscratch/scrubbed/anonymous_user/low-resource-asr/models/xlsr/pne/all
Device: cuda
Push to HF: True
HF Repo: anonymous/xlsr-1b-aft-all-pne

Loading data for pne (Western Penan) split=all...
  Train: /mmfs1/gscratch/scrubbed/anonymous_user/low-resource-asr/data/mozilla_speech_data/pne/train-all_pne.tsv
  Val: /mmfs1/gscratch/scrubbed/anonymous_user/low-resource-asr/data/mozilla_speech_data/pne/validation_pne.tsv
  Train: 1811 samples (8.48 h)
  Validation: 310 samples (1.30 h)

Building vocabulary...
  Vocabulary saved to /mmfs1/gscratch/scrubbed/anonymous_user/low-resource-asr/models/xlsr/pne/all/vocab.json (61 tokens)

Preparing datasets...

Loading XLS-R model (facebook/wav2vec2-xls-r-1b)...
  Trainable parameters: 31,734,591 / 994,231,999 (3.19%)

Training configuration:
  Epochs: 5
  Batch size: 4
  Gradient accumulation: 4
  Effective batch size: 16
  Learning rate: 0.001
  FP16: False, BF16: True

Starting training...
{'loss': '28.9', 'grad_norm': '20.08', 'learning_rate': '0.00049', 'epoch': '0.4415'}
{'loss': '11.21', 'grad_norm': '5.59', 'learning_rate': '0.00099', 'epoch': '0.883'}
{'eval_loss': '2.786', 'eval_wer': '0.9998', 'eval_cer': '0.7935', 'eval_runtime': '38.53', 'eval_samples_per_second': '8.045', 'eval_steps_per_second': '2.024', 'epoch': '0.883'}
{'loss': '10.37', 'grad_norm': '6.583', 'learning_rate': '0.0008957', 'epoch': '1.318'}
{'loss': '9.918', 'grad_norm': '9.313', 'learning_rate': '0.0007894', 'epoch': '1.759'}
{'eval_loss': '2.508', 'eval_wer': '1.004', 'eval_cer': '0.6749', 'eval_runtime': '38.46', 'eval_samples_per_second': '8.061', 'eval_steps_per_second': '2.028', 'epoch': '1.759'}
{'loss': '9.362', 'grad_norm': '11.6', 'learning_rate': '0.000683', 'epoch': '2.194'}
{'loss': '5.491', 'grad_norm': '4.076', 'learning_rate': '0.0005766', 'epoch': '2.636'}
{'eval_loss': '0.9875', 'eval_wer': '0.7617', 'eval_cer': '0.2695', 'eval_runtime': '38.4', 'eval_samples_per_second': '8.073', 'eval_steps_per_second': '2.031', 'epoch': '2.636'}
{'loss': '3.265', 'grad_norm': '6.37', 'learning_rate': '0.0004702', 'epoch': '3.071'}
{'loss': '2.621', 'grad_norm': '2.3', 'learning_rate': '0.0003638', 'epoch': '3.512'}
{'eval_loss': '0.7143', 'eval_wer': '0.5294', 'eval_cer': '0.1841', 'eval_runtime': '38.71', 'eval_samples_per_second': '8.007', 'eval_steps_per_second': '2.015', 'epoch': '3.512'}
{'loss': '2.466', 'grad_norm': '2.593', 'learning_rate': '0.0002574', 'epoch': '3.954'}
{'loss': '2.091', 'grad_norm': '2.034', 'learning_rate': '0.0001511', 'epoch': '4.389'}
{'eval_loss': '0.6485', 'eval_wer': '0.4611', 'eval_cer': '0.1633', 'eval_runtime': '41.2', 'eval_samples_per_second': '7.525', 'eval_steps_per_second': '1.893', 'epoch': '4.389'}
{'loss': '1.947', 'grad_norm': '1.851', 'learning_rate': '4.468e-05', 'epoch': '4.83'}
{'train_runtime': '2332', 'train_samples_per_second': '3.883', 'train_steps_per_second': '0.244', 'train_loss': '7.755', 'epoch': '5'}

Saving adapter weights...
  Adapter saved to: /mmfs1/gscratch/scrubbed/anonymous_user/low-resource-asr/models/xlsr/pne/all/adapter_pne.safetensors
  Saving full model...

Final evaluation (validation):
  WER: 0.5301
  CER: 0.1842

Evaluating on test set...
  Test WER: 0.5563
  Test CER: 0.1975
  Transcriptions saved to: /mmfs1/gscratch/scrubbed/anonymous_user/low-resource-asr/results/transcriptions/transcriptions_xlsr_pne_all_20260223_063612.tsv
  Results saved to: /mmfs1/gscratch/scrubbed/anonymous_user/low-resource-asr/models/xlsr/pne/all/eval_results.json
  Training log saved to: /mmfs1/gscratch/scrubbed/anonymous_user/low-resource-asr/results/training_logs/xlsr_aft_all_pne_20260223_063612.log

Pushing to Hugging Face Hub: anonymous/xlsr-1b-aft-all-pne
  Pushing model...
