==========================================
MMS Adapter Fine-tuning on Hyak
==========================================
Language: bxk  Split: all (task 2 of 21)
Job ID: 33273685 (Array Job: 33272322)
Node: g3098
GPUs: 0
Start time: Wed Feb 18 18:49:05 PST 2026

Checking GPU availability...
CUDA available: True
GPU: NVIDIA L40

Starting training for bxk (split=all)...
============================================================
MMS Adapter Fine-tuning for bxk (Bukusu) split=all
============================================================
Output directory: /mmfs1/gscratch/scrubbed/vitthal1/low-resource-asr/models/mms/bxk/all
Device: cuda
Push to HF: True
HF Repo: vitthalbhandari/mms-1b-all-aft-all-bxk

Loading data for bxk (Bukusu) split=all...
  Train: /mmfs1/gscratch/scrubbed/vitthal1/low-resource-asr/data/mozilla_speech_data/bxk/train-all_bxk.tsv
  Val: /mmfs1/gscratch/scrubbed/vitthal1/low-resource-asr/data/mozilla_speech_data/bxk/validation_bxk.tsv
  Train: 1642 samples (7.85 h)
  Validation: 118 samples (0.61 h)

Building vocabulary...
  Vocabulary saved to /mmfs1/gscratch/scrubbed/vitthal1/low-resource-asr/models/mms/bxk/all/vocab.json (59 tokens)

Preparing datasets...

Loading MMS model...
  Trainable parameters: 2,229,309 / 964,726,717 (0.23%)

Training configuration:
  Epochs: 5
  Batch size: 4
  Gradient accumulation: 4
  Effective batch size: 16
  Learning rate: 0.001
  FP16: False, BF16: True

Starting training...
{'loss': '38.91', 'grad_norm': '14.04', 'learning_rate': '0.00049', 'epoch': '0.4866'}
{'loss': '16.28', 'grad_norm': '16.11', 'learning_rate': '0.00099', 'epoch': '0.9732'}
{'eval_loss': '3.712', 'eval_wer': '1.01', 'eval_cer': '0.817', 'eval_runtime': '27.27', 'eval_samples_per_second': '4.327', 'eval_steps_per_second': '1.1', 'epoch': '0.9732'}
{'loss': '14.18', 'grad_norm': '14.92', 'learning_rate': '0.0008819', 'epoch': '1.457'}
{'loss': '11.71', 'grad_norm': '21.88', 'learning_rate': '0.0007614', 'epoch': '1.944'}
{'eval_loss': '2.672', 'eval_wer': '1', 'eval_cer': '0.9649', 'eval_runtime': '20.23', 'eval_samples_per_second': '5.833', 'eval_steps_per_second': '1.483', 'epoch': '1.944'}
{'loss': '4.836', 'grad_norm': '9.478', 'learning_rate': '0.000641', 'epoch': '2.428'}
{'loss': '2.486', 'grad_norm': '2.192', 'learning_rate': '0.0005205', 'epoch': '2.915'}
