==========================================
MMS Scaling Experiment — fresh fine-tune
  lang=sco  split=2h
  node=g3106  gpu=NVIDIA L40S
==========================================
Train TSV: /mmfs1/gscratch/scrubbed/vitthal1/low-resource-asr/data/mozilla_speech_data/sco/train-2h_sco.tsv (182 rows)
============================================================
MMS Adapter Fine-tuning for sco (Scots) split=2h
============================================================
Output directory: /mmfs1/gscratch/scrubbed/vitthal1/low-resource-asr/models/mms/sco/2h
Device: cuda
Push to HF: True
HF Repo: vitthalbhandari/mms-1b-all-aft-2h-sco

Loading data for sco (Scots) split=2h...
  Train: /mmfs1/gscratch/scrubbed/vitthal1/low-resource-asr/data/mozilla_speech_data/sco/train-2h_sco.tsv
  Val: /mmfs1/gscratch/scrubbed/vitthal1/low-resource-asr/data/mozilla_speech_data/sco/validation_sco.tsv
  Train: 181 samples (2.00 h)
  Validation: 37 samples (0.99 h)

Building vocabulary...
  Vocabulary saved to /mmfs1/gscratch/scrubbed/vitthal1/low-resource-asr/models/mms/sco/2h/vocab.json (68 tokens)

Preparing datasets...
  Max audio length from CSV (p97.5 for sco): 129.64s
  Dropped 0 train, 12 val samples (over 129.64s).

Loading MMS model...
  Trainable parameters: 2,240,838 / 964,738,246 (0.23%)

Training configuration:
  Epochs: 15
  Batch size: 2
  Gradient accumulation: 8
  Effective batch size: 16
  Learning rate: 0.001
  FP16: False, BF16: True

Starting training...
{'loss': '60.04', 'grad_norm': '35.28', 'learning_rate': '0.00049', 'epoch': '4.176'}
{'loss': '9.228', 'grad_norm': '2.889', 'learning_rate': '0.00099', 'epoch': '8.352'}
{'eval_loss': '0.7279', 'eval_wer': '0.4176', 'eval_cer': '0.1727', 'eval_runtime': '13.74', 'eval_samples_per_second': '1.819', 'eval_steps_per_second': '0.946', 'epoch': '8.352'}
{'loss': '3.411', 'grad_norm': '3.332', 'learning_rate': '0.0003875', 'epoch': '12.53'}
{'train_runtime': '1249', 'train_samples_per_second': '2.173', 'train_steps_per_second': '0.144', 'train_loss': '20.66', 'epoch': '15'}

Saving adapter weights...
  Adapter saved to: /mmfs1/gscratch/scrubbed/vitthal1/low-resource-asr/models/mms/sco/2h/adapter.sco.safetensors
  Saving full model...

Final evaluation (validation, greedy):
  Greedy WER: 0.4176
  Greedy CER: 0.1726

Evaluating on test set (greedy)...
  Test WER (greedy): 0.4007
  Test CER (greedy): 0.1556
  Transcriptions saved to: /mmfs1/gscratch/scrubbed/vitthal1/low-resource-asr/results/transcriptions/transcriptions_mms_sco_2h_20260521_005239.tsv
  Results saved to: /mmfs1/gscratch/scrubbed/vitthal1/low-resource-asr/models/mms/sco/2h/eval_results.json
  Training log saved to: /mmfs1/gscratch/scrubbed/vitthal1/low-resource-asr/results/training_logs/mms_aft_2h_sco_20260521_005239.log

Pushing to Hugging Face Hub: vitthalbhandari/mms-1b-all-aft-2h-sco
  Pushing model...
  Pushing processor...
  Pushing adapter weights...
  Pushing model card...
  Successfully pushed to: https://huggingface.co/vitthalbhandari/mms-1b-all-aft-2h-sco

============================================================
Training complete!
============================================================
Model saved to: /mmfs1/gscratch/scrubbed/vitthal1/low-resource-asr/models/mms/sco/2h
Model pushed to: https://huggingface.co/vitthalbhandari/mms-1b-all-aft-2h-sco
