==========================================
MMS Adapter Fine-tuning on HPC
==========================================
Language: sco  Split: all (task 16 of 21)
Job ID: 33457994 (Array Job: 33447755)
Node: g3097
GPUs: 0
Start time: Mon Feb 23 08:45:37 PST 2026

Checking GPU availability...
CUDA available: True
GPU: NVIDIA L40

Starting training for sco (split=all)...
============================================================
XLS-R 1B Adapter Fine-tuning for sco (Scots) split=all
============================================================
Base model: facebook/wav2vec2-xls-r-1b
Adapter attn dim: 256
Output directory: /mmfs1/gscratch/scrubbed/anonymous_user/low-resource-asr/models/xlsr/sco/all
Device: cuda
Push to HF: True
HF Repo: anonymous/xlsr-1b-aft-all-sco

Loading data for sco (Scots) split=all...
  Train: /mmfs1/gscratch/scrubbed/anonymous_user/low-resource-asr/data/mozilla_speech_data/sco/train-all_sco.tsv
  Val: /mmfs1/gscratch/scrubbed/anonymous_user/low-resource-asr/data/mozilla_speech_data/sco/validation_sco.tsv
  Train: 423 samples (6.35 h)
  Validation: 37 samples (0.99 h)

Building vocabulary...
  Vocabulary saved to /mmfs1/gscratch/scrubbed/anonymous_user/low-resource-asr/models/xlsr/sco/all/vocab.json (72 tokens)

Preparing datasets...

Loading XLS-R model (facebook/wav2vec2-xls-r-1b)...
  Trainable parameters: 31,748,682 / 994,246,090 (3.19%)

Training configuration:
  Epochs: 5
  Batch size: 4
  Gradient accumulation: 4
  Effective batch size: 16
  Learning rate: 0.001
  FP16: False, BF16: True

Starting training...
