==========================================
MMS Adapter Fine-tuning on HPC
==========================================
Language: sco  Split: all (task 16 of 21)
Job ID: 33284553 (Array Job: 33272322)
Node: g3116
GPUs: 0
Start time: Thu Feb 19 03:03:29 PST 2026

Checking GPU availability...
CUDA available: True
GPU: NVIDIA L40

Starting training for sco (split=all)...
============================================================
MMS Adapter Fine-tuning for sco (Scots) split=all
============================================================
Output directory: /mmfs1/gscratch/scrubbed/anonymous_user/low-resource-asr/models/mms/sco/all
Device: cuda
Push to HF: True
HF Repo: anonymous/mms-1b-all-aft-all-sco

Loading data for sco (Scots) split=all...
  Train: /mmfs1/gscratch/scrubbed/anonymous_user/low-resource-asr/data/mozilla_speech_data/sco/train-all_sco.tsv
  Val: /mmfs1/gscratch/scrubbed/anonymous_user/low-resource-asr/data/mozilla_speech_data/sco/validation_sco.tsv
  Train: 423 samples (6.35 h)
  Validation: 37 samples (0.99 h)

Building vocabulary...
  Vocabulary saved to /mmfs1/gscratch/scrubbed/anonymous_user/low-resource-asr/models/mms/sco/all/vocab.json (72 tokens)

Preparing datasets...

Loading MMS model...
  Trainable parameters: 2,245,962 / 964,743,370 (0.23%)

Training configuration:
  Epochs: 5
  Batch size: 4
  Gradient accumulation: 4
  Effective batch size: 16
  Learning rate: 0.001
  FP16: False, BF16: True

Starting training...
