==========================================
MMS Adapter Fine-tuning on Hyak
==========================================
Language: ttj  Split: mid (task 19 of 21)
Job ID: 33215110 (Array Job: 33207815)
Node: g3109
GPUs: 0
Start time: Mon Feb 16 17:05:02 PST 2026

Checking GPU availability...
CUDA available: True
GPU: NVIDIA L40S

Starting training for ttj (split=mid)...
============================================================
MMS Adapter Fine-tuning for ttj (Rutoro) split=mid
============================================================
Output directory: /mmfs1/gscratch/scrubbed/vitthal1/low-resource-asr/models/mms/ttj/mid
Device: cuda
Push to HF: True
HF Repo: vitthalbhandari/mms-1b-all-aft-mid-ttj

Loading data for ttj (Rutoro) split=mid...
  Train: /mmfs1/gscratch/scrubbed/vitthal1/low-resource-asr/data/mozilla_speech_data/ttj/train-mid_ttj.tsv
  Val: /mmfs1/gscratch/scrubbed/vitthal1/low-resource-asr/data/mozilla_speech_data/ttj/validation_ttj.tsv
  Train: 964 samples (5.00 h)
  Validation: 156 samples (0.92 h)

Building vocabulary...
  Vocabulary saved to /mmfs1/gscratch/scrubbed/vitthal1/low-resource-asr/models/mms/ttj/mid/vocab.json (57 tokens)

Preparing datasets...

Loading MMS model...
  Trainable parameters: 2,226,747 / 964,724,155 (0.23%)

Training configuration:
  Epochs: 5
  Batch size: 4
  Gradient accumulation: 4
  Effective batch size: 16
  Learning rate: 0.001
  FP16: False, BF16: True

Starting training...
{'loss': '36.6', 'grad_norm': '12.86', 'learning_rate': '0.00049', 'epoch': '0.8299'}
{'loss': '3.231', 'grad_norm': '2.877', 'learning_rate': '0.00099', 'epoch': '1.647'}
{'eval_loss': '0.2779', 'eval_wer': '0.3688', 'eval_cer': '0.06315', 'eval_runtime': '23.98', 'eval_samples_per_second': '6.504', 'eval_steps_per_second': '1.626', 'epoch': '1.647'}
{'loss': '1.448', 'grad_norm': '3.012', 'learning_rate': '0.000761', 'epoch': '2.465'}
{'loss': '1.451', 'grad_norm': '1.181', 'learning_rate': '0.0005171', 'epoch': '3.282'}
{'eval_loss': '0.2282', 'eval_wer': '0.3249', 'eval_cer': '0.05646', 'eval_runtime': '21.49', 'eval_samples_per_second': '7.259', 'eval_steps_per_second': '1.815', 'epoch': '3.282'}
{'loss': '1.246', 'grad_norm': '4.821', 'learning_rate': '0.0002732', 'epoch': '4.1'}
{'loss': '1.171', 'grad_norm': '16.27', 'learning_rate': '2.927e-05', 'epoch': '4.929'}
{'eval_loss': '0.2183', 'eval_wer': '0.3081', 'eval_cer': '0.05357', 'eval_runtime': '21.04', 'eval_samples_per_second': '7.413', 'eval_steps_per_second': '1.853', 'epoch': '4.929'}
{'train_runtime': '1003', 'train_samples_per_second': '4.808', 'train_steps_per_second': '0.304', 'train_loss': '7.422', 'epoch': '5'}

Saving adapter weights...
  Adapter saved to: /mmfs1/gscratch/scrubbed/vitthal1/low-resource-asr/models/mms/ttj/mid/adapter.ttj.safetensors
  Saving full model...

Final evaluation (validation):
  WER: 0.3246
  CER: 0.0564

Evaluating on test set...
  Test WER: 0.3114
  Test CER: 0.0550
  Results saved to: /mmfs1/gscratch/scrubbed/vitthal1/low-resource-asr/models/mms/ttj/mid/eval_results.json
  Training log saved to: /mmfs1/gscratch/scrubbed/vitthal1/low-resource-asr/results/training_logs/mms_aft_mid_ttj_20260216_170810.log

Pushing to Hugging Face Hub: vitthalbhandari/mms-1b-all-aft-mid-ttj
  Pushing model...
  Pushing processor...
  Pushing adapter weights...
  Pushing model card...
  Successfully pushed to: https://huggingface.co/vitthalbhandari/mms-1b-all-aft-mid-ttj

============================================================
Training complete!
============================================================
Model saved to: /mmfs1/gscratch/scrubbed/vitthal1/low-resource-asr/models/mms/ttj/mid
Model pushed to: https://huggingface.co/vitthalbhandari/mms-1b-all-aft-mid-ttj

==========================================
Training complete for ttj!
End time: Mon Feb 16 17:30:10 PST 2026
==========================================
