==========================================
MMS Adapter Fine-tuning on HPC
==========================================
Language: kcn  Split: one (task 6 of 21)
Job ID: 33201611 (Array Job: 33196711)
Node: g3120
GPUs: 0
Start time: Mon Feb 16 07:01:32 PST 2026

Checking GPU availability...
CUDA available: True
GPU: NVIDIA L40S

Starting training for kcn (split=one)...
============================================================
MMS Adapter Fine-tuning for kcn (Nubi) split=one
============================================================
Output directory: /mmfs1/gscratch/scrubbed/anonymous_user/low-resource-asr/models/mms/kcn/one
Device: cuda
Push to HF: False

Loading data for kcn (Nubi) split=one...
  Train: /mmfs1/gscratch/scrubbed/anonymous_user/low-resource-asr/data/mozilla_speech_data/kcn/train-one_kcn.tsv
  Val: /mmfs1/gscratch/scrubbed/anonymous_user/low-resource-asr/data/mozilla_speech_data/kcn/validation_kcn.tsv
  Train: 135 samples (1.00 h)
  Validation: 152 samples (0.57 h)

Building vocabulary...
  Vocabulary saved to /mmfs1/gscratch/scrubbed/anonymous_user/low-resource-asr/models/mms/kcn/one/vocab.json (56 tokens)

Preparing datasets...

Loading MMS model...
  Trainable parameters: 2,225,466 / 964,722,874 (0.23%)

Training configuration:
  Epochs: 5
  Batch size: 4
  Gradient accumulation: 4
  Effective batch size: 16
  Learning rate: 0.001
  FP16: False, BF16: True

Starting training...
{'train_runtime': '273.6', 'train_samples_per_second': '2.467', 'train_steps_per_second': '0.164', 'train_loss': '43.25', 'epoch': '5'}

Saving adapter weights...
  Adapter saved to: /mmfs1/gscratch/scrubbed/anonymous_user/low-resource-asr/models/mms/kcn/one/adapter.kcn.safetensors
  Saving full model...

Final evaluation (validation):
  WER: 0.9996
  CER: 0.9246

Evaluating on test set...
  Test WER: 1.0013
  Test CER: 0.9503
  Results saved to: /mmfs1/gscratch/scrubbed/anonymous_user/low-resource-asr/models/mms/kcn/one/eval_results.json
  Training log saved to: /mmfs1/gscratch/scrubbed/anonymous_user/low-resource-asr/results/training_logs/mms_aft_one_kcn_20260216_070519.log

============================================================
Training complete!
============================================================
Model saved to: /mmfs1/gscratch/scrubbed/anonymous_user/low-resource-asr/models/mms/kcn/one

==========================================
Training complete for kcn!
End time: Mon Feb 16 07:13:16 PST 2026
==========================================
