==========================================
MMS Adapter Fine-tuning on Hyak
==========================================
Language: lth  Split: mid (task 10 of 21)
Job ID: 33211982 (Array Job: 33207815)
Node: g3111
GPUs: 0
Start time: Mon Feb 16 15:13:38 PST 2026

Checking GPU availability...
CUDA available: True
GPU: NVIDIA L40S

Starting training for lth (split=mid)...
============================================================
MMS Adapter Fine-tuning for lth (Thur) split=mid
============================================================
Output directory: /mmfs1/gscratch/scrubbed/vitthal1/low-resource-asr/models/mms/lth/mid
Device: cuda
Push to HF: True
HF Repo: vitthalbhandari/mms-1b-all-aft-mid-lth

Loading data for lth (Thur) split=mid...
  Train: /mmfs1/gscratch/scrubbed/vitthal1/low-resource-asr/data/mozilla_speech_data/lth/train-mid_lth.tsv
  Val: /mmfs1/gscratch/scrubbed/vitthal1/low-resource-asr/data/mozilla_speech_data/lth/validation_lth.tsv
  Train: 874 samples (5.00 h)
  Validation: 52 samples (0.27 h)

Building vocabulary...
  Vocabulary saved to /mmfs1/gscratch/scrubbed/vitthal1/low-resource-asr/models/mms/lth/mid/vocab.json (60 tokens)

Preparing datasets...

Loading MMS model...
  Trainable parameters: 2,230,590 / 964,727,998 (0.23%)

Training configuration:
  Epochs: 5
  Batch size: 4
  Gradient accumulation: 4
  Effective batch size: 16
  Learning rate: 0.001
  FP16: False, BF16: True

Starting training...
