==========================================
MMS Adapter Fine-tuning on HPC
==========================================
Language: tob  Split: one (task 17 of 21)
Job ID: 33204334 (Array Job: 33196711)
Node: g3101
GPUs: 0
Start time: Mon Feb 16 08:40:32 PST 2026

Checking GPU availability...
CUDA available: True
GPU: NVIDIA L40S

Starting training for tob (split=one)...
============================================================
MMS Adapter Fine-tuning for tob (Toba Qom) split=one
============================================================
Output directory: /mmfs1/gscratch/scrubbed/anonymous_user/low-resource-asr/models/mms/tob/one
Device: cuda
Push to HF: False

Loading data for tob (Toba Qom) split=one...
  Train: /mmfs1/gscratch/scrubbed/anonymous_user/low-resource-asr/data/mozilla_speech_data/tob/train-one_tob.tsv
  Val: /mmfs1/gscratch/scrubbed/anonymous_user/low-resource-asr/data/mozilla_speech_data/tob/validation_tob.tsv
  Train: 235 samples (1.00 h)
  Validation: 306 samples (1.99 h)

Building vocabulary...
  Vocabulary saved to /mmfs1/gscratch/scrubbed/anonymous_user/low-resource-asr/models/mms/tob/one/vocab.json (67 tokens)

Preparing datasets...

Loading MMS model...
  Trainable parameters: 2,239,557 / 964,736,965 (0.23%)

Training configuration:
  Epochs: 5
  Batch size: 4
  Gradient accumulation: 4
  Effective batch size: 16
  Learning rate: 0.001
  FP16: False, BF16: True

Starting training...
{'loss': '58.17', 'grad_norm': '7.418', 'learning_rate': '0.00049', 'epoch': '3.339'}
{'train_runtime': '242.2', 'train_samples_per_second': '4.851', 'train_steps_per_second': '0.31', 'train_loss': '40.97', 'epoch': '5'}

Saving adapter weights...
  Adapter saved to: /mmfs1/gscratch/scrubbed/anonymous_user/low-resource-asr/models/mms/tob/one/adapter.tob.safetensors
  Saving full model...

Final evaluation (validation):
  WER: 0.6739
  CER: 0.2105

Evaluating on test set...
  Test WER: 0.6813
  Test CER: 0.2011
  Results saved to: /mmfs1/gscratch/scrubbed/anonymous_user/low-resource-asr/models/mms/tob/one/eval_results.json
  Training log saved to: /mmfs1/gscratch/scrubbed/anonymous_user/low-resource-asr/results/training_logs/mms_aft_one_tob_20260216_084126.log

============================================================
Training complete!
============================================================
Model saved to: /mmfs1/gscratch/scrubbed/anonymous_user/low-resource-asr/models/mms/tob/one

==========================================
Training complete for tob!
End time: Mon Feb 16 08:48:37 PST 2026
==========================================
