==========================================
MMS Scaling Experiment — fresh fine-tune
  lang=hch  split=3h
  node=g3103  gpu=NVIDIA L40S
==========================================
Train TSV: /mmfs1/gscratch/scrubbed/vitthal1/low-resource-asr/data/mozilla_speech_data/hch/train-3h_hch.tsv (524 rows)
============================================================
MMS Adapter Fine-tuning for hch (Wixárika) split=3h
============================================================
Output directory: /mmfs1/gscratch/scrubbed/vitthal1/low-resource-asr/models/mms/hch/3h
Device: cuda
Push to HF: True
HF Repo: vitthalbhandari/mms-1b-all-aft-3h-hch

Loading data for hch (Wixárika) split=3h...
  Train: /mmfs1/gscratch/scrubbed/vitthal1/low-resource-asr/data/mozilla_speech_data/hch/train-3h_hch.tsv
  Val: /mmfs1/gscratch/scrubbed/vitthal1/low-resource-asr/data/mozilla_speech_data/hch/validation_hch.tsv
  Train: 523 samples (3.00 h)
  Validation: 310 samples (0.97 h)

Building vocabulary...
  Vocabulary saved to /mmfs1/gscratch/scrubbed/vitthal1/low-resource-asr/models/mms/hch/3h/vocab.json (75 tokens)

Preparing datasets...
  Max audio length from CSV (p97.5 for hch): 70.46s
  Dropped 1 train, 0 val samples (over 70.46s).

Loading MMS model...
  Trainable parameters: 2,249,805 / 964,747,213 (0.23%)

Training configuration:
  Epochs: 15
  Batch size: 2
  Gradient accumulation: 8
  Effective batch size: 16
  Learning rate: 0.001
  FP16: False, BF16: True

Starting training...
{'loss': '96.06', 'grad_norm': '33.07', 'learning_rate': '0.00049', 'epoch': '1.521'}
{'loss': '11.53', 'grad_norm': '11.68', 'learning_rate': '0.00099', 'epoch': '3.031'}
{'eval_loss': '0.9689', 'eval_wer': '0.9689', 'eval_cer': '0.2672', 'eval_runtime': '19.35', 'eval_samples_per_second': '16.02', 'eval_steps_per_second': '8.01', 'epoch': '3.031'}
{'loss': '6.902', 'grad_norm': '12.65', 'learning_rate': '0.0008759', 'epoch': '4.552'}
{'loss': '5.745', 'grad_norm': '30.37', 'learning_rate': '0.0007494', 'epoch': '6.061'}
{'eval_loss': '0.7569', 'eval_wer': '0.8956', 'eval_cer': '0.2165', 'eval_runtime': '19.43', 'eval_samples_per_second': '15.95', 'eval_steps_per_second': '7.976', 'epoch': '6.061'}
{'loss': '5.144', 'grad_norm': '6.138', 'learning_rate': '0.0006228', 'epoch': '7.582'}
{'loss': '4.663', 'grad_norm': '50.39', 'learning_rate': '0.0004962', 'epoch': '9.092'}
{'eval_loss': '0.6471', 'eval_wer': '0.7895', 'eval_cer': '0.1777', 'eval_runtime': '19.49', 'eval_samples_per_second': '15.9', 'eval_steps_per_second': '7.951', 'epoch': '9.092'}
{'loss': '4.255', 'grad_norm': '7.004', 'learning_rate': '0.0003696', 'epoch': '10.61'}
{'loss': '3.856', 'grad_norm': '4.804', 'learning_rate': '0.000243', 'epoch': '12.12'}
{'eval_loss': '0.5997', 'eval_wer': '0.7654', 'eval_cer': '0.1626', 'eval_runtime': '20.31', 'eval_samples_per_second': '15.26', 'eval_steps_per_second': '7.631', 'epoch': '12.12'}
{'loss': '3.745', 'grad_norm': '3.936', 'learning_rate': '0.0001165', 'epoch': '13.64'}
{'train_runtime': '1728', 'train_samples_per_second': '4.531', 'train_steps_per_second': '0.286', 'train_loss': '14.65', 'epoch': '15'}

Saving adapter weights...
  Adapter saved to: /mmfs1/gscratch/scrubbed/vitthal1/low-resource-asr/models/mms/hch/3h/adapter.hch.safetensors
  Saving full model...

Final evaluation (validation, greedy):
  Greedy WER: 0.7654
  Greedy CER: 0.1626

Evaluating on test set (greedy)...
  Test WER (greedy): 0.7631
  Test CER (greedy): 0.1788
  Transcriptions saved to: /mmfs1/gscratch/scrubbed/vitthal1/low-resource-asr/results/transcriptions/transcriptions_mms_hch_3h_20260521_002234.tsv
  Results saved to: /mmfs1/gscratch/scrubbed/vitthal1/low-resource-asr/models/mms/hch/3h/eval_results.json
  Training log saved to: /mmfs1/gscratch/scrubbed/vitthal1/low-resource-asr/results/training_logs/mms_aft_3h_hch_20260521_002234.log

Pushing to Hugging Face Hub: vitthalbhandari/mms-1b-all-aft-3h-hch
  Pushing model...
  Pushing processor...
  Pushing adapter weights...
  Pushing model card...
  Successfully pushed to: https://huggingface.co/vitthalbhandari/mms-1b-all-aft-3h-hch

============================================================
Training complete!
============================================================
Model saved to: /mmfs1/gscratch/scrubbed/vitthal1/low-resource-asr/models/mms/hch/3h
Model pushed to: https://huggingface.co/vitthalbhandari/mms-1b-all-aft-3h-hch
