==========================================
MMS Scaling LM Decode
  lang=el-CY  split=curated-2h
  output=/mmfs1/gscratch/scrubbed/vitthal1/low-resource-asr/results/lm_ablation/scaling_exp/mms_el-CY_curated-2h_lm.json
==========================================
  ARPA: reusing pre-existing MMS full-data ARPA
  arpa=/mmfs1/gscratch/scrubbed/vitthal1/low-resource-asr/results/lm_ablation/arpa_artifacts/mms/el-CY/all/lm_4gram.arpa

Loading data for el-CY (Cypriot Greek) split=curated-2h...
  Train: /mmfs1/gscratch/scrubbed/vitthal1/low-resource-asr/data/mozilla_speech_data/el-CY/train-curated-2h_el-CY.tsv
  Val: /mmfs1/gscratch/scrubbed/vitthal1/low-resource-asr/data/mozilla_speech_data/el-CY/validation_el-CY.tsv
  Train: 222 samples (2.00 h)
  Validation: 277 samples (1.47 h)
Running greedy predictions...
Running unigram beam baseline...
Running n-gram sweep...
  Using provided ARPA: /mmfs1/gscratch/scrubbed/vitthal1/low-resource-asr/results/lm_ablation/arpa_artifacts/mms/el-CY/all/lm_4gram.arpa
========================================================================
Saved results to: /mmfs1/gscratch/scrubbed/vitthal1/low-resource-asr/results/lm_ablation/scaling_exp/mms_el-CY_curated-2h_lm.json
Checkpoint source: hf (vitthalbhandari/mms-1b-all-aft-curated-2h-el-CY @ main)
Selection split: test
Greedy test WER:   0.5281
Unigram test WER:  0.5168
Best n-gram test WER: 0.4247
Best params: n=4, alpha=0.5, beta=1.0, beam=100
========================================================================
