==========================================
MMS Scaling LM Decode
  lang=aln  split=curated-full
  output=/mmfs1/gscratch/scrubbed/vitthal1/low-resource-asr/results/lm_ablation/scaling_exp/mms_aln_curated-full_lm.json
==========================================
  ARPA: reusing pre-existing MMS full-data ARPA
  arpa=/mmfs1/gscratch/scrubbed/vitthal1/low-resource-asr/results/lm_ablation/arpa_artifacts/mms/aln/all/lm_4gram.arpa

Loading data for aln (Gheg Albanian) split=curated-full...
  Train: /mmfs1/gscratch/scrubbed/vitthal1/low-resource-asr/data/mozilla_speech_data/aln/train-curated-full_aln.tsv
  Val: /mmfs1/gscratch/scrubbed/vitthal1/low-resource-asr/data/mozilla_speech_data/aln/validation_aln.tsv
  Train: 515 samples (3.50 h)
  Validation: 150 samples (1.45 h)
Running greedy predictions...
Running unigram beam baseline...
Running n-gram sweep...
  Using provided ARPA: /mmfs1/gscratch/scrubbed/vitthal1/low-resource-asr/results/lm_ablation/arpa_artifacts/mms/aln/all/lm_4gram.arpa
========================================================================
Saved results to: /mmfs1/gscratch/scrubbed/vitthal1/low-resource-asr/results/lm_ablation/scaling_exp/mms_aln_curated-full_lm.json
Checkpoint source: hf (vitthalbhandari/mms-1b-all-aft-curated-full-aln @ main)
Selection split: test
Greedy test WER:   0.9899
Unigram test WER:  0.9757
Best n-gram test WER: 0.9453
Best params: n=4, alpha=0.5, beta=1.0, beam=100
========================================================================
