==========================================
MMS Scaling LM Decode
  lang=hch  split=curated-full
  output=/mmfs1/gscratch/scrubbed/vitthal1/low-resource-asr/results/lm_ablation/scaling_exp/mms_hch_curated-full_lm.json
==========================================
  ARPA: no MMS ARPA found — using XLSR full-data ARPA (same transcriptions)
  arpa=/mmfs1/gscratch/scrubbed/vitthal1/low-resource-asr/results/lm_ablation/arpa_artifacts/xlsr/hch/all/lm_4gram.arpa

Loading data for hch (Wixárika) split=curated-full...
  Train: /mmfs1/gscratch/scrubbed/vitthal1/low-resource-asr/data/mozilla_speech_data/hch/train-curated-full_hch.tsv
  Val: /mmfs1/gscratch/scrubbed/vitthal1/low-resource-asr/data/mozilla_speech_data/hch/validation_hch.tsv
  Train: 454 samples (3.26 h)
  Validation: 310 samples (0.97 h)
Running greedy predictions...
Running unigram beam baseline...
Running n-gram sweep...
  Using provided ARPA: /mmfs1/gscratch/scrubbed/vitthal1/low-resource-asr/results/lm_ablation/arpa_artifacts/xlsr/hch/all/lm_4gram.arpa
========================================================================
Saved results to: /mmfs1/gscratch/scrubbed/vitthal1/low-resource-asr/results/lm_ablation/scaling_exp/mms_hch_curated-full_lm.json
Checkpoint source: hf (vitthalbhandari/mms-1b-all-aft-curated-full-hch @ main)
Selection split: test
Greedy test WER:   0.7724
Unigram test WER:  0.7577
Best n-gram test WER: 0.6006
Best params: n=4, alpha=0.5, beta=1.0, beam=100
========================================================================
