==========================================
MMS Scaling LM Decode
  lang=kcn  split=2h
  output=/mmfs1/gscratch/scrubbed/vitthal1/low-resource-asr/results/lm_ablation/scaling_exp/mms_kcn_2h_lm.json
==========================================
  ARPA: reusing pre-existing MMS full-data ARPA
  arpa=/mmfs1/gscratch/scrubbed/vitthal1/low-resource-asr/results/lm_ablation/arpa_artifacts/mms/kcn/all/lm_4gram.arpa

Loading data for kcn (Nubi) split=2h...
  Train: /mmfs1/gscratch/scrubbed/vitthal1/low-resource-asr/data/mozilla_speech_data/kcn/train-2h_kcn.tsv
  Val: /mmfs1/gscratch/scrubbed/vitthal1/low-resource-asr/data/mozilla_speech_data/kcn/validation_kcn.tsv
  Train: 279 samples (2.00 h)
  Validation: 152 samples (0.57 h)
Running greedy predictions...
Running unigram beam baseline...
Running n-gram sweep...
  Using provided ARPA: /mmfs1/gscratch/scrubbed/vitthal1/low-resource-asr/results/lm_ablation/arpa_artifacts/mms/kcn/all/lm_4gram.arpa
========================================================================
Saved results to: /mmfs1/gscratch/scrubbed/vitthal1/low-resource-asr/results/lm_ablation/scaling_exp/mms_kcn_2h_lm.json
Checkpoint source: hf (vitthalbhandari/mms-1b-all-aft-2h-kcn @ main)
Selection split: test
Greedy test WER:   0.9989
Unigram test WER:  1.0894
Best n-gram test WER: 1.0621
Best params: n=4, alpha=0.5, beta=1.0, beam=100
========================================================================
