==========================================
MMS Adapter Fine-tuning on HPC
==========================================
Language: ruc  Split: all (task 14 of 21)
Job ID: 33603886 (Array Job: 33600007)
Node: g3109
GPUs: 0
Start time: Mon Mar  2 03:32:32 PST 2026

Checking GPU availability...
CUDA available: True
GPU: NVIDIA L40S

Starting training for ruc (split=all)...
============================================================
MMS Adapter Fine-tuning for ruc (Ruuli) split=all
============================================================
Output directory: /mmfs1/gscratch/scrubbed/anonymous_user/low-resource-asr/models/mms/ruc/all
Device: cuda
Push to HF: True
HF Repo: anonymous/mms-1b-all-aft-all-ruc

Loading data for ruc (Ruuli) split=all...
  Train: /mmfs1/gscratch/scrubbed/anonymous_user/low-resource-asr/data/mozilla_speech_data/ruc/train-all_ruc.tsv
  Val: /mmfs1/gscratch/scrubbed/anonymous_user/low-resource-asr/data/mozilla_speech_data/ruc/validation_ruc.tsv
  Train: 1346 samples (8.30 h)
  Validation: 77 samples (0.27 h)

Building vocabulary...
  Vocabulary saved to /mmfs1/gscratch/scrubbed/anonymous_user/low-resource-asr/models/mms/ruc/all/vocab.json (57 tokens)

Preparing datasets...
  Max audio length from CSV (p97.5 for ruc): 54.37s
  Dropped 27 train, 0 val samples (over 54.37s).

Loading MMS model...
  Trainable parameters: 2,226,747 / 964,724,155 (0.23%)
