==========================================
MMS Adapter Fine-tuning on Hyak
==========================================
Language: top  Split: all (task 18 of 21)
Job ID: 33603996 (Array Job: 33600007)
Node: g3109
GPUs: 0
Start time: Mon Mar  2 03:51:51 PST 2026

Checking GPU availability...
CUDA available: True
GPU: NVIDIA L40S

Starting training for top (split=all)...
============================================================
MMS Adapter Fine-tuning for top (Papantla Totonac) split=all
============================================================
Output directory: /mmfs1/gscratch/scrubbed/vitthal1/low-resource-asr/models/mms/top/all
Device: cuda
Push to HF: True
HF Repo: vitthalbhandari/mms-1b-all-aft-all-top

Loading data for top (Papantla Totonac) split=all...
  Train: /mmfs1/gscratch/scrubbed/vitthal1/low-resource-asr/data/mozilla_speech_data/top/train-all_top.tsv
  Val: /mmfs1/gscratch/scrubbed/vitthal1/low-resource-asr/data/mozilla_speech_data/top/validation_top.tsv
  Train: 189 samples (5.87 h)
  Validation: 59 samples (1.68 h)

Building vocabulary...
  Vocabulary saved to /mmfs1/gscratch/scrubbed/vitthal1/low-resource-asr/models/mms/top/all/vocab.json (74 tokens)

Preparing datasets...
  Max audio length from CSV (p97.5 for top): 253.01s
  Dropped 8 train, 0 val samples (over 253.01s).

Loading MMS model...
  Trainable parameters: 2,248,524 / 964,745,932 (0.23%)
