==========================================
MMS Adapter Fine-tuning on HPC
==========================================
Language: ukv  Split: all (task 20 of 21)
Job ID: 33600007 (Array Job: 33600007)
Node: g3103
GPUs: 0
Start time: Mon Mar  2 03:54:54 PST 2026

Checking GPU availability...
CUDA available: True
GPU: NVIDIA L40S

Starting training for ukv (split=all)...
============================================================
MMS Adapter Fine-tuning for ukv (Kuku) split=all
============================================================
Output directory: /mmfs1/gscratch/scrubbed/anonymous_user/low-resource-asr/models/mms/ukv/all
Device: cuda
Push to HF: True
HF Repo: anonymous/mms-1b-all-aft-all-ukv

Loading data for ukv (Kuku) split=all...
  Train: /mmfs1/gscratch/scrubbed/anonymous_user/low-resource-asr/data/mozilla_speech_data/ukv/train-all_ukv.tsv
  Val: /mmfs1/gscratch/scrubbed/anonymous_user/low-resource-asr/data/mozilla_speech_data/ukv/validation_ukv.tsv
  Train: 1505 samples (7.21 h)
  Validation: 142 samples (0.65 h)

Building vocabulary...
  Vocabulary saved to /mmfs1/gscratch/scrubbed/anonymous_user/low-resource-asr/models/mms/ukv/all/vocab.json (61 tokens)

Preparing datasets...
  Max audio length from CSV (p97.5 for ukv): 33.85s
  Dropped 37 train, 0 val samples (over 33.85s).

Loading MMS model...
  Trainable parameters: 2,231,871 / 964,729,279 (0.23%)

Training configuration:
  Epochs: 15
  Batch size: 2
  Gradient accumulation: 8
  Effective batch size: 16
  Learning rate: 0.001
  FP16: False, BF16: True

Starting training...
{'loss': '89.16', 'grad_norm': '20.01', 'learning_rate': '0.00049', 'epoch': '0.545'}
{'loss': '39.74', 'grad_norm': '13.53', 'learning_rate': '0.00099', 'epoch': '1.087'}
{'eval_loss': '3.783', 'eval_wer': '0.9847', 'eval_cer': '0.8604', 'eval_runtime': '12.73', 'eval_samples_per_second': '11.15', 'eval_steps_per_second': '5.575', 'epoch': '1.087'}
{'loss': '35.42', 'grad_norm': '36.68', 'learning_rate': '0.0009617', 'epoch': '1.632'}
{'loss': '28.85', 'grad_norm': '36.66', 'learning_rate': '0.0009227', 'epoch': '2.174'}
{'eval_loss': '3.265', 'eval_wer': '0.979', 'eval_cer': '0.8918', 'eval_runtime': '13.4', 'eval_samples_per_second': '10.6', 'eval_steps_per_second': '5.297', 'epoch': '2.174'}
{'loss': '29.98', 'grad_norm': '77.11', 'learning_rate': '0.0008836', 'epoch': '2.719'}
{'loss': '26.7', 'grad_norm': '47.5', 'learning_rate': '0.0008445', 'epoch': '3.262'}
{'eval_loss': '3.062', 'eval_wer': '0.9752', 'eval_cer': '0.8758', 'eval_runtime': '14.1', 'eval_samples_per_second': '10.07', 'eval_steps_per_second': '5.037', 'epoch': '3.262'}
{'loss': '22.89', 'grad_norm': '47.03', 'learning_rate': '0.0008055', 'epoch': '3.807'}
{'loss': '12.26', 'grad_norm': '7.532', 'learning_rate': '0.0007664', 'epoch': '4.349'}
{'eval_loss': '0.9477', 'eval_wer': '0.8069', 'eval_cer': '0.2514', 'eval_runtime': '12.9', 'eval_samples_per_second': '11.01', 'eval_steps_per_second': '5.506', 'epoch': '4.349'}
{'loss': '7.848', 'grad_norm': '17.75', 'learning_rate': '0.0007273', 'epoch': '4.894'}
{'loss': '6.924', 'grad_norm': '5.897', 'learning_rate': '0.0006883', 'epoch': '5.436'}
{'eval_loss': '0.7329', 'eval_wer': '0.5972', 'eval_cer': '0.1865', 'eval_runtime': '12.88', 'eval_samples_per_second': '11.03', 'eval_steps_per_second': '5.514', 'epoch': '5.436'}
{'loss': '6.474', 'grad_norm': '33.29', 'learning_rate': '0.0006492', 'epoch': '5.981'}
{'loss': '6.002', 'grad_norm': '33.73', 'learning_rate': '0.0006102', 'epoch': '6.523'}
{'eval_loss': '0.6765', 'eval_wer': '0.5363', 'eval_cer': '0.1688', 'eval_runtime': '12.91', 'eval_samples_per_second': '11', 'eval_steps_per_second': '5.498', 'epoch': '6.523'}
{'loss': '6.276', 'grad_norm': '6.131', 'learning_rate': '0.0005711', 'epoch': '7.065'}
{'loss': '5.892', 'grad_norm': '53.2', 'learning_rate': '0.000532', 'epoch': '7.61'}
{'eval_loss': '0.6418', 'eval_wer': '0.5267', 'eval_cer': '0.1649', 'eval_runtime': '13.05', 'eval_samples_per_second': '10.88', 'eval_steps_per_second': '5.439', 'epoch': '7.61'}
{'loss': '5.526', 'grad_norm': '5.191', 'learning_rate': '0.000493', 'epoch': '8.153'}
{'loss': '5.459', 'grad_norm': '5.09', 'learning_rate': '0.0004539', 'epoch': '8.698'}
{'eval_loss': '0.6228', 'eval_wer': '0.4962', 'eval_cer': '0.1583', 'eval_runtime': '13', 'eval_samples_per_second': '10.92', 'eval_steps_per_second': '5.46', 'epoch': '8.698'}
{'loss': '5.422', 'grad_norm': '6.234', 'learning_rate': '0.0004148', 'epoch': '9.24'}
{'loss': '5.33', 'grad_norm': '3.767', 'learning_rate': '0.0003758', 'epoch': '9.785'}
{'eval_loss': '0.6098', 'eval_wer': '0.4847', 'eval_cer': '0.1543', 'eval_runtime': '13.03', 'eval_samples_per_second': '10.9', 'eval_steps_per_second': '5.449', 'epoch': '9.785'}
{'loss': '5.242', 'grad_norm': '4.452', 'learning_rate': '0.0003367', 'epoch': '10.33'}
{'loss': '5.293', 'grad_norm': '4.8', 'learning_rate': '0.0002977', 'epoch': '10.87'}
{'eval_loss': '0.5975', 'eval_wer': '0.4733', 'eval_cer': '0.1515', 'eval_runtime': '13.06', 'eval_samples_per_second': '10.87', 'eval_steps_per_second': '5.435', 'epoch': '10.87'}
{'loss': '4.964', 'grad_norm': '4.36', 'learning_rate': '0.0002586', 'epoch': '11.41'}
{'loss': '4.976', 'grad_norm': '9.324', 'learning_rate': '0.0002195', 'epoch': '11.96'}
{'eval_loss': '0.5876', 'eval_wer': '0.4742', 'eval_cer': '0.151', 'eval_runtime': '13.11', 'eval_samples_per_second': '10.83', 'eval_steps_per_second': '5.415', 'epoch': '11.96'}
{'loss': '4.962', 'grad_norm': '3.453', 'learning_rate': '0.0001805', 'epoch': '12.5'}
{'loss': '4.983', 'grad_norm': '3.978', 'learning_rate': '0.0001414', 'epoch': '13.04'}
{'eval_loss': '0.5848', 'eval_wer': '0.468', 'eval_cer': '0.1494', 'eval_runtime': '13.06', 'eval_samples_per_second': '10.87', 'eval_steps_per_second': '5.434', 'epoch': '13.04'}
{'loss': '4.997', 'grad_norm': '5.688', 'learning_rate': '0.0001023', 'epoch': '13.59'}
{'loss': '4.858', 'grad_norm': '3.948', 'learning_rate': '6.328e-05', 'epoch': '14.13'}
{'eval_loss': '0.5818', 'eval_wer': '0.4688', 'eval_cer': '0.1497', 'eval_runtime': '13.13', 'eval_samples_per_second': '10.82', 'eval_steps_per_second': '5.409', 'epoch': '14.13'}
{'loss': '4.591', 'grad_norm': '8.215', 'learning_rate': '2.422e-05', 'epoch': '14.68'}
{'train_runtime': '4100', 'train_samples_per_second': '5.371', 'train_steps_per_second': '0.337', 'train_loss': '14.27', 'epoch': '15'}

Saving adapter weights...
  Adapter saved to: /mmfs1/gscratch/scrubbed/anonymous_user/low-resource-asr/models/mms/ukv/all/adapter.ukv.safetensors
  Saving full model...

Final evaluation (validation, greedy):
  Greedy WER: 0.4685
  Greedy CER: 0.1496

Evaluating on test set (greedy)...
  Test WER (greedy): 0.4219
  Test CER (greedy): 0.1328
  Transcriptions saved to: /mmfs1/gscratch/scrubbed/anonymous_user/low-resource-asr/results/transcriptions/transcriptions_mms_ukv_all_20260302_035612.tsv

Building LM decoder...
  LM decoder: beam search with unigrams (no ARPA) (beam_width=100)

Final evaluation (validation, LM decoding)...
  LM WER: 0.4615
  LM CER: 0.1483

Evaluating on test set (LM decoding)...
  Test LM WER: 0.4150
  Test LM CER: 0.1308
  LM transcriptions saved to: /mmfs1/gscratch/scrubbed/anonymous_user/low-resource-asr/results/transcriptions/transcriptions_mms_lm_ukv_all_20260302_035612.tsv
  Results saved to: /mmfs1/gscratch/scrubbed/anonymous_user/low-resource-asr/models/mms/ukv/all/eval_results.json
  Training log saved to: /mmfs1/gscratch/scrubbed/anonymous_user/low-resource-asr/results/training_logs/mms_aft_all_ukv_20260302_035612.log

Pushing to Hugging Face Hub: anonymous/mms-1b-all-aft-all-ukv
  Pushing model...
  Pushing processor...
  Pushing adapter weights...
  Pushing model card...
  Successfully pushed to: https://huggingface.co/anonymous/mms-1b-all-aft-all-ukv

============================================================
Training complete!
============================================================
Model saved to: /mmfs1/gscratch/scrubbed/anonymous_user/low-resource-asr/models/mms/ukv/all
Model pushed to: https://huggingface.co/anonymous/mms-1b-all-aft-all-ukv

==========================================
Training complete for ukv!
End time: Mon Mar  2 05:15:05 PST 2026
==========================================
