==========================================
MMS Adapter Fine-tuning on HPC
==========================================
Language: mmc  Split: all (task 12 of 21)
Job ID: 33603826 (Array Job: 33600007)
Node: g3109
GPUs: 0
Start time: Mon Mar  2 03:19:51 PST 2026

Checking GPU availability...
CUDA available: True
GPU: NVIDIA L40S

Starting training for mmc (split=all)...
============================================================
MMS Adapter Fine-tuning for mmc (Michoacán Mazahua) split=all
============================================================
Output directory: /mmfs1/gscratch/scrubbed/anonymous_user/low-resource-asr/models/mms/mmc/all
Device: cuda
Push to HF: True
HF Repo: anonymous/mms-1b-all-aft-all-mmc

Loading data for mmc (Michoacán Mazahua) split=all...
  Train: /mmfs1/gscratch/scrubbed/anonymous_user/low-resource-asr/data/mozilla_speech_data/mmc/train-all_mmc.tsv
  Val: /mmfs1/gscratch/scrubbed/anonymous_user/low-resource-asr/data/mozilla_speech_data/mmc/validation_mmc.tsv
  Train: 473 samples (7.22 h)
  Validation: 172 samples (1.54 h)

Building vocabulary...
  Vocabulary saved to /mmfs1/gscratch/scrubbed/anonymous_user/low-resource-asr/models/mms/mmc/all/vocab.json (91 tokens)

Preparing datasets...
  Max audio length from CSV (p97.5 for mmc): 144.61s
  Dropped 14 train, 2 val samples (over 144.61s).

Loading MMS model...
  Trainable parameters: 2,270,301 / 964,767,709 (0.24%)
