==========================================
MMS Adapter Fine-tuning on HPC
==========================================
Language: kcn  Split: all (task 6 of 21)
Job ID: 33603713 (Array Job: 33600007)
Node: g3100
GPUs: 0
Start time: Mon Mar  2 02:44:52 PST 2026

Checking GPU availability...
CUDA available: True
GPU: NVIDIA L40S

Starting training for kcn (split=all)...
============================================================
MMS Adapter Fine-tuning for kcn (Nubi) split=all
============================================================
Output directory: /mmfs1/gscratch/scrubbed/anonymous_user/low-resource-asr/models/mms/kcn/all
Device: cuda
Push to HF: True
HF Repo: anonymous/mms-1b-all-aft-all-kcn

Loading data for kcn (Nubi) split=all...
  Train: /mmfs1/gscratch/scrubbed/anonymous_user/low-resource-asr/data/mozilla_speech_data/kcn/train-all_kcn.tsv
  Val: /mmfs1/gscratch/scrubbed/anonymous_user/low-resource-asr/data/mozilla_speech_data/kcn/validation_kcn.tsv
  Train: 1395 samples (7.21 h)
  Validation: 152 samples (0.57 h)

Building vocabulary...
  Vocabulary saved to /mmfs1/gscratch/scrubbed/anonymous_user/low-resource-asr/models/mms/kcn/all/vocab.json (62 tokens)

Preparing datasets...
  Max audio length from CSV (p97.5 for kcn): 50.22s
  Dropped 26 train, 1 val samples (over 50.22s).

Loading MMS model...
  Trainable parameters: 2,233,152 / 964,730,560 (0.23%)

Training configuration:
  Epochs: 15
  Batch size: 2
  Gradient accumulation: 8
  Effective batch size: 16
  Learning rate: 0.001
  FP16: False, BF16: True

Starting training...
{'loss': '99.2', 'grad_norm': '84.36', 'learning_rate': '0.00049', 'epoch': '0.5839'}
{'loss': '39.99', 'grad_norm': '12.17', 'learning_rate': '0.00099', 'epoch': '1.164'}
{'eval_loss': '3.622', 'eval_wer': '0.9917', 'eval_cer': '0.6816', 'eval_runtime': '12.7', 'eval_samples_per_second': '11.89', 'eval_steps_per_second': '5.984', 'epoch': '1.164'}
{'loss': '24.55', 'grad_norm': '83.2', 'learning_rate': '0.0009588', 'epoch': '1.747'}
{'loss': '16.76', 'grad_norm': '12.85', 'learning_rate': '0.0009168', 'epoch': '2.327'}
{'eval_loss': '1.391', 'eval_wer': '0.76', 'eval_cer': '0.2345', 'eval_runtime': '10.85', 'eval_samples_per_second': '13.92', 'eval_steps_per_second': '7.006', 'epoch': '2.327'}
{'loss': '15.17', 'grad_norm': '8.256', 'learning_rate': '0.0008748', 'epoch': '2.911'}
{'loss': '12.84', 'grad_norm': '576.1', 'learning_rate': '0.0008328', 'epoch': '3.491'}
{'eval_loss': '1.097', 'eval_wer': '0.6726', 'eval_cer': '0.2555', 'eval_runtime': '10.88', 'eval_samples_per_second': '13.88', 'eval_steps_per_second': '6.986', 'epoch': '3.491'}
{'loss': '12.09', 'grad_norm': '12.45', 'learning_rate': '0.0007908', 'epoch': '4.07'}
{'loss': '9.83', 'grad_norm': '9.387', 'learning_rate': '0.0007487', 'epoch': '4.654'}
{'eval_loss': '0.8558', 'eval_wer': '0.5643', 'eval_cer': '0.1942', 'eval_runtime': '10.98', 'eval_samples_per_second': '13.75', 'eval_steps_per_second': '6.922', 'epoch': '4.654'}
{'loss': '9.394', 'grad_norm': '82.18', 'learning_rate': '0.0007067', 'epoch': '5.234'}
{'loss': '8.608', 'grad_norm': '7.063', 'learning_rate': '0.0006647', 'epoch': '5.818'}
{'eval_loss': '0.7961', 'eval_wer': '0.5169', 'eval_cer': '0.1828', 'eval_runtime': '10.99', 'eval_samples_per_second': '13.74', 'eval_steps_per_second': '6.916', 'epoch': '5.818'}
{'loss': '7.686', 'grad_norm': '9.138', 'learning_rate': '0.0006227', 'epoch': '6.397'}
{'loss': '7.78', 'grad_norm': '21.5', 'learning_rate': '0.0005807', 'epoch': '6.981'}
{'eval_loss': '0.7742', 'eval_wer': '0.527', 'eval_cer': '0.1868', 'eval_runtime': '10.96', 'eval_samples_per_second': '13.78', 'eval_steps_per_second': '6.935', 'epoch': '6.981'}
{'loss': '7.567', 'grad_norm': '31.85', 'learning_rate': '0.0005387', 'epoch': '7.561'}
{'loss': '7.336', 'grad_norm': '44.8', 'learning_rate': '0.0004966', 'epoch': '8.14'}
{'eval_loss': '0.767', 'eval_wer': '0.4864', 'eval_cer': '0.1717', 'eval_runtime': '11.01', 'eval_samples_per_second': '13.71', 'eval_steps_per_second': '6.902', 'epoch': '8.14'}
{'loss': '7.533', 'grad_norm': '14.04', 'learning_rate': '0.0004546', 'epoch': '8.724'}
{'loss': '6.912', 'grad_norm': '4.856', 'learning_rate': '0.0004126', 'epoch': '9.304'}
{'eval_loss': '0.6881', 'eval_wer': '0.4806', 'eval_cer': '0.1674', 'eval_runtime': '11.07', 'eval_samples_per_second': '13.64', 'eval_steps_per_second': '6.863', 'epoch': '9.304'}
{'loss': '6.629', 'grad_norm': '17.76', 'learning_rate': '0.0003706', 'epoch': '9.888'}
{'loss': '6.389', 'grad_norm': '10.84', 'learning_rate': '0.0003286', 'epoch': '10.47'}
{'eval_loss': '0.661', 'eval_wer': '0.4673', 'eval_cer': '0.1612', 'eval_runtime': '11.05', 'eval_samples_per_second': '13.66', 'eval_steps_per_second': '6.878', 'epoch': '10.47'}
{'loss': '6.707', 'grad_norm': '6.929', 'learning_rate': '0.0002866', 'epoch': '11.05'}
{'loss': '6.344', 'grad_norm': '12.03', 'learning_rate': '0.0002445', 'epoch': '11.63'}
{'eval_loss': '0.6573', 'eval_wer': '0.4572', 'eval_cer': '0.1564', 'eval_runtime': '11.11', 'eval_samples_per_second': '13.59', 'eval_steps_per_second': '6.84', 'epoch': '11.63'}
{'loss': '6.001', 'grad_norm': '76.25', 'learning_rate': '0.0002025', 'epoch': '12.21'}
{'loss': '6.139', 'grad_norm': '5.072', 'learning_rate': '0.0001605', 'epoch': '12.79'}
{'eval_loss': '0.6458', 'eval_wer': '0.4616', 'eval_cer': '0.1587', 'eval_runtime': '11.17', 'eval_samples_per_second': '13.52', 'eval_steps_per_second': '6.807', 'epoch': '12.79'}
{'loss': '6.019', 'grad_norm': '7.362', 'learning_rate': '0.0001185', 'epoch': '13.37'}
{'loss': '5.643', 'grad_norm': '24.06', 'learning_rate': '7.647e-05', 'epoch': '13.96'}
{'eval_loss': '0.6382', 'eval_wer': '0.4554', 'eval_cer': '0.1549', 'eval_runtime': '11.12', 'eval_samples_per_second': '13.58', 'eval_steps_per_second': '6.834', 'epoch': '13.96'}
{'loss': '5.903', 'grad_norm': '9.349', 'learning_rate': '3.445e-05', 'epoch': '14.54'}
{'train_runtime': '4112', 'train_samples_per_second': '4.994', 'train_steps_per_second': '0.314', 'train_loss': '13.7', 'epoch': '15'}

Saving adapter weights...
  Adapter saved to: /mmfs1/gscratch/scrubbed/anonymous_user/low-resource-asr/models/mms/kcn/all/adapter.kcn.safetensors
  Saving full model...

Final evaluation (validation, greedy):
  Greedy WER: 0.4556
  Greedy CER: 0.1547

Evaluating on test set (greedy)...
  Test WER (greedy): 0.6248
  Test CER (greedy): 0.2919
  Transcriptions saved to: /mmfs1/gscratch/scrubbed/anonymous_user/low-resource-asr/results/transcriptions/transcriptions_mms_kcn_all_20260302_024917.tsv

Building LM decoder...
  LM decoder: beam search with unigrams (no ARPA) (beam_width=100)

Final evaluation (validation, LM decoding)...
  LM WER: 0.4485
  LM CER: 0.1492

Evaluating on test set (LM decoding)...
  Test LM WER: 0.6221
  Test LM CER: 0.2875
  LM transcriptions saved to: /mmfs1/gscratch/scrubbed/anonymous_user/low-resource-asr/results/transcriptions/transcriptions_mms_lm_kcn_all_20260302_024917.tsv
  Results saved to: /mmfs1/gscratch/scrubbed/anonymous_user/low-resource-asr/models/mms/kcn/all/eval_results.json
  Training log saved to: /mmfs1/gscratch/scrubbed/anonymous_user/low-resource-asr/results/training_logs/mms_aft_all_kcn_20260302_024917.log

Pushing to Hugging Face Hub: anonymous/mms-1b-all-aft-all-kcn
  Pushing model...
  Pushing processor...
  Pushing adapter weights...
  Pushing model card...
  Successfully pushed to: https://huggingface.co/anonymous/mms-1b-all-aft-all-kcn

============================================================
Training complete!
============================================================
Model saved to: /mmfs1/gscratch/scrubbed/anonymous_user/low-resource-asr/models/mms/kcn/all
Model pushed to: https://huggingface.co/anonymous/mms-1b-all-aft-all-kcn

==========================================
Training complete for kcn!
End time: Mon Mar  2 04:08:42 PST 2026
==========================================
