==========================================
MMS Adapter Fine-tuning on HPC
==========================================
Language: rwm  Split: all
Job ID: 33620665
Node: g3117
GPUs: 0
Start time: Tue Mar  3 10:56:56 PST 2026

Checking GPU availability...
CUDA available: True
GPU: NVIDIA L40

Starting training for rwm (split=all)...
============================================================
MMS Adapter Fine-tuning for rwm (Amba) split=all
============================================================
Output directory: /mmfs1/gscratch/scrubbed/anonymous_user/low-resource-asr/models/mms/rwm/all
Device: cuda
Push to HF: True
HF Repo: anonymous/mms-1b-all-aft-all-rwm

Loading data for rwm (Amba) split=all...
  Train: /mmfs1/gscratch/scrubbed/anonymous_user/low-resource-asr/data/mozilla_speech_data/rwm/train-all_rwm.tsv
  Val: /mmfs1/gscratch/scrubbed/anonymous_user/low-resource-asr/data/mozilla_speech_data/rwm/validation_rwm.tsv
  Train: 1326 samples (7.56 h)
  Validation: 140 samples (0.77 h)

Building vocabulary...
  Vocabulary saved to /mmfs1/gscratch/scrubbed/anonymous_user/low-resource-asr/models/mms/rwm/all/vocab.json (57 tokens)

Preparing datasets...
  Max audio length from CSV (p97.5 for rwm): 36.59s
  Dropped 40 train, 1 val samples (over 36.59s).

Loading MMS model...
  Trainable parameters: 2,226,747 / 964,724,155 (0.23%)

Training configuration:
  Epochs: 15
  Batch size: 2
  Gradient accumulation: 8
  Effective batch size: 16
  Learning rate: 0.001
  FP16: False, BF16: True

Starting training...
{'loss': '87.34', 'grad_norm': '39.53', 'learning_rate': '0.00049', 'epoch': '0.6221'}
{'loss': '30.7', 'grad_norm': '36.6', 'learning_rate': '0.00099', 'epoch': '1.236'}
{'eval_loss': '6.044', 'eval_wer': '0.996', 'eval_cer': '0.8061', 'eval_runtime': '15.58', 'eval_samples_per_second': '8.923', 'eval_steps_per_second': '4.494', 'epoch': '1.236'}
{'loss': '27.92', 'grad_norm': '65.73', 'learning_rate': '0.0009561', 'epoch': '1.858'}
{'loss': '25.11', 'grad_norm': '26.06', 'learning_rate': '0.0009112', 'epoch': '2.473'}
{'eval_loss': '4.611', 'eval_wer': '1.008', 'eval_cer': '0.8175', 'eval_runtime': '19.36', 'eval_samples_per_second': '7.181', 'eval_steps_per_second': '3.616', 'epoch': '2.473'}
{'loss': '21.8', 'grad_norm': '25.91', 'learning_rate': '0.0008664', 'epoch': '3.087'}
{'loss': '16.99', 'grad_norm': '23.1', 'learning_rate': '0.0008215', 'epoch': '3.709'}
{'eval_loss': '1.382', 'eval_wer': '0.9379', 'eval_cer': '0.3597', 'eval_runtime': '14.85', 'eval_samples_per_second': '9.359', 'eval_steps_per_second': '4.713', 'epoch': '3.709'}
{'loss': '9.102', 'grad_norm': '17.84', 'learning_rate': '0.0007767', 'epoch': '4.323'}
{'loss': '8.417', 'grad_norm': '6.184', 'learning_rate': '0.0007318', 'epoch': '4.946'}
{'eval_loss': '1.216', 'eval_wer': '0.818', 'eval_cer': '0.2844', 'eval_runtime': '14.63', 'eval_samples_per_second': '9.501', 'eval_steps_per_second': '4.784', 'epoch': '4.946'}
{'loss': '7.48', 'grad_norm': '4', 'learning_rate': '0.000687', 'epoch': '5.56'}
{'loss': '7.66', 'grad_norm': '11.12', 'learning_rate': '0.0006422', 'epoch': '6.174'}
{'eval_loss': '1.148', 'eval_wer': '0.7619', 'eval_cer': '0.2734', 'eval_runtime': '14.74', 'eval_samples_per_second': '9.433', 'eval_steps_per_second': '4.75', 'epoch': '6.174'}
{'loss': '7.059', 'grad_norm': '5.035', 'learning_rate': '0.0005973', 'epoch': '6.796'}
{'loss': '7.243', 'grad_norm': '14.8', 'learning_rate': '0.0005525', 'epoch': '7.411'}
{'eval_loss': '1.119', 'eval_wer': '0.7222', 'eval_cer': '0.2608', 'eval_runtime': '14.77', 'eval_samples_per_second': '9.408', 'eval_steps_per_second': '4.738', 'epoch': '7.411'}
{'loss': '6.85', 'grad_norm': '7.275', 'learning_rate': '0.0005076', 'epoch': '8.025'}
{'loss': '6.904', 'grad_norm': '12.77', 'learning_rate': '0.0004628', 'epoch': '8.647'}
{'eval_loss': '1.037', 'eval_wer': '0.7146', 'eval_cer': '0.262', 'eval_runtime': '14.74', 'eval_samples_per_second': '9.431', 'eval_steps_per_second': '4.75', 'epoch': '8.647'}
{'loss': '6.629', 'grad_norm': '5.542', 'learning_rate': '0.0004179', 'epoch': '9.261'}
{'loss': '6.651', 'grad_norm': '10.65', 'learning_rate': '0.0003731', 'epoch': '9.883'}
{'eval_loss': '1.043', 'eval_wer': '0.6967', 'eval_cer': '0.2526', 'eval_runtime': '14.8', 'eval_samples_per_second': '9.393', 'eval_steps_per_second': '4.73', 'epoch': '9.883'}
{'loss': '6.364', 'grad_norm': '18.17', 'learning_rate': '0.0003283', 'epoch': '10.5'}
{'loss': '6.477', 'grad_norm': '5.745', 'learning_rate': '0.0002834', 'epoch': '11.11'}
{'eval_loss': '1.027', 'eval_wer': '0.6817', 'eval_cer': '0.2481', 'eval_runtime': '14.81', 'eval_samples_per_second': '9.385', 'eval_steps_per_second': '4.726', 'epoch': '11.11'}
{'loss': '6.227', 'grad_norm': '5.298', 'learning_rate': '0.0002386', 'epoch': '11.73'}
{'loss': '6.335', 'grad_norm': '23.68', 'learning_rate': '0.0001937', 'epoch': '12.35'}
{'eval_loss': '1.023', 'eval_wer': '0.6712', 'eval_cer': '0.2466', 'eval_runtime': '17.47', 'eval_samples_per_second': '7.955', 'eval_steps_per_second': '4.006', 'epoch': '12.35'}
{'loss': '6.215', 'grad_norm': '7.89', 'learning_rate': '0.0001489', 'epoch': '12.97'}
{'loss': '5.949', 'grad_norm': '23.47', 'learning_rate': '0.000104', 'epoch': '13.58'}
{'eval_loss': '1.041', 'eval_wer': '0.6593', 'eval_cer': '0.2434', 'eval_runtime': '17.59', 'eval_samples_per_second': '7.904', 'eval_steps_per_second': '3.98', 'epoch': '13.58'}
{'loss': '6.15', 'grad_norm': '8.047', 'learning_rate': '5.919e-05', 'epoch': '14.2'}
{'loss': '6.077', 'grad_norm': '10.67', 'learning_rate': '1.435e-05', 'epoch': '14.82'}
{'eval_loss': '1.019', 'eval_wer': '0.6565', 'eval_cer': '0.2421', 'eval_runtime': '18.02', 'eval_samples_per_second': '7.716', 'eval_steps_per_second': '3.886', 'epoch': '14.82'}
{'train_runtime': '4365', 'train_samples_per_second': '4.419', 'train_steps_per_second': '0.278', 'train_loss': '13.8', 'epoch': '15'}

Saving adapter weights...
  Adapter saved to: /mmfs1/gscratch/scrubbed/anonymous_user/low-resource-asr/models/mms/rwm/all/adapter.rwm.safetensors
  Saving full model...

Final evaluation (validation, greedy):
  Greedy WER: 0.6562
  Greedy CER: 0.2420

Evaluating on test set (greedy)...
  Test WER (greedy): 0.6035
  Test CER (greedy): 0.1970
  Transcriptions saved to: /mmfs1/gscratch/scrubbed/anonymous_user/low-resource-asr/results/transcriptions/transcriptions_mms_rwm_all_20260303_105924.tsv

Building LM decoder...
  LM decoder: beam search with unigrams (no ARPA) (beam_width=100)

Final evaluation (validation, LM decoding)...
  LM WER: 0.6514
  LM CER: 0.2413

Evaluating on test set (LM decoding)...
  Test LM WER: 0.5941
  Test LM CER: 0.1953
  LM transcriptions saved to: /mmfs1/gscratch/scrubbed/anonymous_user/low-resource-asr/results/transcriptions/transcriptions_mms_lm_rwm_all_20260303_105924.tsv
  Results saved to: /mmfs1/gscratch/scrubbed/anonymous_user/low-resource-asr/models/mms/rwm/all/eval_results.json
  Training log saved to: /mmfs1/gscratch/scrubbed/anonymous_user/low-resource-asr/results/training_logs/mms_aft_all_rwm_20260303_105924.log

Pushing to Hugging Face Hub: anonymous/mms-1b-all-aft-all-rwm
  Pushing model...
  Pushing processor...
  Pushing adapter weights...
  Pushing model card...
  Successfully pushed to: https://huggingface.co/anonymous/mms-1b-all-aft-all-rwm

============================================================
Training complete!
============================================================
Model saved to: /mmfs1/gscratch/scrubbed/anonymous_user/low-resource-asr/models/mms/rwm/all
Model pushed to: https://huggingface.co/anonymous/mms-1b-all-aft-all-rwm

==========================================
Training complete!
End time: Tue Mar  3 12:23:10 PST 2026
==========================================
