==========================================
MMS Adapter Fine-tuning on HPC
==========================================
Language: ttj  Split: all (task 19 of 21)
Job ID: 33604001 (Array Job: 33600007)
Node: g3109
GPUs: 0
Start time: Mon Mar  2 03:54:24 PST 2026

Checking GPU availability...
CUDA available: True
GPU: NVIDIA L40S

Starting training for ttj (split=all)...
============================================================
MMS Adapter Fine-tuning for ttj (Rutoro) split=all
============================================================
Output directory: /mmfs1/gscratch/scrubbed/anonymous_user/low-resource-asr/models/mms/ttj/all
Device: cuda
Push to HF: True
HF Repo: anonymous/mms-1b-all-aft-all-ttj

Loading data for ttj (Rutoro) split=all...
  Train: /mmfs1/gscratch/scrubbed/anonymous_user/low-resource-asr/data/mozilla_speech_data/ttj/train-all_ttj.tsv
  Val: /mmfs1/gscratch/scrubbed/anonymous_user/low-resource-asr/data/mozilla_speech_data/ttj/validation_ttj.tsv
  Train: 1436 samples (7.26 h)
  Validation: 156 samples (0.92 h)

Building vocabulary...
  Vocabulary saved to /mmfs1/gscratch/scrubbed/anonymous_user/low-resource-asr/models/mms/ttj/all/vocab.json (58 tokens)

Preparing datasets...
  Max audio length from CSV (p97.5 for ttj): 32.31s
  Dropped 11 train, 8 val samples (over 32.31s).

Loading MMS model...
  Trainable parameters: 2,228,028 / 964,725,436 (0.23%)
