==========================================
MMS Adapter Fine-tuning on HPC
==========================================
Language: tob  Split: all (task 17 of 21)
Job ID: 33603993 (Array Job: 33600007)
Node: g3109
GPUs: 0
Start time: Mon Mar  2 03:47:47 PST 2026

Checking GPU availability...
CUDA available: True
GPU: NVIDIA L40S

Starting training for tob (split=all)...
============================================================
MMS Adapter Fine-tuning for tob (Toba Qom) split=all
============================================================
Output directory: /mmfs1/gscratch/scrubbed/anonymous_user/low-resource-asr/models/mms/tob/all
Device: cuda
Push to HF: True
HF Repo: anonymous/mms-1b-all-aft-all-tob

Loading data for tob (Toba Qom) split=all...
  Train: /mmfs1/gscratch/scrubbed/anonymous_user/low-resource-asr/data/mozilla_speech_data/tob/train-all_tob.tsv
  Val: /mmfs1/gscratch/scrubbed/anonymous_user/low-resource-asr/data/mozilla_speech_data/tob/validation_tob.tsv
  Train: 836 samples (4.67 h)
  Validation: 306 samples (1.99 h)

Building vocabulary...
  Vocabulary saved to /mmfs1/gscratch/scrubbed/anonymous_user/low-resource-asr/models/mms/tob/all/vocab.json (74 tokens)

Preparing datasets...
  Max audio length from CSV (p97.5 for tob): 59.55s
  Dropped 17 train, 12 val samples (over 59.55s).

Loading MMS model...
  Trainable parameters: 2,248,524 / 964,745,932 (0.23%)
