==========================================
MMS Adapter Fine-tuning on HPC
==========================================
Language: rwm  Split: all (task 15 of 21)
Job ID: 33603955 (Array Job: 33600007)
Node: g3109
GPUs: 0
Start time: Mon Mar  2 03:38:07 PST 2026

Checking GPU availability...
CUDA available: True
GPU: NVIDIA L40S

Starting training for rwm (split=all)...
============================================================
MMS Adapter Fine-tuning for rwm (Amba) split=all
============================================================
Output directory: /mmfs1/gscratch/scrubbed/anonymous_user/low-resource-asr/models/mms/rwm/all
Device: cuda
Push to HF: True
HF Repo: anonymous/mms-1b-all-aft-all-rwm

Loading data for rwm (Amba) split=all...
  Train: /mmfs1/gscratch/scrubbed/anonymous_user/low-resource-asr/data/mozilla_speech_data/rwm/train-all_rwm.tsv
  Val: /mmfs1/gscratch/scrubbed/anonymous_user/low-resource-asr/data/mozilla_speech_data/rwm/validation_rwm.tsv
  Train: 1326 samples (7.56 h)
  Validation: 140 samples (0.77 h)

Building vocabulary...
  Vocabulary saved to /mmfs1/gscratch/scrubbed/anonymous_user/low-resource-asr/models/mms/rwm/all/vocab.json (57 tokens)

Preparing datasets...
  Max audio length from CSV (p97.5 for rwm): 36.59s
  Dropped 40 train, 1 val samples (over 36.59s).

Loading MMS model...
  Trainable parameters: 2,226,747 / 964,724,155 (0.23%)
