==========================================
MMS Adapter Fine-tuning on HPC
==========================================
Language: ruc  Split: all (task 14 of 21)
Job ID: 33591130 (Array Job: 33589036)
Node: g3103
GPUs: 0
Start time: Sun Mar  1 12:25:57 PST 2026

Checking GPU availability...
CUDA available: True
GPU: NVIDIA L40S

Starting training for ruc (split=all)...
============================================================
MMS Adapter Fine-tuning for ruc (Ruuli) split=all
============================================================
Output directory: /mmfs1/gscratch/scrubbed/anonymous_user/low-resource-asr/models/mms/ruc/all
Device: cuda
Push to HF: True
HF Repo: anonymous/mms-1b-all-aft-all-ruc

Loading data for ruc (Ruuli) split=all...
  Train: /mmfs1/gscratch/scrubbed/anonymous_user/low-resource-asr/data/mozilla_speech_data/ruc/train-all_ruc.tsv
  Val: /mmfs1/gscratch/scrubbed/anonymous_user/low-resource-asr/data/mozilla_speech_data/ruc/validation_ruc.tsv
  Train: 1346 samples (8.30 h)
  Validation: 77 samples (0.27 h)

Building vocabulary...
  Vocabulary saved to /mmfs1/gscratch/scrubbed/anonymous_user/low-resource-asr/models/mms/ruc/all/vocab.json (57 tokens)

Preparing datasets...
  Max audio length from CSV (p97.5 for ruc): 54.37s
  Dropped 27 train, 0 val samples (over 54.37s).

Loading MMS model...
  Trainable parameters: 2,226,747 / 964,724,155 (0.23%)

Training configuration:
  Epochs: 15
  Batch size: 2
  Gradient accumulation: 8
  Effective batch size: 16
  Learning rate: 0.0001
  FP16: False, BF16: True

Starting training...
{'loss': '120.8', 'grad_norm': '486.1', 'learning_rate': '4.9e-05', 'epoch': '0.6061'}
{'loss': '58.63', 'grad_norm': '46.05', 'learning_rate': '9.9e-05', 'epoch': '1.206'}
{'eval_loss': '4.975', 'eval_wer': '1', 'eval_cer': '0.9941', 'eval_runtime': '7.125', 'eval_samples_per_second': '10.81', 'eval_steps_per_second': '5.474', 'epoch': '1.206'}
{'loss': '42.2', 'grad_norm': '12.33', 'learning_rate': '9.572e-05', 'epoch': '1.812'}
{'loss': '37.53', 'grad_norm': '34.69', 'learning_rate': '9.135e-05', 'epoch': '2.412'}
{'eval_loss': '4.288', 'eval_wer': '1.003', 'eval_cer': '0.8651', 'eval_runtime': '5.324', 'eval_samples_per_second': '14.46', 'eval_steps_per_second': '7.326', 'epoch': '2.412'}
{'loss': '35.56', 'grad_norm': '26.23', 'learning_rate': '8.699e-05', 'epoch': '3.012'}
{'loss': '31.9', 'grad_norm': '21.02', 'learning_rate': '8.262e-05', 'epoch': '3.618'}
{'eval_loss': '3.719', 'eval_wer': '1.025', 'eval_cer': '0.8043', 'eval_runtime': '5.362', 'eval_samples_per_second': '14.36', 'eval_steps_per_second': '7.273', 'epoch': '3.618'}
{'loss': '29.93', 'grad_norm': '23.35', 'learning_rate': '7.825e-05', 'epoch': '4.218'}
{'loss': '28.35', 'grad_norm': '14.42', 'learning_rate': '7.389e-05', 'epoch': '4.824'}
{'eval_loss': '3.527', 'eval_wer': '1.031', 'eval_cer': '0.7976', 'eval_runtime': '5.309', 'eval_samples_per_second': '14.5', 'eval_steps_per_second': '7.346', 'epoch': '4.824'}
{'loss': '27.33', 'grad_norm': '19.14', 'learning_rate': '6.952e-05', 'epoch': '5.424'}
{'loss': '27.5', 'grad_norm': '26.19', 'learning_rate': '6.515e-05', 'epoch': '6.024'}
{'eval_loss': '3.371', 'eval_wer': '0.9989', 'eval_cer': '0.9117', 'eval_runtime': '12.56', 'eval_samples_per_second': '6.132', 'eval_steps_per_second': '3.106', 'epoch': '6.024'}
{'loss': '26.06', 'grad_norm': '16.1', 'learning_rate': '6.079e-05', 'epoch': '6.63'}
{'loss': '25.82', 'grad_norm': '15.49', 'learning_rate': '5.642e-05', 'epoch': '7.23'}
{'eval_loss': '3.242', 'eval_wer': '1', 'eval_cer': '0.9466', 'eval_runtime': '12.24', 'eval_samples_per_second': '6.292', 'eval_steps_per_second': '3.187', 'epoch': '7.23'}
{'loss': '25.54', 'grad_norm': '19.27', 'learning_rate': '5.205e-05', 'epoch': '7.836'}
{'loss': '25.81', 'grad_norm': '18.41', 'learning_rate': '4.769e-05', 'epoch': '8.436'}
{'eval_loss': '3.178', 'eval_wer': '1', 'eval_cer': '0.9578', 'eval_runtime': '12.42', 'eval_samples_per_second': '6.201', 'eval_steps_per_second': '3.141', 'epoch': '8.436'}
{'loss': '25.02', 'grad_norm': '14.06', 'learning_rate': '4.332e-05', 'epoch': '9.036'}
{'loss': '25.1', 'grad_norm': '19.61', 'learning_rate': '3.895e-05', 'epoch': '9.642'}
{'eval_loss': '3.161', 'eval_wer': '1', 'eval_cer': '0.9639', 'eval_runtime': '8.255', 'eval_samples_per_second': '9.328', 'eval_steps_per_second': '4.724', 'epoch': '9.642'}
{'loss': '25.94', 'grad_norm': '159.3', 'learning_rate': '3.459e-05', 'epoch': '10.24'}
{'loss': '23.97', 'grad_norm': '12.33', 'learning_rate': '3.022e-05', 'epoch': '10.85'}
{'eval_loss': '3.123', 'eval_wer': '0.9994', 'eval_cer': '0.9572', 'eval_runtime': '7.575', 'eval_samples_per_second': '10.16', 'eval_steps_per_second': '5.148', 'epoch': '10.85'}
{'loss': '24.38', 'grad_norm': '20.63', 'learning_rate': '2.585e-05', 'epoch': '11.45'}
{'loss': '24.94', 'grad_norm': '19.34', 'learning_rate': '2.148e-05', 'epoch': '12.05'}
{'eval_loss': '3.081', 'eval_wer': '0.9994', 'eval_cer': '0.9521', 'eval_runtime': '8.733', 'eval_samples_per_second': '8.817', 'eval_steps_per_second': '4.466', 'epoch': '12.05'}
{'loss': '24.74', 'grad_norm': '20.28', 'learning_rate': '1.712e-05', 'epoch': '12.65'}
{'loss': '24.73', 'grad_norm': '12.03', 'learning_rate': '1.275e-05', 'epoch': '13.25'}
{'eval_loss': '3.08', 'eval_wer': '0.9989', 'eval_cer': '0.95', 'eval_runtime': '8.135', 'eval_samples_per_second': '9.465', 'eval_steps_per_second': '4.794', 'epoch': '13.25'}
{'loss': '24.44', 'grad_norm': '12.86', 'learning_rate': '8.384e-06', 'epoch': '13.86'}
{'loss': '24.78', 'grad_norm': '11.2', 'learning_rate': '4.017e-06', 'epoch': '14.46'}
{'eval_loss': '3.056', 'eval_wer': '0.9989', 'eval_cer': '0.9486', 'eval_runtime': '8.107', 'eval_samples_per_second': '9.498', 'eval_steps_per_second': '4.811', 'epoch': '14.46'}
{'train_runtime': '4272', 'train_samples_per_second': '4.631', 'train_steps_per_second': '0.291', 'train_loss': '32.65', 'epoch': '15'}

Saving adapter weights...
  Adapter saved to: /mmfs1/gscratch/scrubbed/anonymous_user/low-resource-asr/models/mms/ruc/all/adapter.ruc.safetensors
  Saving full model...

Final evaluation (validation, greedy):
  Greedy WER: 0.9983
  Greedy CER: 0.9496

Evaluating on test set (greedy)...
  Test WER (greedy): 0.9997
  Test CER (greedy): 0.9424
  Transcriptions saved to: /mmfs1/gscratch/scrubbed/anonymous_user/low-resource-asr/results/transcriptions/transcriptions_mms_ruc_all_20260301_122711.tsv

Building LM decoder...
  LM decoder: beam search with unigrams (no ARPA) (beam_width=100)

Final evaluation (validation, LM decoding)...
  LM WER: 1.0875
  LM CER: 0.7692

Evaluating on test set (LM decoding)...
  Test LM WER: 1.1028
  Test LM CER: 0.7563
  LM transcriptions saved to: /mmfs1/gscratch/scrubbed/anonymous_user/low-resource-asr/results/transcriptions/transcriptions_mms_lm_ruc_all_20260301_122711.tsv
  Results saved to: /mmfs1/gscratch/scrubbed/anonymous_user/low-resource-asr/models/mms/ruc/all/eval_results.json
  Training log saved to: /mmfs1/gscratch/scrubbed/anonymous_user/low-resource-asr/results/training_logs/mms_aft_all_ruc_20260301_122711.log

Pushing to Hugging Face Hub: anonymous/mms-1b-all-aft-all-ruc
  Pushing model...
  Pushing processor...
  Pushing adapter weights...
  Pushing model card...
  Successfully pushed to: https://huggingface.co/anonymous/mms-1b-all-aft-all-ruc

============================================================
Training complete!
============================================================
Model saved to: /mmfs1/gscratch/scrubbed/anonymous_user/low-resource-asr/models/mms/ruc/all
Model pushed to: https://huggingface.co/anonymous/mms-1b-all-aft-all-ruc

==========================================
Training complete for ruc!
End time: Sun Mar  1 13:50:00 PST 2026
==========================================
