==========================================
MMS Adapter Fine-tuning on HPC
==========================================
Language: led  Split: all (task 8 of 21)
Job ID: 33589968 (Array Job: 33589036)
Node: g3103
GPUs: 0
Start time: Sun Mar  1 10:57:13 PST 2026

Checking GPU availability...
CUDA available: True
GPU: NVIDIA L40S

Starting training for led (split=all)...
============================================================
MMS Adapter Fine-tuning for led (Lendu) split=all
============================================================
Output directory: /mmfs1/gscratch/scrubbed/anonymous_user/low-resource-asr/models/mms/led/all
Device: cuda
Push to HF: True
HF Repo: anonymous/mms-1b-all-aft-all-led

Loading data for led (Lendu) split=all...
  Train: /mmfs1/gscratch/scrubbed/anonymous_user/low-resource-asr/data/mozilla_speech_data/led/train-all_led.tsv
  Val: /mmfs1/gscratch/scrubbed/anonymous_user/low-resource-asr/data/mozilla_speech_data/led/validation_led.tsv
  Train: 1491 samples (7.84 h)
  Validation: 104 samples (0.56 h)

Building vocabulary...
  Vocabulary saved to /mmfs1/gscratch/scrubbed/anonymous_user/low-resource-asr/models/mms/led/all/vocab.json (88 tokens)

Preparing datasets...
  Max audio length from CSV (p97.5 for led): 26.64s
  Dropped 30 train, 3 val samples (over 26.64s).

Loading MMS model...
  Trainable parameters: 2,266,458 / 964,763,866 (0.23%)

Training configuration:
  Epochs: 15
  Batch size: 2
  Gradient accumulation: 8
  Effective batch size: 16
  Learning rate: 0.0001
  FP16: False, BF16: True

Starting training...
{'loss': '168.5', 'grad_norm': '660.9', 'learning_rate': '4.9e-05', 'epoch': '0.5472'}
{'loss': '82.14', 'grad_norm': '40.39', 'learning_rate': '9.9e-05', 'epoch': '1.088'}
{'eval_loss': '8.253', 'eval_wer': '0.9997', 'eval_cer': '0.9941', 'eval_runtime': '10.53', 'eval_samples_per_second': '9.589', 'eval_steps_per_second': '4.842', 'epoch': '1.088'}
{'loss': '48.81', 'grad_norm': '34.71', 'learning_rate': '9.617e-05', 'epoch': '1.635'}
{'loss': '49.27', 'grad_norm': '64.78', 'learning_rate': '9.227e-05', 'epoch': '2.175'}
{'eval_loss': '7.382', 'eval_wer': '1.013', 'eval_cer': '0.9196', 'eval_runtime': '10.31', 'eval_samples_per_second': '9.799', 'eval_steps_per_second': '4.948', 'epoch': '2.175'}
{'loss': '44.88', 'grad_norm': '274.2', 'learning_rate': '8.836e-05', 'epoch': '2.722'}
{'loss': '44.7', 'grad_norm': '33.51', 'learning_rate': '8.445e-05', 'epoch': '3.263'}
{'eval_loss': '7.082', 'eval_wer': '1.003', 'eval_cer': '0.9276', 'eval_runtime': '10.27', 'eval_samples_per_second': '9.839', 'eval_steps_per_second': '4.968', 'epoch': '3.263'}
{'loss': '44.75', 'grad_norm': '82.91', 'learning_rate': '8.055e-05', 'epoch': '3.81'}
{'loss': '41.02', 'grad_norm': '92.82', 'learning_rate': '7.664e-05', 'epoch': '4.35'}
{'eval_loss': '7.015', 'eval_wer': '0.9959', 'eval_cer': '0.9058', 'eval_runtime': '10.32', 'eval_samples_per_second': '9.788', 'eval_steps_per_second': '4.943', 'epoch': '4.35'}
{'loss': '41.69', 'grad_norm': '72.26', 'learning_rate': '7.273e-05', 'epoch': '4.897'}
{'loss': '41.91', 'grad_norm': '31.1', 'learning_rate': '6.883e-05', 'epoch': '5.438'}
{'eval_loss': '6.919', 'eval_wer': '0.9878', 'eval_cer': '0.9058', 'eval_runtime': '10.33', 'eval_samples_per_second': '9.773', 'eval_steps_per_second': '4.935', 'epoch': '5.438'}
{'loss': '42.79', 'grad_norm': '67.73', 'learning_rate': '6.492e-05', 'epoch': '5.985'}
{'loss': '41.96', 'grad_norm': '26.24', 'learning_rate': '6.102e-05', 'epoch': '6.525'}
{'eval_loss': '6.692', 'eval_wer': '0.9946', 'eval_cer': '0.896', 'eval_runtime': '10.28', 'eval_samples_per_second': '9.828', 'eval_steps_per_second': '4.962', 'epoch': '6.525'}
{'loss': '39.16', 'grad_norm': '52.68', 'learning_rate': '5.711e-05', 'epoch': '7.066'}
{'loss': '40.71', 'grad_norm': '23.23', 'learning_rate': '5.32e-05', 'epoch': '7.613'}
{'eval_loss': '6.516', 'eval_wer': '0.9957', 'eval_cer': '0.888', 'eval_runtime': '12.94', 'eval_samples_per_second': '7.804', 'eval_steps_per_second': '3.94', 'epoch': '7.613'}
{'loss': '38.78', 'grad_norm': '50.8', 'learning_rate': '4.93e-05', 'epoch': '8.153'}
{'loss': '39.9', 'grad_norm': '311', 'learning_rate': '4.539e-05', 'epoch': '8.7'}
{'eval_loss': '6.684', 'eval_wer': '0.9954', 'eval_cer': '0.8901', 'eval_runtime': '13.95', 'eval_samples_per_second': '7.239', 'eval_steps_per_second': '3.656', 'epoch': '8.7'}
{'loss': '38.4', 'grad_norm': '401', 'learning_rate': '4.148e-05', 'epoch': '9.241'}
{'loss': '37.67', 'grad_norm': '21.8', 'learning_rate': '3.758e-05', 'epoch': '9.788'}
{'eval_loss': '6.308', 'eval_wer': '0.9927', 'eval_cer': '0.8853', 'eval_runtime': '15.49', 'eval_samples_per_second': '6.522', 'eval_steps_per_second': '3.293', 'epoch': '9.788'}
{'loss': '36.77', 'grad_norm': '34.46', 'learning_rate': '3.367e-05', 'epoch': '10.33'}
{'loss': '37.76', 'grad_norm': '131.8', 'learning_rate': '2.977e-05', 'epoch': '10.88'}
{'eval_loss': '6.525', 'eval_wer': '0.9889', 'eval_cer': '0.8822', 'eval_runtime': '13.82', 'eval_samples_per_second': '7.306', 'eval_steps_per_second': '3.689', 'epoch': '10.88'}
{'loss': '37.82', 'grad_norm': '181.3', 'learning_rate': '2.586e-05', 'epoch': '11.42'}
{'loss': '38.11', 'grad_norm': '874.6', 'learning_rate': '2.195e-05', 'epoch': '11.96'}
{'eval_loss': '6.174', 'eval_wer': '0.9897', 'eval_cer': '0.8864', 'eval_runtime': '13.3', 'eval_samples_per_second': '7.595', 'eval_steps_per_second': '3.835', 'epoch': '11.96'}
{'loss': '37.5', 'grad_norm': '22.89', 'learning_rate': '1.805e-05', 'epoch': '12.5'}
{'loss': '35.7', 'grad_norm': '14.19', 'learning_rate': '1.414e-05', 'epoch': '13.04'}
{'eval_loss': '5.994', 'eval_wer': '0.9875', 'eval_cer': '0.89', 'eval_runtime': '12.66', 'eval_samples_per_second': '7.975', 'eval_steps_per_second': '4.027', 'epoch': '13.04'}
{'loss': '36.35', 'grad_norm': '221.6', 'learning_rate': '1.023e-05', 'epoch': '13.59'}
{'loss': '35.66', 'grad_norm': '30.69', 'learning_rate': '6.328e-06', 'epoch': '14.13'}
{'eval_loss': '6.1', 'eval_wer': '0.9894', 'eval_cer': '0.8842', 'eval_runtime': '13.68', 'eval_samples_per_second': '7.384', 'eval_steps_per_second': '3.728', 'epoch': '14.13'}
{'loss': '36.82', 'grad_norm': '27.97', 'learning_rate': '2.422e-06', 'epoch': '14.68'}
{'train_runtime': '4148', 'train_samples_per_second': '5.283', 'train_steps_per_second': '0.333', 'train_loss': '46.47', 'epoch': '15'}

Saving adapter weights...
  Adapter saved to: /mmfs1/gscratch/scrubbed/anonymous_user/low-resource-asr/models/mms/led/all/adapter.led.safetensors
  Saving full model...

Final evaluation (validation, greedy):
  Greedy WER: 0.9886
  Greedy CER: 0.8897

Evaluating on test set (greedy)...
  Test WER (greedy): 0.9846
  Test CER (greedy): 0.8517
  Transcriptions saved to: /mmfs1/gscratch/scrubbed/anonymous_user/low-resource-asr/results/transcriptions/transcriptions_mms_led_all_20260301_105746.tsv

Building LM decoder...
  LM decoder: beam search with unigrams (no ARPA) (beam_width=100)

Final evaluation (validation, LM decoding)...
  LM WER: 1.1716
  LM CER: 0.7695

Evaluating on test set (LM decoding)...
  Test LM WER: 1.1220
  Test LM CER: 0.7317
  LM transcriptions saved to: /mmfs1/gscratch/scrubbed/anonymous_user/low-resource-asr/results/transcriptions/transcriptions_mms_lm_led_all_20260301_105746.tsv
  Results saved to: /mmfs1/gscratch/scrubbed/anonymous_user/low-resource-asr/models/mms/led/all/eval_results.json
  Training log saved to: /mmfs1/gscratch/scrubbed/anonymous_user/low-resource-asr/results/training_logs/mms_aft_all_led_20260301_105746.log

Pushing to Hugging Face Hub: anonymous/mms-1b-all-aft-all-led
  Pushing model...
  Pushing processor...
  Pushing adapter weights...
  Pushing model card...
  Successfully pushed to: https://huggingface.co/anonymous/mms-1b-all-aft-all-led

============================================================
Training complete!
============================================================
Model saved to: /mmfs1/gscratch/scrubbed/anonymous_user/low-resource-asr/models/mms/led/all
Model pushed to: https://huggingface.co/anonymous/mms-1b-all-aft-all-led

==========================================
Training complete for led!
End time: Sun Mar  1 12:17:24 PST 2026
==========================================
