==========================================
MMS Adapter Fine-tuning on HPC
==========================================
Language: aln  Split: all (task 0 of 21)
Job ID: 33589037 (Array Job: 33589036)
Node: g3103
GPUs: 0
Start time: Sun Mar  1 08:53:42 PST 2026

Checking GPU availability...
CUDA available: True
GPU: NVIDIA L40S

Starting training for aln (split=all)...
============================================================
MMS Adapter Fine-tuning for aln (Gheg Albanian) split=all
============================================================
Output directory: /mmfs1/gscratch/scrubbed/anonymous_user/low-resource-asr/models/mms/aln/all
Device: cuda
Push to HF: True
HF Repo: anonymous/mms-1b-all-aft-all-aln

Loading data for aln (Gheg Albanian) split=all...
  Train: /mmfs1/gscratch/scrubbed/anonymous_user/low-resource-asr/data/mozilla_speech_data/aln/train-all_aln.tsv
  Val: /mmfs1/gscratch/scrubbed/anonymous_user/low-resource-asr/data/mozilla_speech_data/aln/validation_aln.tsv
  Train: 965 samples (6.39 h)
  Validation: 150 samples (1.45 h)

Building vocabulary...
  Vocabulary saved to /mmfs1/gscratch/scrubbed/anonymous_user/low-resource-asr/models/mms/aln/all/vocab.json (87 tokens)

Preparing datasets...
  Max audio length from CSV (p97.5 for aln): 38.86s
  Dropped 10 train, 24 val samples (over 38.86s).

Loading MMS model...
  Trainable parameters: 2,265,177 / 964,762,585 (0.23%)

Training configuration:
  Epochs: 15
  Batch size: 2
  Gradient accumulation: 8
  Effective batch size: 16
  Learning rate: 0.0001
  FP16: False, BF16: True

Starting training...
{'loss': '181.6', 'grad_norm': '256.6', 'learning_rate': '4.9e-05', 'epoch': '0.8368'}
{'loss': '96.93', 'grad_norm': '166.1', 'learning_rate': '9.9e-05', 'epoch': '1.669'}
{'eval_loss': '6.009', 'eval_wer': '0.9952', 'eval_cer': '0.9839', 'eval_runtime': '22.38', 'eval_samples_per_second': '5.629', 'eval_steps_per_second': '2.815', 'epoch': '1.669'}
{'loss': '45.9', 'grad_norm': '15.81', 'learning_rate': '9.388e-05', 'epoch': '2.502'}
{'loss': '33.86', 'grad_norm': '15.82', 'learning_rate': '8.763e-05', 'epoch': '3.335'}
{'eval_loss': '3.536', 'eval_wer': '0.9587', 'eval_cer': '0.8319', 'eval_runtime': '21.26', 'eval_samples_per_second': '5.926', 'eval_steps_per_second': '2.963', 'epoch': '3.335'}
{'loss': '32.78', 'grad_norm': '14.69', 'learning_rate': '8.137e-05', 'epoch': '4.167'}
{'loss': '31.89', 'grad_norm': '251.8', 'learning_rate': '7.512e-05', 'epoch': '5'}
{'eval_loss': '3.265', 'eval_wer': '0.962', 'eval_cer': '0.8352', 'eval_runtime': '21.65', 'eval_samples_per_second': '5.82', 'eval_steps_per_second': '2.91', 'epoch': '5'}
{'loss': '30.12', 'grad_norm': '20.81', 'learning_rate': '6.888e-05', 'epoch': '5.837'}
{'loss': '28.36', 'grad_norm': '23.09', 'learning_rate': '6.263e-05', 'epoch': '6.669'}
{'eval_loss': '3.182', 'eval_wer': '0.9636', 'eval_cer': '0.8732', 'eval_runtime': '21.5', 'eval_samples_per_second': '5.859', 'eval_steps_per_second': '2.93', 'epoch': '6.669'}
{'loss': '28.45', 'grad_norm': '13', 'learning_rate': '5.638e-05', 'epoch': '7.502'}
{'loss': '28.31', 'grad_norm': '15.54', 'learning_rate': '5.012e-05', 'epoch': '8.335'}
{'eval_loss': '3.104', 'eval_wer': '0.96', 'eval_cer': '0.8737', 'eval_runtime': '24.26', 'eval_samples_per_second': '5.194', 'eval_steps_per_second': '2.597', 'epoch': '8.335'}
{'loss': '27.1', 'grad_norm': '8.964', 'learning_rate': '4.388e-05', 'epoch': '9.167'}
{'loss': '27.33', 'grad_norm': '26.32', 'learning_rate': '3.762e-05', 'epoch': '10'}
{'eval_loss': '3.073', 'eval_wer': '0.9622', 'eval_cer': '0.8811', 'eval_runtime': '21.58', 'eval_samples_per_second': '5.84', 'eval_steps_per_second': '2.92', 'epoch': '10'}
{'loss': '27.19', 'grad_norm': '9.217', 'learning_rate': '3.137e-05', 'epoch': '10.84'}
{'loss': '25.62', 'grad_norm': '13', 'learning_rate': '2.512e-05', 'epoch': '11.67'}
{'eval_loss': '3.053', 'eval_wer': '0.9685', 'eval_cer': '0.9099', 'eval_runtime': '21.6', 'eval_samples_per_second': '5.833', 'eval_steps_per_second': '2.916', 'epoch': '11.67'}
{'loss': '26.83', 'grad_norm': '12.22', 'learning_rate': '1.888e-05', 'epoch': '12.5'}
{'loss': '27.32', 'grad_norm': '12.52', 'learning_rate': '1.263e-05', 'epoch': '13.33'}
{'eval_loss': '3.044', 'eval_wer': '0.9676', 'eval_cer': '0.91', 'eval_runtime': '21.76', 'eval_samples_per_second': '5.791', 'eval_steps_per_second': '2.896', 'epoch': '13.33'}
{'loss': '25.9', 'grad_norm': '8.432', 'learning_rate': '6.375e-06', 'epoch': '14.17'}
{'loss': '26.51', 'grad_norm': '29.57', 'learning_rate': '1.25e-07', 'epoch': '15'}
{'eval_loss': '3.039', 'eval_wer': '0.9658', 'eval_cer': '0.9031', 'eval_runtime': '21.88', 'eval_samples_per_second': '5.759', 'eval_steps_per_second': '2.879', 'epoch': '15'}
{'train_runtime': '3457', 'train_samples_per_second': '4.143', 'train_steps_per_second': '0.26', 'train_loss': '41.78', 'epoch': '15'}

Saving adapter weights...
  Adapter saved to: /mmfs1/gscratch/scrubbed/anonymous_user/low-resource-asr/models/mms/aln/all/adapter.aln.safetensors
  Saving full model...

Final evaluation (validation, greedy):
  Greedy WER: 0.9588
  Greedy CER: 0.8313

Evaluating on test set (greedy)...
  Test WER (greedy): 1.0766
  Test CER (greedy): 0.7600
  Transcriptions saved to: /mmfs1/gscratch/scrubbed/anonymous_user/low-resource-asr/results/transcriptions/transcriptions_mms_aln_all_20260301_085422.tsv

Building LM decoder...
  LM decoder: beam search with unigrams (no ARPA) (beam_width=100)

Final evaluation (validation, LM decoding)...
  LM WER: 1.1474
  LM CER: 0.7154

Evaluating on test set (LM decoding)...
  Test LM WER: 1.8375
  Test LM CER: 0.7706
  LM transcriptions saved to: /mmfs1/gscratch/scrubbed/anonymous_user/low-resource-asr/results/transcriptions/transcriptions_mms_lm_aln_all_20260301_085422.tsv
  Results saved to: /mmfs1/gscratch/scrubbed/anonymous_user/low-resource-asr/models/mms/aln/all/eval_results.json
  Training log saved to: /mmfs1/gscratch/scrubbed/anonymous_user/low-resource-asr/results/training_logs/mms_aft_all_aln_20260301_085422.log

Pushing to Hugging Face Hub: anonymous/mms-1b-all-aft-all-aln
  Pushing model...
  Pushing processor...
  Pushing adapter weights...
  Pushing model card...
  Successfully pushed to: https://huggingface.co/anonymous/mms-1b-all-aft-all-aln

============================================================
Training complete!
============================================================
Model saved to: /mmfs1/gscratch/scrubbed/anonymous_user/low-resource-asr/models/mms/aln/all
Model pushed to: https://huggingface.co/anonymous/mms-1b-all-aft-all-aln

==========================================
Training complete for aln!
End time: Sun Mar  1 10:01:43 PST 2026
==========================================
