==========================================
MMS Adapter Fine-tuning on Hyak
==========================================
Language: koo  Split: all (task 7 of 21)
Job ID: 33589943 (Array Job: 33589036)
Node: g3100
GPUs: 0
Start time: Sun Mar  1 10:48:01 PST 2026

Checking GPU availability...
CUDA available: True
GPU: NVIDIA L40S

Starting training for koo (split=all)...
============================================================
MMS Adapter Fine-tuning for koo (Konzo) split=all
============================================================
Output directory: /mmfs1/gscratch/scrubbed/vitthal1/low-resource-asr/models/mms/koo/all
Device: cuda
Push to HF: True
HF Repo: vitthalbhandari/mms-1b-all-aft-all-koo

Loading data for koo (Konzo) split=all...
  Train: /mmfs1/gscratch/scrubbed/vitthal1/low-resource-asr/data/mozilla_speech_data/koo/train-all_koo.tsv
  Val: /mmfs1/gscratch/scrubbed/vitthal1/low-resource-asr/data/mozilla_speech_data/koo/validation_koo.tsv
  Train: 1739 samples (7.83 h)
  Validation: 99 samples (0.59 h)

Building vocabulary...
  Vocabulary saved to /mmfs1/gscratch/scrubbed/vitthal1/low-resource-asr/models/mms/koo/all/vocab.json (58 tokens)

Preparing datasets...
  Max audio length from CSV (p97.5 for koo): 31.86s
  Dropped 35 train, 1 val samples (over 31.86s).

Loading MMS model...
  Trainable parameters: 2,228,028 / 964,725,436 (0.23%)

Training configuration:
  Epochs: 15
  Batch size: 2
  Gradient accumulation: 8
  Effective batch size: 16
  Learning rate: 0.0001
  FP16: False, BF16: True

Starting training...
{'loss': '230.3', 'grad_norm': '471.3', 'learning_rate': '4.9e-05', 'epoch': '0.4695'}
{'loss': '126.8', 'grad_norm': '60.55', 'learning_rate': '9.9e-05', 'epoch': '0.939'}
{'eval_loss': '4.799', 'eval_wer': '1', 'eval_cer': '0.9999', 'eval_runtime': '12.11', 'eval_samples_per_second': '8.096', 'eval_steps_per_second': '4.048', 'epoch': '0.939'}
{'loss': '67.63', 'grad_norm': '328', 'learning_rate': '9.674e-05', 'epoch': '1.404'}
{'loss': '42.74', 'grad_norm': '254.2', 'learning_rate': '9.342e-05', 'epoch': '1.873'}
{'eval_loss': '3.65', 'eval_wer': '1.007', 'eval_cer': '0.8921', 'eval_runtime': '11.13', 'eval_samples_per_second': '8.803', 'eval_steps_per_second': '4.401', 'epoch': '1.873'}
{'loss': '28.73', 'grad_norm': '38.87', 'learning_rate': '9.01e-05', 'epoch': '2.338'}
{'loss': '28.51', 'grad_norm': '42.97', 'learning_rate': '8.678e-05', 'epoch': '2.808'}
{'eval_loss': '3.372', 'eval_wer': '1.056', 'eval_cer': '0.8003', 'eval_runtime': '11.2', 'eval_samples_per_second': '8.747', 'eval_steps_per_second': '4.374', 'epoch': '2.808'}
{'loss': '26.79', 'grad_norm': '21.84', 'learning_rate': '8.346e-05', 'epoch': '3.272'}
{'loss': '26.48', 'grad_norm': '28.15', 'learning_rate': '8.013e-05', 'epoch': '3.742'}
{'eval_loss': '3.187', 'eval_wer': '1.083', 'eval_cer': '0.7529', 'eval_runtime': '11.19', 'eval_samples_per_second': '8.754', 'eval_steps_per_second': '4.377', 'epoch': '3.742'}
{'loss': '26.54', 'grad_norm': '10.39', 'learning_rate': '7.681e-05', 'epoch': '4.207'}
{'loss': '27.02', 'grad_norm': '8.941', 'learning_rate': '7.349e-05', 'epoch': '4.676'}
{'eval_loss': '3.143', 'eval_wer': '1.079', 'eval_cer': '0.7221', 'eval_runtime': '11.18', 'eval_samples_per_second': '8.765', 'eval_steps_per_second': '4.382', 'epoch': '4.676'}
{'loss': '24.94', 'grad_norm': '15.63', 'learning_rate': '7.017e-05', 'epoch': '5.141'}
{'loss': '25.69', 'grad_norm': '11.41', 'learning_rate': '6.684e-05', 'epoch': '5.61'}
{'eval_loss': '3.117', 'eval_wer': '1.079', 'eval_cer': '0.7267', 'eval_runtime': '11.23', 'eval_samples_per_second': '8.724', 'eval_steps_per_second': '4.362', 'epoch': '5.61'}
{'loss': '25.58', 'grad_norm': '16.12', 'learning_rate': '6.352e-05', 'epoch': '6.075'}
{'loss': '24.56', 'grad_norm': '10.78', 'learning_rate': '6.02e-05', 'epoch': '6.545'}
{'eval_loss': '3.095', 'eval_wer': '1.063', 'eval_cer': '0.7253', 'eval_runtime': '11.96', 'eval_samples_per_second': '8.191', 'eval_steps_per_second': '4.095', 'epoch': '6.545'}
{'loss': '25.85', 'grad_norm': '12.65', 'learning_rate': '5.688e-05', 'epoch': '7.009'}
{'loss': '24.26', 'grad_norm': '15.72', 'learning_rate': '5.355e-05', 'epoch': '7.479'}
{'eval_loss': '3.117', 'eval_wer': '1.085', 'eval_cer': '0.7074', 'eval_runtime': '11.29', 'eval_samples_per_second': '8.677', 'eval_steps_per_second': '4.339', 'epoch': '7.479'}
{'loss': '24.84', 'grad_norm': '8.384', 'learning_rate': '5.023e-05', 'epoch': '7.948'}
{'loss': '26.03', 'grad_norm': '13.92', 'learning_rate': '4.691e-05', 'epoch': '8.413'}
{'eval_loss': '3.047', 'eval_wer': '1.065', 'eval_cer': '0.7084', 'eval_runtime': '11.32', 'eval_samples_per_second': '8.661', 'eval_steps_per_second': '4.33', 'epoch': '8.413'}
{'loss': '24.75', 'grad_norm': '17.05', 'learning_rate': '4.359e-05', 'epoch': '8.883'}
{'loss': '23.38', 'grad_norm': '10.86', 'learning_rate': '4.027e-05', 'epoch': '9.347'}
{'eval_loss': '3.038', 'eval_wer': '1.024', 'eval_cer': '0.7778', 'eval_runtime': '12.18', 'eval_samples_per_second': '8.048', 'eval_steps_per_second': '4.024', 'epoch': '9.347'}
{'loss': '25.22', 'grad_norm': '10.66', 'learning_rate': '3.694e-05', 'epoch': '9.817'}
{'loss': '24.39', 'grad_norm': '8.161', 'learning_rate': '3.362e-05', 'epoch': '10.28'}
{'eval_loss': '3.015', 'eval_wer': '1.038', 'eval_cer': '0.7386', 'eval_runtime': '12.33', 'eval_samples_per_second': '7.947', 'eval_steps_per_second': '3.973', 'epoch': '10.28'}
{'loss': '24.83', 'grad_norm': '27.89', 'learning_rate': '3.03e-05', 'epoch': '10.75'}
{'loss': '22.78', 'grad_norm': '14.35', 'learning_rate': '2.698e-05', 'epoch': '11.22'}
{'eval_loss': '3.018', 'eval_wer': '1.014', 'eval_cer': '0.801', 'eval_runtime': '11.33', 'eval_samples_per_second': '8.646', 'eval_steps_per_second': '4.323', 'epoch': '11.22'}
{'loss': '24.38', 'grad_norm': '17.7', 'learning_rate': '2.365e-05', 'epoch': '11.69'}
{'loss': '24.17', 'grad_norm': '19.03', 'learning_rate': '2.033e-05', 'epoch': '12.15'}
{'eval_loss': '2.986', 'eval_wer': '1.017', 'eval_cer': '0.7987', 'eval_runtime': '11.5', 'eval_samples_per_second': '8.525', 'eval_steps_per_second': '4.262', 'epoch': '12.15'}
{'loss': '24.73', 'grad_norm': '13.24', 'learning_rate': '1.701e-05', 'epoch': '12.62'}
{'loss': '23.21', 'grad_norm': '12.36', 'learning_rate': '1.369e-05', 'epoch': '13.08'}
{'eval_loss': '2.984', 'eval_wer': '1.017', 'eval_cer': '0.7848', 'eval_runtime': '11.74', 'eval_samples_per_second': '8.346', 'eval_steps_per_second': '4.173', 'epoch': '13.08'}
{'loss': '23.8', 'grad_norm': '6.357', 'learning_rate': '1.037e-05', 'epoch': '13.55'}
{'loss': '24.14', 'grad_norm': '35.69', 'learning_rate': '7.043e-06', 'epoch': '14.02'}
{'eval_loss': '2.983', 'eval_wer': '1.016', 'eval_cer': '0.7893', 'eval_runtime': '12.16', 'eval_samples_per_second': '8.057', 'eval_steps_per_second': '4.029', 'epoch': '14.02'}
{'loss': '24.16', 'grad_norm': '26.55', 'learning_rate': '3.721e-06', 'epoch': '14.49'}
{'loss': '23.6', 'grad_norm': '19.37', 'learning_rate': '3.987e-07', 'epoch': '14.96'}
{'eval_loss': '2.975', 'eval_wer': '1.014', 'eval_cer': '0.7844', 'eval_runtime': '12.76', 'eval_samples_per_second': '7.683', 'eval_steps_per_second': '3.842', 'epoch': '14.96'}
{'train_runtime': '4368', 'train_samples_per_second': '5.851', 'train_steps_per_second': '0.367', 'train_loss': '36.54', 'epoch': '15'}

Saving adapter weights...
  Adapter saved to: /mmfs1/gscratch/scrubbed/vitthal1/low-resource-asr/models/mms/koo/all/adapter.koo.safetensors
  Saving full model...

Final evaluation (validation, greedy):
  Greedy WER: 1.0144
  Greedy CER: 0.7850

Evaluating on test set (greedy)...
  Test WER (greedy): 1.0239
  Test CER (greedy): 0.7574
  Transcriptions saved to: /mmfs1/gscratch/scrubbed/vitthal1/low-resource-asr/results/transcriptions/transcriptions_mms_koo_all_20260301_104848.tsv

Building LM decoder...
  LM decoder: beam search with unigrams (no ARPA) (beam_width=100)

Final evaluation (validation, LM decoding)...
  LM WER: 1.1022
  LM CER: 0.7369

Evaluating on test set (LM decoding)...
  Test LM WER: 1.1107
  Test LM CER: 0.7148
  LM transcriptions saved to: /mmfs1/gscratch/scrubbed/vitthal1/low-resource-asr/results/transcriptions/transcriptions_mms_lm_koo_all_20260301_104848.tsv
  Results saved to: /mmfs1/gscratch/scrubbed/vitthal1/low-resource-asr/models/mms/koo/all/eval_results.json
  Training log saved to: /mmfs1/gscratch/scrubbed/vitthal1/low-resource-asr/results/training_logs/mms_aft_all_koo_20260301_104848.log

Pushing to Hugging Face Hub: vitthalbhandari/mms-1b-all-aft-all-koo
  Pushing model...
  Pushing processor...
  Pushing adapter weights...
  Pushing model card...
  Successfully pushed to: https://huggingface.co/vitthalbhandari/mms-1b-all-aft-all-koo

============================================================
Training complete!
============================================================
Model saved to: /mmfs1/gscratch/scrubbed/vitthal1/low-resource-asr/models/mms/koo/all
Model pushed to: https://huggingface.co/vitthalbhandari/mms-1b-all-aft-all-koo

==========================================
Training complete for koo!
End time: Sun Mar  1 12:11:36 PST 2026
==========================================
