==========================================
MMS Adapter Fine-tuning on HPC
==========================================
Language: ukv  Split: all (task 20 of 21)
Job ID: 33589036 (Array Job: 33589036)
Node: g3123
GPUs: 0
Start time: Sun Mar  1 17:42:20 PST 2026

Checking GPU availability...
CUDA available: True
GPU: NVIDIA L40S

Starting training for ukv (split=all)...
============================================================
MMS Adapter Fine-tuning for ukv (Kuku) split=all
============================================================
Output directory: /mmfs1/gscratch/scrubbed/anonymous_user/low-resource-asr/models/mms/ukv/all
Device: cuda
Push to HF: True
HF Repo: anonymous/mms-1b-all-aft-all-ukv

Loading data for ukv (Kuku) split=all...
  Train: /mmfs1/gscratch/scrubbed/anonymous_user/low-resource-asr/data/mozilla_speech_data/ukv/train-all_ukv.tsv
  Val: /mmfs1/gscratch/scrubbed/anonymous_user/low-resource-asr/data/mozilla_speech_data/ukv/validation_ukv.tsv
  Train: 1505 samples (7.21 h)
  Validation: 142 samples (0.65 h)

Building vocabulary...
  Vocabulary saved to /mmfs1/gscratch/scrubbed/anonymous_user/low-resource-asr/models/mms/ukv/all/vocab.json (61 tokens)

Preparing datasets...
  Max audio length from CSV (p97.5 for ukv): 33.85s
  Dropped 37 train, 0 val samples (over 33.85s).

Loading MMS model...
  Trainable parameters: 2,231,871 / 964,729,279 (0.23%)

Training configuration:
  Epochs: 15
  Batch size: 2
  Gradient accumulation: 8
  Effective batch size: 16
  Learning rate: 0.0001
  FP16: False, BF16: True

Starting training...
{'loss': '134.8', 'grad_norm': '656.7', 'learning_rate': '4.9e-05', 'epoch': '0.545'}
{'loss': '60.65', 'grad_norm': '22.44', 'learning_rate': '9.9e-05', 'epoch': '1.087'}
{'eval_loss': '4.699', 'eval_wer': '0.9723', 'eval_cer': '0.9858', 'eval_runtime': '20.04', 'eval_samples_per_second': '7.085', 'eval_steps_per_second': '3.543', 'epoch': '1.087'}
{'loss': '33.92', 'grad_norm': '15.27', 'learning_rate': '9.617e-05', 'epoch': '1.632'}
{'loss': '29.56', 'grad_norm': '16.43', 'learning_rate': '9.227e-05', 'epoch': '2.174'}
{'eval_loss': '3.61', 'eval_wer': '0.947', 'eval_cer': '0.8387', 'eval_runtime': '19.66', 'eval_samples_per_second': '7.222', 'eval_steps_per_second': '3.611', 'epoch': '2.174'}
{'loss': '29.35', 'grad_norm': '19.2', 'learning_rate': '8.836e-05', 'epoch': '2.719'}
{'loss': '27.21', 'grad_norm': '16.63', 'learning_rate': '8.445e-05', 'epoch': '3.262'}
{'eval_loss': '3.419', 'eval_wer': '0.9505', 'eval_cer': '0.8073', 'eval_runtime': '19.73', 'eval_samples_per_second': '7.198', 'eval_steps_per_second': '3.599', 'epoch': '3.262'}
{'loss': '26.92', 'grad_norm': '21.57', 'learning_rate': '8.055e-05', 'epoch': '3.807'}
{'loss': '26.59', 'grad_norm': '10.45', 'learning_rate': '7.664e-05', 'epoch': '4.349'}
{'eval_loss': '3.346', 'eval_wer': '0.9478', 'eval_cer': '0.8119', 'eval_runtime': '19.71', 'eval_samples_per_second': '7.204', 'eval_steps_per_second': '3.602', 'epoch': '4.349'}
{'loss': '26.91', 'grad_norm': '12.41', 'learning_rate': '7.273e-05', 'epoch': '4.894'}
{'loss': '25.39', 'grad_norm': '24.78', 'learning_rate': '6.883e-05', 'epoch': '5.436'}
{'eval_loss': '3.225', 'eval_wer': '0.9475', 'eval_cer': '0.8113', 'eval_runtime': '19.84', 'eval_samples_per_second': '7.157', 'eval_steps_per_second': '3.578', 'epoch': '5.436'}
{'loss': '25.61', 'grad_norm': '13.42', 'learning_rate': '6.492e-05', 'epoch': '5.981'}
{'loss': '24.75', 'grad_norm': '12.44', 'learning_rate': '6.102e-05', 'epoch': '6.523'}
{'eval_loss': '3.172', 'eval_wer': '0.9575', 'eval_cer': '0.8406', 'eval_runtime': '19.85', 'eval_samples_per_second': '7.152', 'eval_steps_per_second': '3.576', 'epoch': '6.523'}
{'loss': '25.43', 'grad_norm': '10.42', 'learning_rate': '5.711e-05', 'epoch': '7.065'}
{'loss': '24.72', 'grad_norm': '59.86', 'learning_rate': '5.32e-05', 'epoch': '7.61'}
{'eval_loss': '3.053', 'eval_wer': '0.9672', 'eval_cer': '0.7749', 'eval_runtime': '20', 'eval_samples_per_second': '7.101', 'eval_steps_per_second': '3.551', 'epoch': '7.61'}
{'loss': '23.64', 'grad_norm': '22.5', 'learning_rate': '4.93e-05', 'epoch': '8.153'}
{'loss': '22.3', 'grad_norm': '32.95', 'learning_rate': '4.539e-05', 'epoch': '8.698'}
{'eval_loss': '2.216', 'eval_wer': '0.9949', 'eval_cer': '0.6424', 'eval_runtime': '19.94', 'eval_samples_per_second': '7.121', 'eval_steps_per_second': '3.561', 'epoch': '8.698'}
{'loss': '16.32', 'grad_norm': '27.73', 'learning_rate': '4.148e-05', 'epoch': '9.24'}
{'loss': '9.681', 'grad_norm': '8.73', 'learning_rate': '3.758e-05', 'epoch': '9.785'}
{'eval_loss': '0.9394', 'eval_wer': '0.8209', 'eval_cer': '0.2518', 'eval_runtime': '20.02', 'eval_samples_per_second': '7.094', 'eval_steps_per_second': '3.547', 'epoch': '9.785'}
{'loss': '8.28', 'grad_norm': '4.937', 'learning_rate': '3.367e-05', 'epoch': '10.33'}
{'loss': '8.033', 'grad_norm': '7.109', 'learning_rate': '2.977e-05', 'epoch': '10.87'}
{'eval_loss': '0.8298', 'eval_wer': '0.7631', 'eval_cer': '0.2267', 'eval_runtime': '19.97', 'eval_samples_per_second': '7.111', 'eval_steps_per_second': '3.556', 'epoch': '10.87'}
{'loss': '7.519', 'grad_norm': '14.13', 'learning_rate': '2.586e-05', 'epoch': '11.41'}
{'loss': '7.254', 'grad_norm': '9.22', 'learning_rate': '2.195e-05', 'epoch': '11.96'}
{'eval_loss': '0.783', 'eval_wer': '0.7071', 'eval_cer': '0.2084', 'eval_runtime': '20.13', 'eval_samples_per_second': '7.056', 'eval_steps_per_second': '3.528', 'epoch': '11.96'}
{'loss': '7.066', 'grad_norm': '4.702', 'learning_rate': '1.805e-05', 'epoch': '12.5'}
{'loss': '6.958', 'grad_norm': '4.706', 'learning_rate': '1.414e-05', 'epoch': '13.04'}
{'eval_loss': '0.7448', 'eval_wer': '0.664', 'eval_cer': '0.1973', 'eval_runtime': '20.09', 'eval_samples_per_second': '7.069', 'eval_steps_per_second': '3.534', 'epoch': '13.04'}
{'loss': '6.993', 'grad_norm': '5.152', 'learning_rate': '1.023e-05', 'epoch': '13.59'}
{'loss': '6.648', 'grad_norm': '7.864', 'learning_rate': '6.328e-06', 'epoch': '14.13'}
{'eval_loss': '0.7295', 'eval_wer': '0.6384', 'eval_cer': '0.1921', 'eval_runtime': '20.23', 'eval_samples_per_second': '7.02', 'eval_steps_per_second': '3.51', 'epoch': '14.13'}
{'loss': '6.552', 'grad_norm': '5.766', 'learning_rate': '2.422e-06', 'epoch': '14.68'}
{'train_runtime': '6191', 'train_samples_per_second': '3.557', 'train_steps_per_second': '0.223', 'train_loss': '24.02', 'epoch': '15'}

Saving adapter weights...
  Adapter saved to: /mmfs1/gscratch/scrubbed/anonymous_user/low-resource-asr/models/mms/ukv/all/adapter.ukv.safetensors
  Saving full model...

Final evaluation (validation, greedy):
  Greedy WER: 0.6648
  Greedy CER: 0.1975

Evaluating on test set (greedy)...
  Test WER (greedy): 0.6021
  Test CER (greedy): 0.1729
  Transcriptions saved to: /mmfs1/gscratch/scrubbed/anonymous_user/low-resource-asr/results/transcriptions/transcriptions_mms_ukv_all_20260301_174814.tsv

Building LM decoder...
  LM decoder: beam search with unigrams (no ARPA) (beam_width=100)

Final evaluation (validation, LM decoding)...
  LM WER: 0.6427
  LM CER: 0.1916

Evaluating on test set (LM decoding)...
  Test LM WER: 0.5869
  Test LM CER: 0.1685
  LM transcriptions saved to: /mmfs1/gscratch/scrubbed/anonymous_user/low-resource-asr/results/transcriptions/transcriptions_mms_lm_ukv_all_20260301_174814.tsv
  Results saved to: /mmfs1/gscratch/scrubbed/anonymous_user/low-resource-asr/models/mms/ukv/all/eval_results.json
  Training log saved to: /mmfs1/gscratch/scrubbed/anonymous_user/low-resource-asr/results/training_logs/mms_aft_all_ukv_20260301_174814.log

Pushing to Hugging Face Hub: anonymous/mms-1b-all-aft-all-ukv
  Pushing model...
  Pushing processor...
  Pushing adapter weights...
  Pushing model card...
  Successfully pushed to: https://huggingface.co/anonymous/mms-1b-all-aft-all-ukv

============================================================
Training complete!
============================================================
Model saved to: /mmfs1/gscratch/scrubbed/anonymous_user/low-resource-asr/models/mms/ukv/all
Model pushed to: https://huggingface.co/anonymous/mms-1b-all-aft-all-ukv

==========================================
Training complete for ukv!
End time: Sun Mar  1 19:47:29 PST 2026
==========================================
