==========================================
MMS Adapter Fine-tuning on Hyak
==========================================
Language: ttj  Split: all (task 19 of 21)
Job ID: 33593952 (Array Job: 33589036)
Node: g3103
GPUs: 0
Start time: Sun Mar  1 16:24:21 PST 2026

Checking GPU availability...
CUDA available: True
GPU: NVIDIA L40S

Starting training for ttj (split=all)...
============================================================
MMS Adapter Fine-tuning for ttj (Rutoro) split=all
============================================================
Output directory: /mmfs1/gscratch/scrubbed/vitthal1/low-resource-asr/models/mms/ttj/all
Device: cuda
Push to HF: True
HF Repo: vitthalbhandari/mms-1b-all-aft-all-ttj

Loading data for ttj (Rutoro) split=all...
  Train: /mmfs1/gscratch/scrubbed/vitthal1/low-resource-asr/data/mozilla_speech_data/ttj/train-all_ttj.tsv
  Val: /mmfs1/gscratch/scrubbed/vitthal1/low-resource-asr/data/mozilla_speech_data/ttj/validation_ttj.tsv
  Train: 1436 samples (7.26 h)
  Validation: 156 samples (0.92 h)

Building vocabulary...
  Vocabulary saved to /mmfs1/gscratch/scrubbed/vitthal1/low-resource-asr/models/mms/ttj/all/vocab.json (58 tokens)

Preparing datasets...
  Max audio length from CSV (p97.5 for ttj): 32.31s
  Dropped 11 train, 8 val samples (over 32.31s).

Loading MMS model...
  Trainable parameters: 2,228,028 / 964,725,436 (0.23%)

Training configuration:
  Epochs: 15
  Batch size: 2
  Gradient accumulation: 8
  Effective batch size: 16
  Learning rate: 0.0001
  FP16: False, BF16: True

Starting training...
{'loss': '117.8', 'grad_norm': '569.3', 'learning_rate': '4.9e-05', 'epoch': '0.561'}
{'loss': '62.26', 'grad_norm': '24.11', 'learning_rate': '9.9e-05', 'epoch': '1.112'}
{'eval_loss': '4.498', 'eval_wer': '1', 'eval_cer': '0.9977', 'eval_runtime': '23.32', 'eval_samples_per_second': '6.347', 'eval_steps_per_second': '3.173', 'epoch': '1.112'}
{'loss': '40.34', 'grad_norm': '15.13', 'learning_rate': '9.608e-05', 'epoch': '1.673'}
{'loss': '41.95', 'grad_norm': '10.87', 'learning_rate': '9.208e-05', 'epoch': '2.224'}
{'eval_loss': '3.267', 'eval_wer': '1.022', 'eval_cer': '0.7603', 'eval_runtime': '20.12', 'eval_samples_per_second': '7.356', 'eval_steps_per_second': '3.678', 'epoch': '2.224'}
{'loss': '29.9', 'grad_norm': '12.49', 'learning_rate': '8.808e-05', 'epoch': '2.785'}
{'loss': '18.22', 'grad_norm': '11', 'learning_rate': '8.408e-05', 'epoch': '3.337'}
{'eval_loss': '1.278', 'eval_wer': '0.776', 'eval_cer': '0.166', 'eval_runtime': '19.52', 'eval_samples_per_second': '7.581', 'eval_steps_per_second': '3.79', 'epoch': '3.337'}
{'loss': '10.64', 'grad_norm': '6.117', 'learning_rate': '8.008e-05', 'epoch': '3.898'}
{'loss': '6.066', 'grad_norm': '4.247', 'learning_rate': '7.608e-05', 'epoch': '4.449'}
{'eval_loss': '0.3591', 'eval_wer': '0.4224', 'eval_cer': '0.07607', 'eval_runtime': '21.19', 'eval_samples_per_second': '6.986', 'eval_steps_per_second': '3.493', 'epoch': '4.449'}
{'loss': '4.134', 'grad_norm': '1.088', 'learning_rate': '7.208e-05', 'epoch': '5'}
{'loss': '3.822', 'grad_norm': '4.294', 'learning_rate': '6.808e-05', 'epoch': '5.561'}
{'eval_loss': '0.2958', 'eval_wer': '0.3852', 'eval_cer': '0.06848', 'eval_runtime': '16.1', 'eval_samples_per_second': '9.192', 'eval_steps_per_second': '4.596', 'epoch': '5.561'}
{'loss': '3.752', 'grad_norm': '9.146', 'learning_rate': '6.408e-05', 'epoch': '6.112'}
{'loss': '3.268', 'grad_norm': '8.478', 'learning_rate': '6.008e-05', 'epoch': '6.673'}
{'eval_loss': '0.2724', 'eval_wer': '0.3685', 'eval_cer': '0.06376', 'eval_runtime': '16.17', 'eval_samples_per_second': '9.152', 'eval_steps_per_second': '4.576', 'epoch': '6.673'}
{'loss': '3.36', 'grad_norm': '5.064', 'learning_rate': '5.608e-05', 'epoch': '7.224'}
{'loss': '3.28', 'grad_norm': '4.847', 'learning_rate': '5.208e-05', 'epoch': '7.785'}
{'eval_loss': '0.262', 'eval_wer': '0.3598', 'eval_cer': '0.06201', 'eval_runtime': '16.32', 'eval_samples_per_second': '9.067', 'eval_steps_per_second': '4.534', 'epoch': '7.785'}
{'loss': '3.205', 'grad_norm': '3.019', 'learning_rate': '4.808e-05', 'epoch': '8.337'}
{'loss': '3.117', 'grad_norm': '3.045', 'learning_rate': '4.408e-05', 'epoch': '8.898'}
{'eval_loss': '0.2573', 'eval_wer': '0.3555', 'eval_cer': '0.06125', 'eval_runtime': '16.33', 'eval_samples_per_second': '9.061', 'eval_steps_per_second': '4.531', 'epoch': '8.898'}
{'loss': '3.045', 'grad_norm': '2.551', 'learning_rate': '4.008e-05', 'epoch': '9.449'}
{'loss': '3.06', 'grad_norm': '15.95', 'learning_rate': '3.608e-05', 'epoch': '10'}
{'eval_loss': '0.2533', 'eval_wer': '0.3543', 'eval_cer': '0.06091', 'eval_runtime': '16.39', 'eval_samples_per_second': '9.032', 'eval_steps_per_second': '4.516', 'epoch': '10'}
{'loss': '3.07', 'grad_norm': '3.483', 'learning_rate': '3.208e-05', 'epoch': '10.56'}
{'loss': '2.92', 'grad_norm': '8.487', 'learning_rate': '2.808e-05', 'epoch': '11.11'}
{'eval_loss': '0.2512', 'eval_wer': '0.3502', 'eval_cer': '0.06033', 'eval_runtime': '16.62', 'eval_samples_per_second': '8.904', 'eval_steps_per_second': '4.452', 'epoch': '11.11'}
{'loss': '2.925', 'grad_norm': '4.241', 'learning_rate': '2.408e-05', 'epoch': '11.67'}
{'loss': '2.96', 'grad_norm': '5.372', 'learning_rate': '2.008e-05', 'epoch': '12.22'}
{'eval_loss': '0.2494', 'eval_wer': '0.3516', 'eval_cer': '0.06036', 'eval_runtime': '16.51', 'eval_samples_per_second': '8.967', 'eval_steps_per_second': '4.483', 'epoch': '12.22'}
{'loss': '2.913', 'grad_norm': '2.931', 'learning_rate': '1.608e-05', 'epoch': '12.79'}
{'loss': '2.966', 'grad_norm': '53.01', 'learning_rate': '1.208e-05', 'epoch': '13.34'}
{'eval_loss': '0.2478', 'eval_wer': '0.3497', 'eval_cer': '0.06017', 'eval_runtime': '16.5', 'eval_samples_per_second': '8.968', 'eval_steps_per_second': '4.484', 'epoch': '13.34'}
{'loss': '2.812', 'grad_norm': '2.5', 'learning_rate': '8.08e-06', 'epoch': '13.9'}
{'loss': '2.87', 'grad_norm': '3.511', 'learning_rate': '4.08e-06', 'epoch': '14.45'}
{'eval_loss': '0.2476', 'eval_wer': '0.3511', 'eval_cer': '0.0603', 'eval_runtime': '16.6', 'eval_samples_per_second': '8.915', 'eval_steps_per_second': '4.457', 'epoch': '14.45'}
{'loss': '2.924', 'grad_norm': '1.061', 'learning_rate': '8e-08', 'epoch': '15'}
{'train_runtime': '4062', 'train_samples_per_second': '5.262', 'train_steps_per_second': '0.332', 'train_loss': '14.36', 'epoch': '15'}

Saving adapter weights...
  Adapter saved to: /mmfs1/gscratch/scrubbed/vitthal1/low-resource-asr/models/mms/ttj/all/adapter.ttj.safetensors
  Saving full model...

Final evaluation (validation, greedy):
  Greedy WER: 0.3507
  Greedy CER: 0.0603

Evaluating on test set (greedy)...
  Test WER (greedy): 0.3287
  Test CER (greedy): 0.0579
  Transcriptions saved to: /mmfs1/gscratch/scrubbed/vitthal1/low-resource-asr/results/transcriptions/transcriptions_mms_ttj_all_20260301_162506.tsv

Building LM decoder...
  LM decoder: beam search with unigrams (no ARPA) (beam_width=100)

Final evaluation (validation, LM decoding)...
  LM WER: 0.3470
  LM CER: 0.0612

Evaluating on test set (LM decoding)...
  Test LM WER: 0.3216
  Test LM CER: 0.0599
  LM transcriptions saved to: /mmfs1/gscratch/scrubbed/vitthal1/low-resource-asr/results/transcriptions/transcriptions_mms_lm_ttj_all_20260301_162506.tsv
  Results saved to: /mmfs1/gscratch/scrubbed/vitthal1/low-resource-asr/models/mms/ttj/all/eval_results.json
  Training log saved to: /mmfs1/gscratch/scrubbed/vitthal1/low-resource-asr/results/training_logs/mms_aft_all_ttj_20260301_162506.log

Pushing to Hugging Face Hub: vitthalbhandari/mms-1b-all-aft-all-ttj
  Pushing model...
  Pushing processor...
  Pushing adapter weights...
  Pushing model card...
  Successfully pushed to: https://huggingface.co/vitthalbhandari/mms-1b-all-aft-all-ttj

============================================================
Training complete!
============================================================
Model saved to: /mmfs1/gscratch/scrubbed/vitthal1/low-resource-asr/models/mms/ttj/all
Model pushed to: https://huggingface.co/vitthalbhandari/mms-1b-all-aft-all-ttj

==========================================
Training complete for ttj!
End time: Sun Mar  1 17:41:32 PST 2026
==========================================
