==========================================
MMS Adapter Fine-tuning on Hyak
==========================================
Language: cgg  Split: all (task 3 of 21)
Job ID: 33589106 (Array Job: 33589036)
Node: g3113
GPUs: 0
Start time: Sun Mar  1 09:36:51 PST 2026

Checking GPU availability...
CUDA available: True
GPU: NVIDIA L40S

Starting training for cgg (split=all)...
============================================================
MMS Adapter Fine-tuning for cgg (Chiga) split=all
============================================================
Output directory: /mmfs1/gscratch/scrubbed/vitthal1/low-resource-asr/models/mms/cgg/all
Device: cuda
Push to HF: True
HF Repo: vitthalbhandari/mms-1b-all-aft-all-cgg

Loading data for cgg (Chiga) split=all...
  Train: /mmfs1/gscratch/scrubbed/vitthal1/low-resource-asr/data/mozilla_speech_data/cgg/train-all_cgg.tsv
  Val: /mmfs1/gscratch/scrubbed/vitthal1/low-resource-asr/data/mozilla_speech_data/cgg/validation_cgg.tsv
  Train: 1769 samples (7.02 h)
  Validation: 308 samples (0.99 h)

Building vocabulary...
  Vocabulary saved to /mmfs1/gscratch/scrubbed/vitthal1/low-resource-asr/models/mms/cgg/all/vocab.json (59 tokens)

Preparing datasets...
  Max audio length from CSV (p97.5 for cgg): 34.11s
  Dropped 49 train, 0 val samples (over 34.11s).

Loading MMS model...
  Trainable parameters: 2,229,309 / 964,726,717 (0.23%)

Training configuration:
  Epochs: 15
  Batch size: 2
  Gradient accumulation: 8
  Effective batch size: 16
  Learning rate: 0.0001
  FP16: False, BF16: True

Starting training...
{'loss': '123.4', 'grad_norm': '716', 'learning_rate': '4.9e-05', 'epoch': '0.4651'}
{'loss': '49.77', 'grad_norm': '16.23', 'learning_rate': '9.9e-05', 'epoch': '0.9302'}
{'eval_loss': '2.942', 'eval_wer': '1', 'eval_cer': '0.999', 'eval_runtime': '20.03', 'eval_samples_per_second': '15.38', 'eval_steps_per_second': '7.69', 'epoch': '0.9302'}
{'loss': '15.68', 'grad_norm': '7.306', 'learning_rate': '9.678e-05', 'epoch': '1.391'}
{'loss': '6.708', 'grad_norm': '4.166', 'learning_rate': '9.349e-05', 'epoch': '1.856'}
{'eval_loss': '0.6693', 'eval_wer': '0.6821', 'eval_cer': '0.1536', 'eval_runtime': '19.99', 'eval_samples_per_second': '15.4', 'eval_steps_per_second': '7.703', 'epoch': '1.856'}
{'loss': '5.698', 'grad_norm': '3.297', 'learning_rate': '9.02e-05', 'epoch': '2.316'}
{'loss': '5.201', 'grad_norm': '3.006', 'learning_rate': '8.691e-05', 'epoch': '2.781'}
{'eval_loss': '0.5459', 'eval_wer': '0.5995', 'eval_cer': '0.1298', 'eval_runtime': '20.11', 'eval_samples_per_second': '15.32', 'eval_steps_per_second': '7.659', 'epoch': '2.781'}
{'loss': '4.567', 'grad_norm': '40.49', 'learning_rate': '8.362e-05', 'epoch': '3.242'}
{'loss': '4.534', 'grad_norm': '4.89', 'learning_rate': '8.033e-05', 'epoch': '3.707'}
{'eval_loss': '0.4916', 'eval_wer': '0.5366', 'eval_cer': '0.1166', 'eval_runtime': '20.91', 'eval_samples_per_second': '14.73', 'eval_steps_per_second': '7.365', 'epoch': '3.707'}
{'loss': '4.289', 'grad_norm': '4.479', 'learning_rate': '7.704e-05', 'epoch': '4.167'}
{'loss': '4.23', 'grad_norm': '3.29', 'learning_rate': '7.375e-05', 'epoch': '4.633'}
{'eval_loss': '0.4663', 'eval_wer': '0.5238', 'eval_cer': '0.1128', 'eval_runtime': '20.09', 'eval_samples_per_second': '15.34', 'eval_steps_per_second': '7.667', 'epoch': '4.633'}
{'loss': '4.394', 'grad_norm': '4.681', 'learning_rate': '7.046e-05', 'epoch': '5.093'}
{'loss': '4.017', 'grad_norm': '3.582', 'learning_rate': '6.717e-05', 'epoch': '5.558'}
{'eval_loss': '0.4523', 'eval_wer': '0.5145', 'eval_cer': '0.1116', 'eval_runtime': '21.19', 'eval_samples_per_second': '14.54', 'eval_steps_per_second': '7.267', 'epoch': '5.558'}
{'loss': '4.049', 'grad_norm': '3.568', 'learning_rate': '6.388e-05', 'epoch': '6.019'}
{'loss': '3.934', 'grad_norm': '8.934', 'learning_rate': '6.059e-05', 'epoch': '6.484'}
{'eval_loss': '0.4435', 'eval_wer': '0.5099', 'eval_cer': '0.1102', 'eval_runtime': '20.13', 'eval_samples_per_second': '15.3', 'eval_steps_per_second': '7.649', 'epoch': '6.484'}
{'loss': '3.952', 'grad_norm': '44.35', 'learning_rate': '5.73e-05', 'epoch': '6.949'}
{'loss': '3.898', 'grad_norm': '4.436', 'learning_rate': '5.401e-05', 'epoch': '7.409'}
{'eval_loss': '0.4369', 'eval_wer': '0.5018', 'eval_cer': '0.1088', 'eval_runtime': '20.27', 'eval_samples_per_second': '15.2', 'eval_steps_per_second': '7.598', 'epoch': '7.409'}
{'loss': '3.914', 'grad_norm': '3.945', 'learning_rate': '5.072e-05', 'epoch': '7.874'}
{'loss': '3.857', 'grad_norm': '3.532', 'learning_rate': '4.743e-05', 'epoch': '8.335'}
{'eval_loss': '0.4322', 'eval_wer': '0.4949', 'eval_cer': '0.1075', 'eval_runtime': '20.15', 'eval_samples_per_second': '15.29', 'eval_steps_per_second': '7.643', 'epoch': '8.335'}
{'loss': '3.86', 'grad_norm': '6.055', 'learning_rate': '4.414e-05', 'epoch': '8.8'}
{'loss': '3.91', 'grad_norm': '9.383', 'learning_rate': '4.086e-05', 'epoch': '9.26'}
{'eval_loss': '0.4278', 'eval_wer': '0.4953', 'eval_cer': '0.1072', 'eval_runtime': '20.25', 'eval_samples_per_second': '15.21', 'eval_steps_per_second': '7.604', 'epoch': '9.26'}
{'loss': '3.722', 'grad_norm': '7.77', 'learning_rate': '3.757e-05', 'epoch': '9.726'}
{'loss': '3.83', 'grad_norm': '51.18', 'learning_rate': '3.428e-05', 'epoch': '10.19'}
{'eval_loss': '0.4248', 'eval_wer': '0.4903', 'eval_cer': '0.1065', 'eval_runtime': '21.09', 'eval_samples_per_second': '14.6', 'eval_steps_per_second': '7.302', 'epoch': '10.19'}
{'loss': '3.81', 'grad_norm': '11.61', 'learning_rate': '3.099e-05', 'epoch': '10.65'}
{'loss': '3.558', 'grad_norm': '8.439', 'learning_rate': '2.77e-05', 'epoch': '11.11'}
{'eval_loss': '0.4228', 'eval_wer': '0.4878', 'eval_cer': '0.1058', 'eval_runtime': '20.25', 'eval_samples_per_second': '15.21', 'eval_steps_per_second': '7.604', 'epoch': '11.11'}
{'loss': '3.77', 'grad_norm': '3.692', 'learning_rate': '2.441e-05', 'epoch': '11.58'}
{'loss': '3.664', 'grad_norm': '11.25', 'learning_rate': '2.112e-05', 'epoch': '12.04'}
{'eval_loss': '0.4211', 'eval_wer': '0.4855', 'eval_cer': '0.1054', 'eval_runtime': '23.41', 'eval_samples_per_second': '13.15', 'eval_steps_per_second': '6.577', 'epoch': '12.04'}
{'loss': '3.577', 'grad_norm': '11.36', 'learning_rate': '1.783e-05', 'epoch': '12.5'}
{'loss': '3.837', 'grad_norm': '7.89', 'learning_rate': '1.454e-05', 'epoch': '12.97'}
{'eval_loss': '0.4193', 'eval_wer': '0.4853', 'eval_cer': '0.105', 'eval_runtime': '20.3', 'eval_samples_per_second': '15.18', 'eval_steps_per_second': '7.588', 'epoch': '12.97'}
{'loss': '3.836', 'grad_norm': '3.884', 'learning_rate': '1.125e-05', 'epoch': '13.43'}
{'loss': '3.522', 'grad_norm': '7.294', 'learning_rate': '7.961e-06', 'epoch': '13.89'}
{'eval_loss': '0.4184', 'eval_wer': '0.483', 'eval_cer': '0.1045', 'eval_runtime': '21.11', 'eval_samples_per_second': '14.59', 'eval_steps_per_second': '7.295', 'epoch': '13.89'}
{'loss': '3.755', 'grad_norm': '26.13', 'learning_rate': '4.671e-06', 'epoch': '14.35'}
{'loss': '3.692', 'grad_norm': '3.148', 'learning_rate': '1.382e-06', 'epoch': '14.82'}
{'eval_loss': '0.418', 'eval_wer': '0.4826', 'eval_cer': '0.1048', 'eval_runtime': '20.2', 'eval_samples_per_second': '15.25', 'eval_steps_per_second': '7.625', 'epoch': '14.82'}
{'train_runtime': '4328', 'train_samples_per_second': '5.961', 'train_steps_per_second': '0.374', 'train_loss': '9.562', 'epoch': '15'}

Saving adapter weights...
  Adapter saved to: /mmfs1/gscratch/scrubbed/vitthal1/low-resource-asr/models/mms/cgg/all/adapter.cgg.safetensors
  Saving full model...

Final evaluation (validation, greedy):
  Greedy WER: 0.4830
  Greedy CER: 0.1049

Evaluating on test set (greedy)...
  Test WER (greedy): 0.5256
  Test CER (greedy): 0.1313
  Transcriptions saved to: /mmfs1/gscratch/scrubbed/vitthal1/low-resource-asr/results/transcriptions/transcriptions_mms_cgg_all_20260301_093732.tsv

Building LM decoder...
  LM decoder: beam search with unigrams (no ARPA) (beam_width=100)

Final evaluation (validation, LM decoding)...
  LM WER: 0.4701
  LM CER: 0.1027

Evaluating on test set (LM decoding)...
  Test LM WER: 0.5226
  Test LM CER: 0.1305
  LM transcriptions saved to: /mmfs1/gscratch/scrubbed/vitthal1/low-resource-asr/results/transcriptions/transcriptions_mms_lm_cgg_all_20260301_093732.tsv
  Results saved to: /mmfs1/gscratch/scrubbed/vitthal1/low-resource-asr/models/mms/cgg/all/eval_results.json
  Training log saved to: /mmfs1/gscratch/scrubbed/vitthal1/low-resource-asr/results/training_logs/mms_aft_all_cgg_20260301_093732.log

Pushing to Hugging Face Hub: vitthalbhandari/mms-1b-all-aft-all-cgg
  Pushing model...
  Pushing processor...
  Pushing adapter weights...
  Pushing model card...
  Successfully pushed to: https://huggingface.co/vitthalbhandari/mms-1b-all-aft-all-cgg

============================================================
Training complete!
============================================================
Model saved to: /mmfs1/gscratch/scrubbed/vitthal1/low-resource-asr/models/mms/cgg/all
Model pushed to: https://huggingface.co/vitthalbhandari/mms-1b-all-aft-all-cgg

==========================================
Training complete for cgg!
End time: Sun Mar  1 10:56:59 PST 2026
==========================================
